Archive member included to satisfy reference by file (symbol)

../../lib/libcircle.a(actled.o)
                              kernel.o (CActLED::Off())
../../lib/libcircle.a(devicenameservice.o)
                              kernel.o (CDeviceNameService::CDeviceNameService())
../../lib/libcircle.a(gpiopin.o)
                              ../../lib/libcircle.a(actled.o) (CGPIOPin::CGPIOPin(unsigned int, TGPIOMode, CGPIOManager*))
../../lib/libcircle.a(koptions.o)
                              kernel.o (CKernelOptions::~CKernelOptions())
../../lib/libcircle.a(machineinfo.o)
                              ../../lib/libcircle.a(actled.o) (CMachineInfo::GetActLEDInfo() const)
../../lib/libcircle.a(screen.o)
                              kernel.o (CScreenDevice::CScreenDevice(unsigned int, unsigned int, bool))
../../lib/libcircle.a(string.o)
                              ../../lib/libcircle.a(devicenameservice.o) (CString::~CString())
../../lib/libcircle.a(sysinit.o)
                              main.o (halt)
../../lib/libcircle.a(timer.o)
                              ../../lib/libcircle.a(actled.o) (CTimer::SimpleMsDelay(unsigned int))
../../lib/libcircle.a(util.o)
                              ../../lib/libcircle.a(screen.o) (memset)
../../lib/libcircle.a(util_fast.o)
                              ../../lib/libcircle.a(screen.o) (memcpy)
../../lib/libcircle.a(virtualgpiopin.o)
                              ../../lib/libcircle.a(actled.o) (CVirtualGPIOPin::Write(unsigned int))
../../lib/libcircle.a(chainboot.o)
                              ../../lib/libcircle.a(sysinit.o) (IsChainBootEnabled)
../../lib/libcircle.a(cache-v7.o)
                              ../../lib/libcircle.a(sysinit.o) (InvalidateDataCacheL1Only)
../../lib/libcircle.a(memory.o)
                              kernel.o (CMemorySystem::CMemorySystem(bool))
../../lib/libcircle.a(pagetable.o)
                              ../../lib/libcircle.a(memory.o) (CPageTable::CPageTable(unsigned int))
../../lib/libcircle.a(startup.o)
                              (_start)
../../lib/libcircle.a(synchronize.o)
                              ../../lib/libcircle.a(devicenameservice.o) (EnterCritical)
../../lib/libcircle.a(interrupt.o)
                              ../../lib/libcircle.a(timer.o) (CInterruptSystem::ConnectIRQ(unsigned int, void (*)(void*), void*))
../../lib/libcircle.a(assert.o)
                              ../../lib/libcircle.a(devicenameservice.o) (assertion_failed)
../../lib/libcircle.a(bcmframebuffer.o)
                              ../../lib/libcircle.a(screen.o) (CBcmFrameBuffer::CBcmFrameBuffer(unsigned int, unsigned int, unsigned int, unsigned int, unsigned int))
../../lib/libcircle.a(bcmpropertytags.o)
                              ../../lib/libcircle.a(koptions.o) (CBcmPropertyTags::CBcmPropertyTags(bool))
../../lib/libcircle.a(chargenerator.o)
                              ../../lib/libcircle.a(screen.o) (CCharGenerator::CCharGenerator())
../../lib/libcircle.a(debug.o)
                              ../../lib/libcircle.a(assert.o) (debug_stacktrace(unsigned int const*, char const*))
../../lib/libcircle.a(delayloop.o)
                              ../../lib/libcircle.a(timer.o) (DelayLoop)
../../lib/libcircle.a(device.o)
                              ../../lib/libcircle.a(screen.o) (CDevice::~CDevice())
../../lib/libcircle.a(dmachannel.o)
                              ../../lib/libcircle.a(screen.o) (CDMAChannel::CDMAChannel(unsigned int, CInterruptSystem*))
../../lib/libcircle.a(gpiomanager.o)
                              ../../lib/libcircle.a(gpiopin.o) (CGPIOManager::ConnectInterrupt(CGPIOPin*))
../../lib/libcircle.a(logger.o)
                              ../../lib/libcircle.a(timer.o) (CLogger::Write(char const*, TLogSeverity, char const*, ...))
../../lib/libcircle.a(ptrlist.o)
                              ../../lib/libcircle.a(timer.o) (CPtrList::CPtrList())
../../lib/libcircle.a(new.o)  ../../lib/libcircle.a(dmachannel.o) (operator new[](unsigned int, int))
../../lib/libcircle.a(heapallocator.o)
                              ../../lib/libcircle.a(memory.o) (CHeapAllocator::CHeapAllocator(char const*))
../../lib/libcircle.a(pageallocator.o)
                              ../../lib/libcircle.a(memory.o) (CPageAllocator::CPageAllocator())
../../lib/libcircle.a(exceptionstub.o)
                              ../../lib/libcircle.a(interrupt.o) (IRQStub)
../../lib/libcircle.a(bcmmailbox.o)
                              ../../lib/libcircle.a(bcmpropertytags.o) (CBcmMailBox::CBcmMailBox(unsigned int, bool))
../../lib/libcircle.a(exceptionhandler.o)
                              ../../lib/libcircle.a(exceptionstub.o) (ExceptionHandler)
/home/olf/projects/circle/gcc-arm-9.2-2019.12-x86_64-arm-none-eabi/bin/../lib/gcc/arm-none-eabi/9.2.1/../../../../arm-none-eabi/lib/thumb/v7ve+simd/hard/libstdc++.a(class_type_info.o)
                              ../../lib/libcircle.a(gpiopin.o) (vtable for __cxxabiv1::__class_type_info)
[...]
Memory Configuration

Name             Origin             Length             Attributes
*default*        0x0000000000000000 0xffffffffffffffff

Linker script and memory map

Address of section .init set to 0x8000

.init           0x0000000000008000       0x70
 *(.init)
 .init          0x0000000000008000       0x70 ../../lib/libcircle.a(startup.o)
                0x0000000000008000                _start
                0x0000000000008064                _start_secondary

.text           0x0000000000008080    0x342f8
 *(.text*)
 .text          0x0000000000008080        0x0 main.o
 .text.startup  0x0000000000008080       0x4c main.o
                0x0000000000008080                main
 .text          0x00000000000080cc      0x28c kernel.o
                0x00000000000080cc                CKernel::CKernel()
                0x00000000000080cc                CKernel::CKernel()
                0x0000000000008170                CKernel::~CKernel()
                0x0000000000008170                CKernel::~CKernel()
                0x00000000000081b0                CKernel::Initialize()
                0x00000000000081bc                CKernel::Run()
 .text          0x0000000000008358      0x184 ../../lib/libcircle.a(actled.o)
                0x0000000000008358                CActLED::CActLED(bool)
                0x0000000000008358                CActLED::CActLED(bool)
                0x000000000000840c                CActLED::~CActLED()
                0x000000000000840c                CActLED::~CActLED()
                0x0000000000008420                CActLED::On()
                0x000000000000844c                CActLED::Off()
                0x0000000000008480                CActLED::Blink(unsigned int, unsigned int, unsigned int)
                0x00000000000084cc                CActLED::Get()
 .text          0x00000000000084dc      0x60c ../../lib/libcircle.a(devicenameservice.o)
                0x00000000000084dc                CDeviceNameService::CDeviceNameService()
                0x00000000000084dc                CDeviceNameService::CDeviceNameService()
                0x0000000000008520                CDeviceNameService::~CDeviceNameService()
                0x0000000000008520                CDeviceNameService::~CDeviceNameService()
                0x000000000000857c                CDeviceNameService::AddDevice(char const*, CDevice*, bool)
                0x0000000000008634                CDeviceNameService::RemoveDevice(char const*, bool)
                0x0000000000008748                CDeviceNameService::GetDevice(char const*, bool)
                0x000000000000884c                CDeviceNameService::Get()
                0x000000000000887c                CDeviceNameService::AddDevice(char const*, unsigned int, CDevice*, bool)
                0x00000000000088f0                CDeviceNameService::RemoveDevice(char const*, unsigned int, bool)
                0x000000000000895c                CDeviceNameService::GetDevice(char const*, unsigned int, bool)
                0x00000000000089d0                CDeviceNameService::ListDevices(CDevice*)
 .text          0x0000000000008ae8      0xbd4 ../../lib/libcircle.a(gpiopin.o)
                0x0000000000008ae8                CGPIOPin::CGPIOPin()
                0x0000000000008ae8                CGPIOPin::CGPIOPin()
                0x0000000000008b20                CGPIOPin::CGPIOPin(unsigned int, TGPIOMode, CGPIOManager*)
                0x0000000000008b20                CGPIOPin::CGPIOPin(unsigned int, TGPIOMode, CGPIOManager*)
                0x0000000000008b7c                CGPIOPin::~CGPIOPin()
                0x0000000000008b7c                CGPIOPin::~CGPIOPin()
                0x0000000000008b80                CGPIOPin::~CGPIOPin()
                0x0000000000008b98                CGPIOPin::AssignPin(unsigned int)
                0x0000000000008c1c                CGPIOPin::SetMode(TGPIOMode, bool)
                0x0000000000008dbc                CGPIOPin::Write(unsigned int)
                0x0000000000008e40                CGPIOPin::Read() const
                0x0000000000008eac                CGPIOPin::Invert()
                0x0000000000008edc                CGPIOPin::ConnectInterrupt(void (*)(void*), void*, bool)
                0x0000000000008fac                CGPIOPin::DisconnectInterrupt()
                0x000000000000905c                CGPIOPin::EnableInterrupt(TGPIOInterrupt)
                0x0000000000009154                CGPIOPin::DisableInterrupt()
                0x0000000000009204                CGPIOPin::EnableInterrupt2(TGPIOInterrupt)
                0x00000000000092fc                CGPIOPin::DisableInterrupt2()
                0x00000000000093ac                CGPIOPin::AcknowledgeInterrupt()
                0x0000000000009404                CGPIOPin::WriteAll(unsigned int, unsigned int)
                0x0000000000009428                CGPIOPin::ReadAll()
                0x0000000000009438                CGPIOPin::SetPullMode(TGPIOPullMode)
                0x00000000000094d0                CGPIOPin::SetAlternateFunction(unsigned int)
                0x0000000000009590                CGPIOPin::InterruptHandler()
                0x000000000000960c                CGPIOPin::DisableAllInterrupts(unsigned int)
 .text.startup  0x00000000000096bc       0x14 ../../lib/libcircle.a(gpiopin.o)
 .text          0x00000000000096d0      0x5bc ../../lib/libcircle.a(koptions.o)
                0x0000000000009730                CKernelOptions::~CKernelOptions()
                0x0000000000009730                CKernelOptions::~CKernelOptions()
                0x0000000000009744                CKernelOptions::GetWidth() const
                0x000000000000974c                CKernelOptions::GetHeight() const
                0x0000000000009754                CKernelOptions::GetLogDevice() const
                0x0000000000009760                CKernelOptions::GetLogLevel() const
                0x0000000000009768                CKernelOptions::GetKeyMap() const
                0x0000000000009770                CKernelOptions::GetUSBPowerDelay() const
                0x0000000000009778                CKernelOptions::GetUSBFullSpeed() const
                0x0000000000009780                CKernelOptions::GetSoundDevice() const
                0x000000000000978c                CKernelOptions::GetSoundOption() const
                0x0000000000009794                CKernelOptions::GetCPUSpeed() const
                0x000000000000979c                CKernelOptions::GetSoCMaxTemp() const
                0x00000000000097a4                CKernelOptions::Get()
                0x00000000000097b4                CKernelOptions::GetToken()
                0x0000000000009834                CKernelOptions::CKernelOptions()
                0x0000000000009834                CKernelOptions::CKernelOptions()
                0x0000000000009c34                CKernelOptions::GetOptionValue(char*)
                0x0000000000009c6c                CKernelOptions::GetDecimal(char*)
 .text          0x0000000000009c8c      0x838 ../../lib/libcircle.a(machineinfo.o)
                0x0000000000009c8c                CMachineInfo::CMachineInfo()
                0x0000000000009c8c                CMachineInfo::CMachineInfo()
                0x000000000000a0e4                CMachineInfo::~CMachineInfo()
                0x000000000000a0e4                CMachineInfo::~CMachineInfo()
                0x000000000000a100                CMachineInfo::GetMachineModel() const
                0x000000000000a108                CMachineInfo::GetMachineName() const
                0x000000000000a120                CMachineInfo::GetModelMajor() const
                0x000000000000a128                CMachineInfo::GetModelRevision() const
                0x000000000000a130                CMachineInfo::GetSoCType() const
                0x000000000000a138                CMachineInfo::GetRAMSize() const
                0x000000000000a140                CMachineInfo::GetSoCName() const
                0x000000000000a158                CMachineInfo::GetRevisionRaw() const
                0x000000000000a160                CMachineInfo::GetActLEDInfo() const
                0x000000000000a178                CMachineInfo::GetClockRate(unsigned int) const
                0x000000000000a244                CMachineInfo::GetGPIOPin(TGPIOVirtualPin) const
                0x000000000000a2a8                CMachineInfo::GetGPIOClockSourceRate(unsigned int)
                0x000000000000a304                CMachineInfo::GetDevice(TDeviceId) const
                0x000000000000a334                CMachineInfo::ArePWMChannelsSwapped() const
                0x000000000000a350                CMachineInfo::AllocateDMAChannel(unsigned int)
                0x000000000000a414                CMachineInfo::FreeDMAChannel(unsigned int)
                0x000000000000a498                CMachineInfo::Get()
 .text          0x000000000000a4c4     0x124c ../../lib/libcircle.a(screen.o)
                0x000000000000a4c4                CScreenDevice::CScreenDevice(unsigned int, unsigned int, bool)
                0x000000000000a4c4                CScreenDevice::CScreenDevice(unsigned int, unsigned int, bool)
                0x000000000000a56c                CScreenDevice::~CScreenDevice()
                0x000000000000a56c                CScreenDevice::~CScreenDevice()
                0x000000000000a5ec                CScreenDevice::~CScreenDevice()
                0x000000000000a60c                CScreenDevice::Initialize()
                0x000000000000a78c                CScreenDevice::GetWidth() const
                0x000000000000a794                CScreenDevice::GetHeight() const
                0x000000000000a79c                CScreenDevice::GetColumns() const
                0x000000000000a7b4                CScreenDevice::GetRows() const
                0x000000000000a7cc                CScreenDevice::GetFrameBuffer()
                0x000000000000a7d4                CScreenDevice::GetStatus()
                0x000000000000a844                CScreenDevice::SetStatus(TScreenStatus const&)
                0x000000000000a948                CScreenDevice::Write(void const*, unsigned int)
                0x000000000000a9fc                CScreenDevice::Write(char)
                0x000000000000aef4                CScreenDevice::CarriageReturn()
                0x000000000000af00                CScreenDevice::ClearDisplayEnd()
                0x000000000000af80                CScreenDevice::ClearLineEnd()
                0x000000000000afc8                CScreenDevice::CursorDown()
                0x000000000000b014                CScreenDevice::CursorHome()
                0x000000000000b024                CScreenDevice::CursorLeft()
                0x000000000000b094                CScreenDevice::CursorMove(unsigned int, unsigned int)
                0x000000000000b0f8                CScreenDevice::CursorRight()
                0x000000000000b134                CScreenDevice::CursorUp()
                0x000000000000b164                CScreenDevice::DeleteChars(unsigned int)
                0x000000000000b168                CScreenDevice::DeleteLines(unsigned int)
                0x000000000000b16c                CScreenDevice::DisplayChar(char)
                0x000000000000b1a8                CScreenDevice::EraseChars(unsigned int)
                0x000000000000b1b4                CScreenDevice::InsertLines(unsigned int)
                0x000000000000b1b8                CScreenDevice::InsertMode(bool)
                0x000000000000b1c0                CScreenDevice::NewLine()
                0x000000000000b1cc                CScreenDevice::ReverseScroll()
                0x000000000000b1d0                CScreenDevice::SetCursorMode(bool)
                0x000000000000b1d8                CScreenDevice::SetScrollRegion(unsigned int, unsigned int)
                0x000000000000b25c                CScreenDevice::SetStandoutMode(unsigned int)
                0x000000000000b2fc                CScreenDevice::Tabulator()
                0x000000000000b344                CScreenDevice::Scroll()
                0x000000000000b414                CScreenDevice::DisplayChar(char, unsigned int, unsigned int, unsigned short)
                0x000000000000b4bc                CScreenDevice::EraseChar(unsigned int, unsigned int)
                0x000000000000b540                CScreenDevice::InvertCursor()
                0x000000000000b550                CScreenDevice::SetPixel(unsigned int, unsigned int, unsigned short)
                0x000000000000b57c                CScreenDevice::GetPixel(unsigned int, unsigned int)
                0x000000000000b5b4                CScreenDevice::Rotor(unsigned int, unsigned int)
 .text          0x000000000000b710     0x156c ../../lib/libcircle.a(string.o)
                0x000000000000b710                CString::~CString()
                0x000000000000b710                CString::~CString()
                0x000000000000b73c                CString::~CString()
                0x000000000000b7dc                CString::CString()
                0x000000000000b7dc                CString::CString()
                0x000000000000b7f4                CString::CString(char const*)
                0x000000000000b7f4                CString::CString(char const*)
                0x000000000000b834                CString::operator char const*() const
                0x000000000000b84c                CString::operator=(char const*)
                0x000000000000b890                CString::operator=(CString const&)
                0x000000000000b8ec                CString::GetLength() const
                0x000000000000b8fc                CString::Append(char const*)
                0x000000000000b980                CString::Compare(char const*) const
                0x000000000000b988                CString::Find(char) const
                0x000000000000b9bc                CString::PutChar(char, unsigned int)
                0x000000000000b9fc                CString::PutString(char const*)
                0x000000000000ba40                CString::Replace(char const*, char const*)
                0x000000000000bbbc                CString::ReserveSpace(unsigned int)
                0x000000000000bbc8                CString::ntoa(char*, unsigned long, unsigned int, bool)
                0x000000000000bc4c                CString::lltoa(char*, unsigned long long, unsigned int, bool)
                0x000000000000bdac                CString::ftoa(char*, double, unsigned int)
                0x000000000000bff8                CString::FormatV(char const*, std::__va_list)
                0x000000000000cc50                CString::Format(char const*, ...)
 .text          0x000000000000cc7c      0x148 ../../lib/libcircle.a(sysinit.o)
                0x000000000000cc7c                __aeabi_atexit
                0x000000000000cc80                __sync_synchronize
                0x000000000000cc88                set_qemu_exit_status
                0x000000000000cc98                halt
                0x000000000000ccac                reboot
                0x000000000000ccf4                sysinit
 .text          0x000000000000cdc4      0xd70 ../../lib/libcircle.a(timer.o)
                0x000000000000cde8                CTimer::CTimer(CInterruptSystem*)
                0x000000000000cde8                CTimer::CTimer(CInterruptSystem*)
                0x000000000000ce7c                CTimer::~CTimer()
                0x000000000000ce7c                CTimer::~CTimer()
                0x000000000000cf68                CTimer::SetTimeZone(int)
                0x000000000000cf88                CTimer::GetTimeZone() const
                0x000000000000cf90                CTimer::SetTime(unsigned int, bool)
                0x000000000000d008                CTimer::GetClockTicks()
                0x000000000000d014                CTimer::GetTicks() const
                0x000000000000d01c                CTimer::GetUptime() const
                0x000000000000d024                CTimer::GetTime() const
                0x000000000000d02c                CTimer::GetLocalTime(unsigned int*, unsigned int*)
                0x000000000000d0e4                CTimer::GetUniversalTime() const
                0x000000000000d104                CTimer::GetUniversalTime(unsigned int*, unsigned int*)
                0x000000000000d1d8                CTimer::GetTimeString()
                0x000000000000d3cc                CTimer::StartKernelTimer(unsigned int, void (*)(unsigned int, void*, void*), void*, void*)
                0x000000000000d518                CTimer::CancelKernelTimer(unsigned int)
                0x000000000000d5c0                CTimer::PollKernelTimers()
                0x000000000000d708                CTimer::InterruptHandler()
                0x000000000000d80c                CTimer::InterruptHandler(void*)
                0x000000000000d834                CTimer::TuneMsDelay()
                0x000000000000d8d4                CTimer::Initialize()
                0x000000000000d9c8                CTimer::RegisterPeriodicHandler(void (*)())
                0x000000000000da30                CTimer::SimpleMsDelay(unsigned int)
                0x000000000000da4c                CTimer::SimpleusDelay(unsigned int)
                0x000000000000da58                CTimer::IsLeapYear(unsigned int)
                0x000000000000da9c                CTimer::GetDaysOfMonth(unsigned int, unsigned int)
                0x000000000000db04                CTimer::Get()
 .text          0x000000000000db34       0xb4 ../../lib/libcircle.a(util.o)
                0x000000000000db34                memset
                0x000000000000dbe4                char2int
 .text          0x000000000000dbe8       0x5c ../../lib/libcircle.a(util_fast.o)
                0x000000000000dbe8                memcpy
 .text          0x000000000000dc44      0x2f0 ../../lib/libcircle.a(virtualgpiopin.o)
                0x000000000000dc44                CVirtualGPIOPin::CVirtualGPIOPin(unsigned int, bool)
                0x000000000000dc44                CVirtualGPIOPin::CVirtualGPIOPin(unsigned int, bool)
                0x000000000000dd9c                CVirtualGPIOPin::~CVirtualGPIOPin()
                0x000000000000dd9c                CVirtualGPIOPin::~CVirtualGPIOPin()
                0x000000000000dda0                CVirtualGPIOPin::~CVirtualGPIOPin()
                0x000000000000ddb8                CVirtualGPIOPin::Write(unsigned int)
                0x000000000000df08                CVirtualGPIOPin::Invert()
 .text.startup  0x000000000000df34       0x14 ../../lib/libcircle.a(virtualgpiopin.o)
 .text          0x000000000000df48       0xb8 ../../lib/libcircle.a(chainboot.o)
                0x000000000000df90                EnableChainBoot
                0x000000000000dfd4                IsChainBootEnabled
                0x000000000000dfec                DoChainBoot
 .text          0x000000000000e000      0x1f4 ../../lib/libcircle.a(cache-v7.o)
                0x000000000000e000                InvalidateDataCacheL1Only
                0x000000000000e06c                InvalidateDataCache
                0x000000000000e114                CleanDataCache
                0x000000000000e1bc                CleanAndInvalidateDataCacheRange
 .text          0x000000000000e1f4      0x330 ../../lib/libcircle.a(memory.o)
                0x000000000000e1f4                CMemorySystem::CMemorySystem(bool)
                0x000000000000e1f4                CMemorySystem::CMemorySystem(bool)
                0x000000000000e364                CMemorySystem::~CMemorySystem()
                0x000000000000e364                CMemorySystem::~CMemorySystem()
                0x000000000000e3b4                CMemorySystem::Destructor()
                0x000000000000e3e0                CMemorySystem::GetMemSize() const
                0x000000000000e418                CMemorySystem::Get()
                0x000000000000e444                CMemorySystem::EnableMMU()
                0x000000000000e4f0                CMemorySystem::GetCoherentPage(unsigned int)
 .text          0x000000000000e524       0xa0 ../../lib/libcircle.a(pagetable.o)
                0x000000000000e524                CPageTable::CPageTable(unsigned int)
                0x000000000000e524                CPageTable::CPageTable(unsigned int)
                0x000000000000e5b4                CPageTable::~CPageTable()
                0x000000000000e5b4                CPageTable::~CPageTable()
                0x000000000000e5b8                CPageTable::GetBaseAddress() const
 .text          0x000000000000e5c4        0x0 ../../lib/libcircle.a(startup.o)
 .text          0x000000000000e5c4      0x134 ../../lib/libcircle.a(synchronize.o)
                0x000000000000e5c4                CurrentExecutionLevel
                0x000000000000e5d8                EnterCritical
                0x000000000000e684                LeaveCritical
                0x000000000000e6d8                SyncDataAndInstructionCache
 .text          0x000000000000e6f8      0x5a0 ../../lib/libcircle.a(interrupt.o)
                0x000000000000e6f8                CInterruptSystem::CInterruptSystem()
                0x000000000000e6f8                CInterruptSystem::CInterruptSystem()
                0x000000000000e724                CInterruptSystem::~CInterruptSystem()
                0x000000000000e724                CInterruptSystem::~CInterruptSystem()
                0x000000000000e764                CInterruptSystem::Initialize()
                0x000000000000e7d8                CInterruptSystem::ConnectFIQ(unsigned int, void (*)(void*), void*)
                0x000000000000e864                CInterruptSystem::DisconnectFIQ()
                0x000000000000e8c8                CInterruptSystem::EnableIRQ(unsigned int)
                0x000000000000e964                CInterruptSystem::ConnectIRQ(unsigned int, void (*)(void*), void*)
                0x000000000000e9c4                CInterruptSystem::DisableIRQ(unsigned int)
                0x000000000000ea60                CInterruptSystem::DisconnectIRQ(unsigned int)
                0x000000000000eacc                CInterruptSystem::EnableFIQ(unsigned int)
                0x000000000000eb04                CInterruptSystem::DisableFIQ()
                0x000000000000eb18                CInterruptSystem::Get()
                0x000000000000eb48                CInterruptSystem::CallIRQHandler(unsigned int)
                0x000000000000eb9c                CInterruptSystem::InterruptHandler()
                0x000000000000ec94                InterruptHandler
 .text          0x000000000000ec98       0x90 ../../lib/libcircle.a(assert.o)
                0x000000000000ec98                assertion_failed
 .text          0x000000000000ed28      0x4bc ../../lib/libcircle.a(bcmframebuffer.o)
                0x000000000000ed28                CBcmFrameBuffer::CBcmFrameBuffer(unsigned int, unsigned int, unsigned int, unsigned int, unsigned int)
                0x000000000000ed28                CBcmFrameBuffer::CBcmFrameBuffer(unsigned int, unsigned int, unsigned int, unsigned int, unsigned int)
                0x000000000000ee78                CBcmFrameBuffer::~CBcmFrameBuffer()
                0x000000000000ee78                CBcmFrameBuffer::~CBcmFrameBuffer()
                0x000000000000ee9c                CBcmFrameBuffer::SetPalette(unsigned char, unsigned short)
                0x000000000000eed8                CBcmFrameBuffer::SetPalette32(unsigned char, unsigned int)
                0x000000000000eef0                CBcmFrameBuffer::GetWidth() const
                0x000000000000eef8                CBcmFrameBuffer::GetHeight() const
                0x000000000000ef00                CBcmFrameBuffer::GetVirtWidth() const
                0x000000000000ef08                CBcmFrameBuffer::GetVirtHeight() const
                0x000000000000ef10                CBcmFrameBuffer::GetPitch() const
                0x000000000000ef18                CBcmFrameBuffer::GetDepth() const
                0x000000000000ef20                CBcmFrameBuffer::GetBuffer() const
                0x000000000000ef28                CBcmFrameBuffer::GetSize() const
                0x000000000000ef30                CBcmFrameBuffer::UpdatePalette()
                0x000000000000efe8                CBcmFrameBuffer::Initialize()
                0x000000000000f0a4                CBcmFrameBuffer::SetVirtualOffset(unsigned int, unsigned int)
                0x000000000000f12c                CBcmFrameBuffer::WaitForVerticalSync()
                0x000000000000f184                CBcmFrameBuffer::SetBacklightBrightness(unsigned int)
 .text          0x000000000000f1e4      0x198 ../../lib/libcircle.a(bcmpropertytags.o)
                0x000000000000f1e4                CBcmPropertyTags::CBcmPropertyTags(bool)
                0x000000000000f1e4                CBcmPropertyTags::CBcmPropertyTags(bool)
                0x000000000000f200                CBcmPropertyTags::~CBcmPropertyTags()
                0x000000000000f200                CBcmPropertyTags::~CBcmPropertyTags()
                0x000000000000f214                CBcmPropertyTags::GetTag(unsigned int, void*, unsigned int, unsigned int)
                0x000000000000f294                CBcmPropertyTags::GetTags(void*, unsigned int)
 .text          0x000000000000f37c       0x94 ../../lib/libcircle.a(chargenerator.o)
                0x000000000000f37c                CCharGenerator::CCharGenerator()
                0x000000000000f37c                CCharGenerator::CCharGenerator()
                0x000000000000f388                CCharGenerator::~CCharGenerator()
                0x000000000000f388                CCharGenerator::~CCharGenerator()
                0x000000000000f38c                CCharGenerator::GetCharWidth() const
                0x000000000000f394                CCharGenerator::GetCharHeight() const
                0x000000000000f39c                CCharGenerator::GetUnderline() const
                0x000000000000f3a4                CCharGenerator::GetPixel(char, unsigned int, unsigned int) const
 .text          0x000000000000f410      0x19c ../../lib/libcircle.a(debug.o)
                0x000000000000f410                debug_hexdump(void const*, unsigned int, char const*)
                0x000000000000f51c                debug_stacktrace(unsigned int const*, char const*)
 *fill*         0x000000000000f5ac        0x4 
 .text          0x000000000000f5b0       0x14 ../../lib/libcircle.a(delayloop.o)
                0x000000000000f5b0                DelayLoop
 .text          0x000000000000f5c4       0xa4 ../../lib/libcircle.a(device.o)
                0x000000000000f5c4                CDevice::~CDevice()
                0x000000000000f5c4                CDevice::~CDevice()
                0x000000000000f5f4                CDevice::Read(void*, unsigned int)
                0x000000000000f5f4                CDevice::Write(void const*, unsigned int)
                0x000000000000f5fc                CDevice::Seek(unsigned long long)
                0x000000000000f608                CDevice::RemoveDevice()
                0x000000000000f610                CDevice::~CDevice()
                0x000000000000f64c                CDevice::CDevice()
                0x000000000000f64c                CDevice::CDevice()
                0x000000000000f660                CDevice::RegisterRemovedHandler(void (*)(CDevice*, void*), void*)
 .text          0x000000000000f668      0xb4c ../../lib/libcircle.a(dmachannel.o)
                0x000000000000f668                CDMAChannel::CDMAChannel(unsigned int, CInterruptSystem*)
                0x000000000000f668                CDMAChannel::CDMAChannel(unsigned int, CInterruptSystem*)
                0x000000000000f764                CDMAChannel::~CDMAChannel()
                0x000000000000f764                CDMAChannel::~CDMAChannel()
                0x000000000000f850                CDMAChannel::SetupMemCopy(void*, void const*, unsigned int, unsigned int, bool)
                0x000000000000f9c8                CDMAChannel::SetupIORead(void*, unsigned int, unsigned int, TDREQ)
                0x000000000000fb00                CDMAChannel::SetupIOWrite(unsigned int, void const*, unsigned int, TDREQ)
                0x000000000000fc38                CDMAChannel::SetupMemCopy2D(void*, void const*, unsigned int, unsigned int, unsigned int, unsigned int)
                0x000000000000fdd0                CDMAChannel::SetCompletionRoutine(void (*)(unsigned int, bool, void*), void*)
                0x000000000000fe74                CDMAChannel::Start()
                0x000000000000ff9c                CDMAChannel::Wait()
                0x0000000000010028                CDMAChannel::GetStatus()
                0x0000000000010080                CDMAChannel::InterruptHandler()
                0x0000000000010190                CDMAChannel::InterruptStub(void*)
 .text          0x00000000000101b4      0x340 ../../lib/libcircle.a(gpiomanager.o)
                0x00000000000101b4                CGPIOManager::CGPIOManager(CInterruptSystem*)
                0x00000000000101b4                CGPIOManager::CGPIOManager(CInterruptSystem*)
                0x00000000000101e0                CGPIOManager::~CGPIOManager()
                0x00000000000101e0                CGPIOManager::~CGPIOManager()
                0x0000000000010260                CGPIOManager::Initialize()
                0x00000000000102d0                CGPIOManager::ConnectInterrupt(CGPIOPin*)
                0x000000000001036c                CGPIOManager::DisconnectInterrupt(CGPIOPin*)
                0x000000000001040c                CGPIOManager::InterruptHandler()
                0x00000000000104cc                CGPIOManager::InterruptStub(void*)
 .text          0x00000000000104f4      0x7dc ../../lib/libcircle.a(logger.o)
                0x00000000000104f4                CLogger::CLogger(unsigned int, CTimer*)
                0x00000000000104f4                CLogger::CLogger(unsigned int, CTimer*)
                0x0000000000010558                CLogger::~CLogger()
                0x0000000000010558                CLogger::~CLogger()
                0x00000000000105d4                CLogger::Initialize(CDevice*)
                0x0000000000010618                CLogger::SetNewTarget(CDevice*)
                0x0000000000010620                CLogger::Write(char const*, TLogSeverity, char const*, ...)
                0x0000000000010650                CLogger::WriteV(char const*, TLogSeverity, char const*, std::__va_list)
                0x00000000000107e4                CLogger::WriteNoAlloc(char const*, TLogSeverity, char const*)
                0x00000000000108c4                CLogger::Get()
                0x00000000000108d4                CLogger::Write(char const*)
                0x000000000001099c                CLogger::Read(void*, unsigned int)
                0x0000000000010a5c                CLogger::WriteEvent(char const*, TLogSeverity, char const*)
                0x0000000000010be0                CLogger::ReadEvent(TLogSeverity*, char*, char*, long*, unsigned int*, int*)
                0x0000000000010cc0                CLogger::RegisterEventNotificationHandler(void (*)())
                0x0000000000010cc8                CLogger::RegisterPanicHandler(void (*)())
 .text          0x0000000000010cd0      0x44c ../../lib/libcircle.a(ptrlist.o)
                0x0000000000010cd0                CPtrList::CPtrList()
                0x0000000000010cd0                CPtrList::CPtrList()
                0x0000000000010cdc                CPtrList::~CPtrList()
                0x0000000000010cdc                CPtrList::~CPtrList()
                0x0000000000010d04                CPtrList::GetFirst()
                0x0000000000010d0c                CPtrList::GetNext(TPtrListElement*)
                0x0000000000010d64                CPtrList::GetPtr(TPtrListElement*)
                0x0000000000010dbc                CPtrList::InsertBefore(TPtrListElement*, void*)
                0x0000000000010eac                CPtrList::InsertAfter(TPtrListElement*, void*)
                0x0000000000010f9c                CPtrList::Remove(TPtrListElement*)
                0x00000000000110c4                CPtrList::Find(void*)
 .text          0x000000000001111c       0x2c ../../lib/libcircle.a(new.o)
                0x000000000001111c                operator new(unsigned int, int)
                0x0000000000011144                operator new[](unsigned int, int)
 .text          0x0000000000011148      0x374 ../../lib/libcircle.a(heapallocator.o)
                0x0000000000011148                CHeapAllocator::CHeapAllocator(char const*)
                0x0000000000011148                CHeapAllocator::CHeapAllocator(char const*)
                0x00000000000111a4                CHeapAllocator::~CHeapAllocator()
                0x00000000000111a4                CHeapAllocator::~CHeapAllocator()
                0x00000000000111a8                CHeapAllocator::Setup(unsigned int, unsigned int, unsigned int)
                0x00000000000111bc                CHeapAllocator::GetFreeSpace() const
                0x00000000000111c8                CHeapAllocator::Allocate(unsigned int)
                0x0000000000011374                CHeapAllocator::Free(void*)
                0x000000000001141c                CHeapAllocator::ReAllocate(void*, unsigned int)
 .text          0x00000000000114bc      0x1b0 ../../lib/libcircle.a(pageallocator.o)
                0x00000000000114bc                CPageAllocator::CPageAllocator()
                0x00000000000114bc                CPageAllocator::CPageAllocator()
                0x00000000000114d8                CPageAllocator::~CPageAllocator()
                0x00000000000114d8                CPageAllocator::~CPageAllocator()
                0x00000000000114dc                CPageAllocator::Setup(unsigned int, unsigned int)
                0x0000000000011544                CPageAllocator::GetFreeSpace() const
                0x0000000000011550                CPageAllocator::Allocate()
                0x000000000001161c                CPageAllocator::Free(void*)
 .text          0x000000000001166c      0x164 ../../lib/libcircle.a(exceptionstub.o)
                0x000000000001166c                UndefinedInstructionInternal
                0x00000000000116bc                PrefetchAbortStub
                0x000000000001170c                DataAbortStub
                0x000000000001175c                UndefinedInstructionStub
                0x0000000000011778                IRQStub
                0x0000000000011790                FIQStub
 .text          0x00000000000117d0      0x1c8 ../../lib/libcircle.a(bcmmailbox.o)
                0x00000000000117d0                CBcmMailBox::CBcmMailBox(unsigned int, bool)
                0x00000000000117d0                CBcmMailBox::CBcmMailBox(unsigned int, bool)
                0x00000000000117dc                CBcmMailBox::~CBcmMailBox()
                0x00000000000117dc                CBcmMailBox::~CBcmMailBox()
                0x00000000000117e0                CBcmMailBox::WriteRead(unsigned int)
                0x00000000000118ec                CBcmMailBox::Flush()
                0x0000000000011920                CBcmMailBox::Read()
                0x0000000000011950                CBcmMailBox::Write(unsigned int)
 .text.startup  0x0000000000011998       0x14 ../../lib/libcircle.a(bcmmailbox.o)
 .text          0x00000000000119ac      0x260 ../../lib/libcircle.a(exceptionhandler.o)
                0x00000000000119ac                CExceptionHandler::CExceptionHandler()
                0x00000000000119ac                CExceptionHandler::CExceptionHandler()
                0x0000000000011a44                CExceptionHandler::~CExceptionHandler()
                0x0000000000011a44                CExceptionHandler::~CExceptionHandler()
                0x0000000000011a58                CExceptionHandler::Throw(unsigned int)
                0x0000000000011a98                CExceptionHandler::Throw(unsigned int, TAbortFrame*)
                0x0000000000011b8c                CExceptionHandler::Get()
                0x0000000000011bbc                ExceptionHandler
 .text          0x0000000000011c0c        0x0 /home/olf/projects/circle/gcc-arm-9.2-2019.12-x86_64-arm-none-eabi/bin/../lib/gcc/arm-none-eabi/9.2.1/../../../../arm-none-eabi/lib/thumb/v7ve+simd/hard/libstdc++.a(class_type_info.o)
 .text._ZNK10__cxxabiv117__class_type_info11__do_upcastEPKS0_PPv
                0x0000000000011c0c       0x38 /home/olf/projects/circle/gcc-arm-9.2-2019.12-x86_64-arm-none-eabi/bin/../lib/gcc/arm-none-eabi/9.2.1/../../../../arm-none-eabi/lib/thumb/v7ve+simd/hard/libstdc++.a(class_type_info.o)
                0x0000000000011c0c                __cxxabiv1::__class_type_info::__do_upcast(__cxxabiv1::__class_type_info const*, void**) const
 .text._ZNK10__cxxabiv117__class_type_info20__do_find_public_srcEiPKvPKS0_S2_
                0x0000000000011c44        0xc /home/olf/projects/circle/gcc-arm-9.2-2019.12-x86_64-arm-none-eabi/bin/../lib/gcc/arm-none-eabi/9.2.1/../../../../arm-none-eabi/lib/thumb/v7ve+simd/hard/libstdc++.a(class_type_info.o)
                0x0000000000011c44                __cxxabiv1::__class_type_info::__do_find_public_src(int, void const*, __cxxabiv1::__class_type_info const*, void const*) const
 .text._ZN10__cxxabiv117__class_type_infoD2Ev
                0x0000000000011c50       0x14 /home/olf/projects/circle/gcc-arm-9.2-2019.12-x86_64-arm-none-eabi/bin/../lib/gcc/arm-none-eabi/9.2.1/../../../../arm-none-eabi/lib/thumb/v7ve+simd/hard/libstdc++.a(class_type_info.o)
                0x0000000000011c50                __cxxabiv1::__class_type_info::~__class_type_info()
                0x0000000000011c50                __cxxabiv1::__class_type_info::~__class_type_info()
 .text._ZN10__cxxabiv117__class_type_infoD0Ev
                0x0000000000011c64       0x1c /home/olf/projects/circle/gcc-arm-9.2-2019.12-x86_64-arm-none-eabi/bin/../lib/gcc/arm-none-eabi/9.2.1/../../../../arm-none-eabi/lib/thumb/v7ve+simd/hard/libstdc++.a(class_type_info.o)
                0x0000000000011c64                __cxxabiv1::__class_type_info::~__class_type_info()
 .text._ZNK10__cxxabiv117__class_type_info12__do_dyncastEiNS0_10__sub_kindEPKS0_PKvS3_S5_RNS0_16__dyncast_resultE
                0x0000000000011c80       0x44 /home/olf/projects/circle/gcc-arm-9.2-2019.12-x86_64-arm-none-eabi/bin/../lib/gcc/arm-none-eabi/9.2.1/../../../../arm-none-eabi/lib/thumb/v7ve+simd/hard/libstdc++.a(class_type_info.o)
                0x0000000000011c80                __cxxabiv1::__class_type_info::__do_dyncast(int, __cxxabiv1::__class_type_info::__sub_kind, __cxxabiv1::__class_type_info const*, void const*, __cxxabiv1::__class_type_info const*, void const*, __cxxabiv1::__class_type_info::__dyncast_result&) const
 .text._ZNK10__cxxabiv117__class_type_info11__do_upcastEPKS0_PKvRNS0_15__upcast_resultE
                0x0000000000011cc4       0x1c /home/olf/projects/circle/gcc-arm-9.2-2019.12-x86_64-arm-none-eabi/bin/../lib/gcc/arm-none-eabi/9.2.1/../../../../arm-none-eabi/lib/thumb/v7ve+simd/hard/libstdc++.a(class_type_info.o)
                0x0000000000011cc4                __cxxabiv1::__class_type_info::__do_upcast(__cxxabiv1::__class_type_info const*, void const*, __cxxabiv1::__class_type_info::__upcast_result&) const
 .text._ZNK10__cxxabiv117__class_type_info10__do_catchEPKSt9type_infoPPvj
                0x0000000000011ce0       0x2c /home/olf/projects/circle/gcc-arm-9.2-2019.12-x86_64-arm-none-eabi/bin/../lib/gcc/arm-none-eabi/9.2.1/../../../../arm-none-eabi/lib/thumb/v7ve+simd/hard/libstdc++.a(class_type_info.o)
                0x0000000000011ce0                __cxxabiv1::__class_type_info::__do_catch(std::type_info const*, void**, unsigned int) const
 .text          0x0000000000011d0c        0x0 /home/olf/projects/circle/gcc-arm-9.2-2019.12-x86_64-arm-none-eabi/bin/../lib/gcc/arm-none-eabi/9.2.1/../../../../arm-none-eabi/lib/thumb/v7ve+simd/hard/libstdc++.a(del_ops.o)
 .text._ZdlPvj  0x0000000000011d0c        0x4 /home/olf/projects/circle/gcc-arm-9.2-2019.12-x86_64-arm-none-eabi/bin/../lib/gcc/arm-none-eabi/9.2.1/../../../../arm-none-eabi/lib/thumb/v7ve+simd/hard/libstdc++.a(del_ops.o)
                0x0000000000011d0c                operator delete(void*, unsigned int)
 .text          0x0000000000011d10        0x0 /home/olf/projects/circle/gcc-arm-9.2-2019.12-x86_64-arm-none-eabi/bin/../lib/gcc/arm-none-eabi/9.2.1/../../../../arm-none-eabi/lib/thumb/v7ve+simd/hard/libstdc++.a(del_opv.o)
 .text._ZdaPv   0x0000000000011d10        0x4 /home/olf/projects/circle/gcc-arm-9.2-2019.12-x86_64-arm-none-eabi/bin/../lib/gcc/arm-none-eabi/9.2.1/../../../../arm-none-eabi/lib/thumb/v7ve+simd/hard/libstdc++.a(del_opv.o)
                0x0000000000011d10                operator delete[](void*)
 .text          0x0000000000011d14        0x0 /home/olf/projects/circle/gcc-arm-9.2-2019.12-x86_64-arm-none-eabi/bin/../lib/gcc/arm-none-eabi/9.2.1/../../../../arm-none-eabi/lib/thumb/v7ve+simd/hard/libstdc++.a(eh_arm.o)
 .text.__cxa_end_cleanup
                0x0000000000011d14        0xc /home/olf/projects/circle/gcc-arm-9.2-2019.12-x86_64-arm-none-eabi/bin/../lib/gcc/arm-none-eabi/9.2.1/../../../../arm-none-eabi/lib/thumb/v7ve+simd/hard/libstdc++.a(eh_arm.o)
                0x0000000000011d14                __cxa_end_cleanup
 .text.__cxa_type_match
                0x0000000000011d20       0xc0 /home/olf/projects/circle/gcc-arm-9.2-2019.12-x86_64-arm-none-eabi/bin/../lib/gcc/arm-none-eabi/9.2.1/../../../../arm-none-eabi/lib/thumb/v7ve+simd/hard/libstdc++.a(eh_arm.o)
                0x0000000000011d20                __cxa_type_match
 .text.__cxa_begin_cleanup
                0x0000000000011de0       0x64 /home/olf/projects/circle/gcc-arm-9.2-2019.12-x86_64-arm-none-eabi/bin/../lib/gcc/arm-none-eabi/9.2.1/../../../../arm-none-eabi/lib/thumb/v7ve+simd/hard/libstdc++.a(eh_arm.o)
                0x0000000000011de0                __cxa_begin_cleanup
 .text.__gnu_end_cleanup
                0x0000000000011e44       0x70 /home/olf/projects/circle/gcc-arm-9.2-2019.12-x86_64-arm-none-eabi/bin/../lib/gcc/arm-none-eabi/9.2.1/../../../../arm-none-eabi/lib/thumb/v7ve+simd/hard/libstdc++.a(eh_arm.o)
                0x0000000000011e44                __gnu_end_cleanup
 .text          0x0000000000011eb4        0x0 /home/olf/projects/circle/gcc-arm-9.2-2019.12-x86_64-arm-none-eabi/bin/../lib/gcc/arm-none-eabi/9.2.1/../../../../arm-none-eabi/lib/thumb/v7ve+simd/hard/libstdc++.a(eh_aux_runtime.o)
 .text.unlikely.__cxa_bad_cast
                0x0000000000011eb4       0x24 /home/olf/projects/circle/gcc-arm-9.2-2019.12-x86_64-arm-none-eabi/bin/../lib/gcc/arm-none-eabi/9.2.1/../../../../arm-none-eabi/lib/thumb/v7ve+simd/hard/libstdc++.a(eh_aux_runtime.o)
                0x0000000000011eb4                __cxa_bad_cast
 .text.unlikely.__cxa_bad_typeid
                0x0000000000011ed8       0x24 /home/olf/projects/circle/gcc-arm-9.2-2019.12-x86_64-arm-none-eabi/bin/../lib/gcc/arm-none-eabi/9.2.1/../../../../arm-none-eabi/lib/thumb/v7ve+simd/hard/libstdc++.a(eh_aux_runtime.o)
                0x0000000000011ed8                __cxa_bad_typeid
 .text.unlikely.__cxa_throw_bad_array_new_length
                0x0000000000011efc       0x24 /home/olf/projects/circle/gcc-arm-9.2-2019.12-x86_64-arm-none-eabi/bin/../lib/gcc/arm-none-eabi/9.2.1/../../../../arm-none-eabi/lib/thumb/v7ve+simd/hard/libstdc++.a(eh_aux_runtime.o)
                0x0000000000011efc                __cxa_throw_bad_array_new_length
 .text          0x0000000000011f20        0x0 /home/olf/projects/circle/gcc-arm-9.2-2019.12-x86_64-arm-none-eabi/bin/../lib/gcc/arm-none-eabi/9.2.1/../../../../arm-none-eabi/lib/thumb/v7ve+simd/hard/libstdc++.a(eh_exception.o)
 .text._ZNSt9exceptionD2Ev
                0x0000000000011f20        0x4 /home/olf/projects/circle/gcc-arm-9.2-2019.12-x86_64-arm-none-eabi/bin/../lib/gcc/arm-none-eabi/9.2.1/../../../../arm-none-eabi/lib/thumb/v7ve+simd/hard/libstdc++.a(eh_exception.o)
                0x0000000000011f20                std::exception::~exception()
                0x0000000000011f20                std::exception::~exception()
 .text._ZNSt13bad_exceptionD2Ev
                0x0000000000011f24        0x4 /home/olf/projects/circle/gcc-arm-9.2-2019.12-x86_64-arm-none-eabi/bin/../lib/gcc/arm-none-eabi/9.2.1/../../../../arm-none-eabi/lib/thumb/v7ve+simd/hard/libstdc++.a(eh_exception.o)
                0x0000000000011f24                std::bad_exception::~bad_exception()
                0x0000000000011f24                std::bad_exception::~bad_exception()
 .text._ZNKSt9exception4whatEv
                0x0000000000011f28        0xc /home/olf/projects/circle/gcc-arm-9.2-2019.12-x86_64-arm-none-eabi/bin/../lib/gcc/arm-none-eabi/9.2.1/../../../../arm-none-eabi/lib/thumb/v7ve+simd/hard/libstdc++.a(eh_exception.o)
                0x0000000000011f28                transaction clone for std::exception::what() const
                0x0000000000011f28                std::exception::what() const
 .text._ZNKSt13bad_exception4whatEv
                0x0000000000011f34        0xc /home/olf/projects/circle/gcc-arm-9.2-2019.12-x86_64-arm-none-eabi/bin/../lib/gcc/arm-none-eabi/9.2.1/../../../../arm-none-eabi/lib/thumb/v7ve+simd/hard/libstdc++.a(eh_exception.o)
                0x0000000000011f34                transaction clone for std::bad_exception::what() const
                0x0000000000011f34                std::bad_exception::what() const
 .text._ZNSt9exceptionD0Ev
                0x0000000000011f40       0x10 /home/olf/projects/circle/gcc-arm-9.2-2019.12-x86_64-arm-none-eabi/bin/../lib/gcc/arm-none-eabi/9.2.1/../../../../arm-none-eabi/lib/thumb/v7ve+simd/hard/libstdc++.a(eh_exception.o)
                0x0000000000011f40                std::exception::~exception()
 .text._ZNSt13bad_exceptionD0Ev
                0x0000000000011f50       0x10 /home/olf/projects/circle/gcc-arm-9.2-2019.12-x86_64-arm-none-eabi/bin/../lib/gcc/arm-none-eabi/9.2.1/../../../../arm-none-eabi/lib/thumb/v7ve+simd/hard/libstdc++.a(eh_exception.o)
                0x0000000000011f50                std::bad_exception::~bad_exception()
 .text._ZN10__cxxabiv115__forced_unwindD2Ev
                0x0000000000011f60        0x4 /home/olf/projects/circle/gcc-arm-9.2-2019.12-x86_64-arm-none-eabi/bin/../lib/gcc/arm-none-eabi/9.2.1/../../../../arm-none-eabi/lib/thumb/v7ve+simd/hard/libstdc++.a(eh_exception.o)
                0x0000000000011f60                __cxxabiv1::__forced_unwind::~__forced_unwind()
                0x0000000000011f60                __cxxabiv1::__forced_unwind::~__forced_unwind()
 .text._ZN10__cxxabiv115__forced_unwindD0Ev
                0x0000000000011f64       0x10 /home/olf/projects/circle/gcc-arm-9.2-2019.12-x86_64-arm-none-eabi/bin/../lib/gcc/arm-none-eabi/9.2.1/../../../../arm-none-eabi/lib/thumb/v7ve+simd/hard/libstdc++.a(eh_exception.o)
                0x0000000000011f64                __cxxabiv1::__forced_unwind::~__forced_unwind()
 .text._ZN10__cxxabiv119__foreign_exceptionD2Ev
                0x0000000000011f74        0x4 /home/olf/projects/circle/gcc-arm-9.2-2019.12-x86_64-arm-none-eabi/bin/../lib/gcc/arm-none-eabi/9.2.1/../../../../arm-none-eabi/lib/thumb/v7ve+simd/hard/libstdc++.a(eh_exception.o)
                0x0000000000011f74                __cxxabiv1::__foreign_exception::~__foreign_exception()
                0x0000000000011f74                __cxxabiv1::__foreign_exception::~__foreign_exception()
 .text._ZN10__cxxabiv119__foreign_exceptionD0Ev
                0x0000000000011f78       0x10 /home/olf/projects/circle/gcc-arm-9.2-2019.12-x86_64-arm-none-eabi/bin/../lib/gcc/arm-none-eabi/9.2.1/../../../../arm-none-eabi/lib/thumb/v7ve+simd/hard/libstdc++.a(eh_exception.o)
                0x0000000000011f78                __cxxabiv1::__foreign_exception::~__foreign_exception()
 .text._ZGTtNKSt9exceptionD1Ev
                0x0000000000011f88        0x4 /home/olf/projects/circle/gcc-arm-9.2-2019.12-x86_64-arm-none-eabi/bin/../lib/gcc/arm-none-eabi/9.2.1/../../../../arm-none-eabi/lib/thumb/v7ve+simd/hard/libstdc++.a(eh_exception.o)
                0x0000000000011f88                transaction clone for std::exception::~exception() const
 .text._ZGTtNKSt13bad_exceptionD1Ev
                0x0000000000011f8c        0x4 /home/olf/projects/circle/gcc-arm-9.2-2019.12-x86_64-arm-none-eabi/bin/../lib/gcc/arm-none-eabi/9.2.1/../../../../arm-none-eabi/lib/thumb/v7ve+simd/hard/libstdc++.a(eh_exception.o)
                0x0000000000011f8c                transaction clone for std::bad_exception::~bad_exception() const
 .text          0x0000000000011f90        0x0 /home/olf/projects/circle/gcc-arm-9.2-2019.12-x86_64-arm-none-eabi/bin/../lib/gcc/arm-none-eabi/9.2.1/../../../../arm-none-eabi/lib/thumb/v7ve+simd/hard/libstdc++.a(eh_globals.o)
 .text.__cxa_get_globals_fast
                0x0000000000011f90        0xc /home/olf/projects/circle/gcc-arm-9.2-2019.12-x86_64-arm-none-eabi/bin/../lib/gcc/arm-none-eabi/9.2.1/../../../../arm-none-eabi/lib/thumb/v7ve+simd/hard/libstdc++.a(eh_globals.o)
                0x0000000000011f90                __cxa_get_globals_fast
 .text.__cxa_get_globals
                0x0000000000011f9c        0xc /home/olf/projects/circle/gcc-arm-9.2-2019.12-x86_64-arm-none-eabi/bin/../lib/gcc/arm-none-eabi/9.2.1/../../../../arm-none-eabi/lib/thumb/v7ve+simd/hard/libstdc++.a(eh_globals.o)
                0x0000000000011f9c                __cxa_get_globals
 .text          0x0000000000011fa8        0x0 /home/olf/projects/circle/gcc-arm-9.2-2019.12-x86_64-arm-none-eabi/bin/../lib/gcc/arm-none-eabi/9.2.1/../../../../arm-none-eabi/lib/thumb/v7ve+simd/hard/libstdc++.a(eh_personality.o)
 .text._ZL28read_encoded_value_with_basehjPKhPj
                0x0000000000011fa8       0xc8 /home/olf/projects/circle/gcc-arm-9.2-2019.12-x86_64-arm-none-eabi/bin/../lib/gcc/arm-none-eabi/9.2.1/../../../../arm-none-eabi/lib/thumb/v7ve+simd/hard/libstdc++.a(eh_personality.o)
 .text._ZL21base_of_encoded_valuehP15_Unwind_Context
                0x0000000000012070       0x48 /home/olf/projects/circle/gcc-arm-9.2-2019.12-x86_64-arm-none-eabi/bin/../lib/gcc/arm-none-eabi/9.2.1/../../../../arm-none-eabi/lib/thumb/v7ve+simd/hard/libstdc++.a(eh_personality.o)
 .text._ZL17parse_lsda_headerP15_Unwind_ContextPKhP16lsda_header_info
                0x00000000000120b8       0x8c /home/olf/projects/circle/gcc-arm-9.2-2019.12-x86_64-arm-none-eabi/bin/../lib/gcc/arm-none-eabi/9.2.1/../../../../arm-none-eabi/lib/thumb/v7ve+simd/hard/libstdc++.a(eh_personality.o)
 .text.__gxx_personality_v0
                0x0000000000012144      0x4c4 /home/olf/projects/circle/gcc-arm-9.2-2019.12-x86_64-arm-none-eabi/bin/../lib/gcc/arm-none-eabi/9.2.1/../../../../arm-none-eabi/lib/thumb/v7ve+simd/hard/libstdc++.a(eh_personality.o)
                0x0000000000012144                __gxx_personality_v0
 .text          0x0000000000012608        0x0 /home/olf/projects/circle/gcc-arm-9.2-2019.12-x86_64-arm-none-eabi/bin/../lib/gcc/arm-none-eabi/9.2.1/../../../../arm-none-eabi/lib/thumb/v7ve+simd/hard/libstdc++.a(eh_terminate.o)
 .text._ZN10__cxxabiv111__terminateEPFvvE
                0x0000000000012608       0x28 /home/olf/projects/circle/gcc-arm-9.2-2019.12-x86_64-arm-none-eabi/bin/../lib/gcc/arm-none-eabi/9.2.1/../../../../arm-none-eabi/lib/thumb/v7ve+simd/hard/libstdc++.a(eh_terminate.o)
                0x0000000000012608                __cxxabiv1::__terminate(void (*)())
 .text._ZSt9terminatev
                0x0000000000012630       0x14 /home/olf/projects/circle/gcc-arm-9.2-2019.12-x86_64-arm-none-eabi/bin/../lib/gcc/arm-none-eabi/9.2.1/../../../../arm-none-eabi/lib/thumb/v7ve+simd/hard/libstdc++.a(eh_terminate.o)
                0x0000000000012630                std::terminate()
 .text._ZN10__cxxabiv112__unexpectedEPFvvE
                0x0000000000012644        0x8 /home/olf/projects/circle/gcc-arm-9.2-2019.12-x86_64-arm-none-eabi/bin/../lib/gcc/arm-none-eabi/9.2.1/../../../../arm-none-eabi/lib/thumb/v7ve+simd/hard/libstdc++.a(eh_terminate.o)
                0x0000000000012644                __cxxabiv1::__unexpected(void (*)())
 .text._ZSt10unexpectedv
                0x000000000001264c       0x14 /home/olf/projects/circle/gcc-arm-9.2-2019.12-x86_64-arm-none-eabi/bin/../lib/gcc/arm-none-eabi/9.2.1/../../../../arm-none-eabi/lib/thumb/v7ve+simd/hard/libstdc++.a(eh_terminate.o)
                0x000000000001264c                std::unexpected()
 .text._ZSt13set_terminatePFvvE
                0x0000000000012660       0x30 /home/olf/projects/circle/gcc-arm-9.2-2019.12-x86_64-arm-none-eabi/bin/../lib/gcc/arm-none-eabi/9.2.1/../../../../arm-none-eabi/lib/thumb/v7ve+simd/hard/libstdc++.a(eh_terminate.o)
                0x0000000000012660                std::set_terminate(void (*)())
 .text._ZSt13get_terminatev
                0x0000000000012690       0x10 /home/olf/projects/circle/gcc-arm-9.2-2019.12-x86_64-arm-none-eabi/bin/../lib/gcc/arm-none-eabi/9.2.1/../../../../arm-none-eabi/lib/thumb/v7ve+simd/hard/libstdc++.a(eh_terminate.o)
                0x0000000000012690                std::get_terminate()
 .text._ZSt14set_unexpectedPFvvE
                0x00000000000126a0       0x30 /home/olf/projects/circle/gcc-arm-9.2-2019.12-x86_64-arm-none-eabi/bin/../lib/gcc/arm-none-eabi/9.2.1/../../../../arm-none-eabi/lib/thumb/v7ve+simd/hard/libstdc++.a(eh_terminate.o)
                0x00000000000126a0                std::set_unexpected(void (*)())
 .text._ZSt14get_unexpectedv
                0x00000000000126d0       0x10 /home/olf/projects/circle/gcc-arm-9.2-2019.12-x86_64-arm-none-eabi/bin/../lib/gcc/arm-none-eabi/9.2.1/../../../../arm-none-eabi/lib/thumb/v7ve+simd/hard/libstdc++.a(eh_terminate.o)
                0x00000000000126d0                std::get_unexpected()
 .text          0x00000000000126e0        0x0 /home/olf/projects/circle/gcc-arm-9.2-2019.12-x86_64-arm-none-eabi/bin/../lib/gcc/arm-none-eabi/9.2.1/../../../../arm-none-eabi/lib/thumb/v7ve+simd/hard/libstdc++.a(eh_throw.o)
 .text._ZL23__gxx_exception_cleanup19_Unwind_Reason_CodeP21_Unwind_Control_Block
                0x00000000000126e0       0x44 /home/olf/projects/circle/gcc-arm-9.2-2019.12-x86_64-arm-none-eabi/bin/../lib/gcc/arm-none-eabi/9.2.1/../../../../arm-none-eabi/lib/thumb/v7ve+simd/hard/libstdc++.a(eh_throw.o)
 .text.__cxa_init_primary_exception
                0x0000000000012724       0x60 /home/olf/projects/circle/gcc-arm-9.2-2019.12-x86_64-arm-none-eabi/bin/../lib/gcc/arm-none-eabi/9.2.1/../../../../arm-none-eabi/lib/thumb/v7ve+simd/hard/libstdc++.a(eh_throw.o)
                0x0000000000012724                __cxa_init_primary_exception
 .text.__cxa_throw
                0x0000000000012784       0x38 /home/olf/projects/circle/gcc-arm-9.2-2019.12-x86_64-arm-none-eabi/bin/../lib/gcc/arm-none-eabi/9.2.1/../../../../arm-none-eabi/lib/thumb/v7ve+simd/hard/libstdc++.a(eh_throw.o)
                0x0000000000012784                __cxa_throw
 .text.__cxa_rethrow
                0x00000000000127bc       0x70 /home/olf/projects/circle/gcc-arm-9.2-2019.12-x86_64-arm-none-eabi/bin/../lib/gcc/arm-none-eabi/9.2.1/../../../../arm-none-eabi/lib/thumb/v7ve+simd/hard/libstdc++.a(eh_throw.o)
                0x00000000000127bc                __cxa_rethrow
 .text          0x000000000001282c        0x0 /home/olf/projects/circle/gcc-arm-9.2-2019.12-x86_64-arm-none-eabi/bin/../lib/gcc/arm-none-eabi/9.2.1/../../../../arm-none-eabi/lib/thumb/v7ve+simd/hard/libstdc++.a(eh_unex_handler.o)
 .text          0x000000000001282c        0x0 /home/olf/projects/circle/gcc-arm-9.2-2019.12-x86_64-arm-none-eabi/bin/../lib/gcc/arm-none-eabi/9.2.1/../../../../arm-none-eabi/lib/thumb/v7ve+simd/hard/libstdc++.a(new_op.o)
 .text._Znwj    0x000000000001282c       0x40 /home/olf/projects/circle/gcc-arm-9.2-2019.12-x86_64-arm-none-eabi/bin/../lib/gcc/arm-none-eabi/9.2.1/../../../../arm-none-eabi/lib/thumb/v7ve+simd/hard/libstdc++.a(new_op.o)
                0x000000000001282c                operator new(unsigned int)
 .text          0x000000000001286c        0x0 /home/olf/projects/circle/gcc-arm-9.2-2019.12-x86_64-arm-none-eabi/bin/../lib/gcc/arm-none-eabi/9.2.1/../../../../arm-none-eabi/lib/thumb/v7ve+simd/hard/libstdc++.a(new_opv.o)
 .text._Znaj    0x000000000001286c        0x4 /home/olf/projects/circle/gcc-arm-9.2-2019.12-x86_64-arm-none-eabi/bin/../lib/gcc/arm-none-eabi/9.2.1/../../../../arm-none-eabi/lib/thumb/v7ve+simd/hard/libstdc++.a(new_opv.o)
                0x000000000001286c                operator new[](unsigned int)
 .text          0x0000000000012870        0x0 /home/olf/projects/circle/gcc-arm-9.2-2019.12-x86_64-arm-none-eabi/bin/../lib/gcc/arm-none-eabi/9.2.1/../../../../arm-none-eabi/lib/thumb/v7ve+simd/hard/libstdc++.a(pure.o)
 .text.__cxa_pure_virtual
                0x0000000000012870       0x18 /home/olf/projects/circle/gcc-arm-9.2-2019.12-x86_64-arm-none-eabi/bin/../lib/gcc/arm-none-eabi/9.2.1/../../../../arm-none-eabi/lib/thumb/v7ve+simd/hard/libstdc++.a(pure.o)
                0x0000000000012870                __cxa_pure_virtual
 .text.__cxa_deleted_virtual
                0x0000000000012888       0x18 /home/olf/projects/circle/gcc-arm-9.2-2019.12-x86_64-arm-none-eabi/bin/../lib/gcc/arm-none-eabi/9.2.1/../../../../arm-none-eabi/lib/thumb/v7ve+simd/hard/libstdc++.a(pure.o)
                0x0000000000012888                __cxa_deleted_virtual
 .text          0x00000000000128a0        0x0 /home/olf/projects/circle/gcc-arm-9.2-2019.12-x86_64-arm-none-eabi/bin/../lib/gcc/arm-none-eabi/9.2.1/../../../../arm-none-eabi/lib/thumb/v7ve+simd/hard/libstdc++.a(si_class_type_info.o)
 .text._ZN10__cxxabiv120__si_class_type_infoD2Ev
                0x00000000000128a0       0x14 /home/olf/projects/circle/gcc-arm-9.2-2019.12-x86_64-arm-none-eabi/bin/../lib/gcc/arm-none-eabi/9.2.1/../../../../arm-none-eabi/lib/thumb/v7ve+simd/hard/libstdc++.a(si_class_type_info.o)
                0x00000000000128a0                __cxxabiv1::__si_class_type_info::~__si_class_type_info()
                0x00000000000128a0                __cxxabiv1::__si_class_type_info::~__si_class_type_info()
 .text._ZN10__cxxabiv120__si_class_type_infoD0Ev
                0x00000000000128b4       0x1c /home/olf/projects/circle/gcc-arm-9.2-2019.12-x86_64-arm-none-eabi/bin/../lib/gcc/arm-none-eabi/9.2.1/../../../../arm-none-eabi/lib/thumb/v7ve+simd/hard/libstdc++.a(si_class_type_info.o)
                0x00000000000128b4                __cxxabiv1::__si_class_type_info::~__si_class_type_info()
 .text._ZNK10__cxxabiv120__si_class_type_info20__do_find_public_srcEiPKvPKNS_17__class_type_infoES2_
                0x00000000000128d0       0x3c /home/olf/projects/circle/gcc-arm-9.2-2019.12-x86_64-arm-none-eabi/bin/../lib/gcc/arm-none-eabi/9.2.1/../../../../arm-none-eabi/lib/thumb/v7ve+simd/hard/libstdc++.a(si_class_type_info.o)
                0x00000000000128d0                __cxxabiv1::__si_class_type_info::__do_find_public_src(int, void const*, __cxxabiv1::__class_type_info const*, void const*) const
 .text._ZNK10__cxxabiv120__si_class_type_info12__do_dyncastEiNS_17__class_type_info10__sub_kindEPKS1_PKvS4_S6_RNS1_16__dyncast_resultE
                0x000000000001290c       0x8c /home/olf/projects/circle/gcc-arm-9.2-2019.12-x86_64-arm-none-eabi/bin/../lib/gcc/arm-none-eabi/9.2.1/../../../../arm-none-eabi/lib/thumb/v7ve+simd/hard/libstdc++.a(si_class_type_info.o)
                0x000000000001290c                __cxxabiv1::__si_class_type_info::__do_dyncast(int, __cxxabiv1::__class_type_info::__sub_kind, __cxxabiv1::__class_type_info const*, void const*, __cxxabiv1::__class_type_info const*, void const*, __cxxabiv1::__class_type_info::__dyncast_result&) const
 .text._ZNK10__cxxabiv120__si_class_type_info11__do_upcastEPKNS_17__class_type_infoEPKvRNS1_15__upcast_resultE
                0x0000000000012998       0x2c /home/olf/projects/circle/gcc-arm-9.2-2019.12-x86_64-arm-none-eabi/bin/../lib/gcc/arm-none-eabi/9.2.1/../../../../arm-none-eabi/lib/thumb/v7ve+simd/hard/libstdc++.a(si_class_type_info.o)
                0x0000000000012998                __cxxabiv1::__si_class_type_info::__do_upcast(__cxxabiv1::__class_type_info const*, void const*, __cxxabiv1::__class_type_info::__upcast_result&) const
 .text          0x00000000000129c4        0x0 /home/olf/projects/circle/gcc-arm-9.2-2019.12-x86_64-arm-none-eabi/bin/../lib/gcc/arm-none-eabi/9.2.1/../../../../arm-none-eabi/lib/thumb/v7ve+simd/hard/libstdc++.a(tinfo.o)
 .text._ZNSt9type_infoD2Ev
                0x00000000000129c4        0x4 /home/olf/projects/circle/gcc-arm-9.2-2019.12-x86_64-arm-none-eabi/bin/../lib/gcc/arm-none-eabi/9.2.1/../../../../arm-none-eabi/lib/thumb/v7ve+simd/hard/libstdc++.a(tinfo.o)
                0x00000000000129c4                std::type_info::~type_info()
                0x00000000000129c4                std::type_info::~type_info()
 .text._ZNKSt9type_info14__is_pointer_pEv
                0x00000000000129c8        0x4 /home/olf/projects/circle/gcc-arm-9.2-2019.12-x86_64-arm-none-eabi/bin/../lib/gcc/arm-none-eabi/9.2.1/../../../../arm-none-eabi/lib/thumb/v7ve+simd/hard/libstdc++.a(tinfo.o)
                0x00000000000129c8                std::type_info::__is_function_p() const
                0x00000000000129c8                std::type_info::__is_pointer_p() const
 .text._ZNKSt9type_info11__do_upcastEPKN10__cxxabiv117__class_type_infoEPPv
                0x00000000000129cc        0x4 /home/olf/projects/circle/gcc-arm-9.2-2019.12-x86_64-arm-none-eabi/bin/../lib/gcc/arm-none-eabi/9.2.1/../../../../arm-none-eabi/lib/thumb/v7ve+simd/hard/libstdc++.a(tinfo.o)
                0x00000000000129cc                std::type_info::__do_upcast(__cxxabiv1::__class_type_info const*, void**) const
 .text._ZNSt9type_infoD0Ev
                0x00000000000129d0       0x10 /home/olf/projects/circle/gcc-arm-9.2-2019.12-x86_64-arm-none-eabi/bin/../lib/gcc/arm-none-eabi/9.2.1/../../../../arm-none-eabi/lib/thumb/v7ve+simd/hard/libstdc++.a(tinfo.o)
                0x00000000000129d0                std::type_info::~type_info()
 .text._ZNKSt9type_infoeqERKS_
                0x00000000000129e0       0x2c /home/olf/projects/circle/gcc-arm-9.2-2019.12-x86_64-arm-none-eabi/bin/../lib/gcc/arm-none-eabi/9.2.1/../../../../arm-none-eabi/lib/thumb/v7ve+simd/hard/libstdc++.a(tinfo.o)
                0x00000000000129e0                std::type_info::operator==(std::type_info const&) const
 .text._ZNKSt9type_info10__do_catchEPKS_PPvj
                0x0000000000012a0c        0x4 /home/olf/projects/circle/gcc-arm-9.2-2019.12-x86_64-arm-none-eabi/bin/../lib/gcc/arm-none-eabi/9.2.1/../../../../arm-none-eabi/lib/thumb/v7ve+simd/hard/libstdc++.a(tinfo.o)
                0x0000000000012a0c                std::type_info::__do_catch(std::type_info const*, void**, unsigned int) const
 .text          0x0000000000012a10        0x0 /home/olf/projects/circle/gcc-arm-9.2-2019.12-x86_64-arm-none-eabi/bin/../lib/gcc/arm-none-eabi/9.2.1/../../../../arm-none-eabi/lib/thumb/v7ve+simd/hard/libstdc++.a(vterminate.o)
 .text._ZN9__gnu_cxx27__verbose_terminate_handlerEv
                0x0000000000012a10      0x128 /home/olf/projects/circle/gcc-arm-9.2-2019.12-x86_64-arm-none-eabi/bin/../lib/gcc/arm-none-eabi/9.2.1/../../../../arm-none-eabi/lib/thumb/v7ve+simd/hard/libstdc++.a(vterminate.o)
                0x0000000000012a10                __gnu_cxx::__verbose_terminate_handler()
 .text          0x0000000000012b38        0x0 /home/olf/projects/circle/gcc-arm-9.2-2019.12-x86_64-arm-none-eabi/bin/../lib/gcc/arm-none-eabi/9.2.1/../../../../arm-none-eabi/lib/thumb/v7ve+simd/hard/libstdc++.a(bad_alloc.o)
 .text._ZNKSt9bad_alloc4whatEv
                0x0000000000012b38        0xc /home/olf/projects/circle/gcc-arm-9.2-2019.12-x86_64-arm-none-eabi/bin/../lib/gcc/arm-none-eabi/9.2.1/../../../../arm-none-eabi/lib/thumb/v7ve+simd/hard/libstdc++.a(bad_alloc.o)
                0x0000000000012b38                std::bad_alloc::what() const
 .text._ZNSt9bad_allocD2Ev
                0x0000000000012b44       0x14 /home/olf/projects/circle/gcc-arm-9.2-2019.12-x86_64-arm-none-eabi/bin/../lib/gcc/arm-none-eabi/9.2.1/../../../../arm-none-eabi/lib/thumb/v7ve+simd/hard/libstdc++.a(bad_alloc.o)
                0x0000000000012b44                std::bad_alloc::~bad_alloc()
                0x0000000000012b44                std::bad_alloc::~bad_alloc()
 .text._ZNSt9bad_allocD0Ev
                0x0000000000012b58       0x1c /home/olf/projects/circle/gcc-arm-9.2-2019.12-x86_64-arm-none-eabi/bin/../lib/gcc/arm-none-eabi/9.2.1/../../../../arm-none-eabi/lib/thumb/v7ve+simd/hard/libstdc++.a(bad_alloc.o)
                0x0000000000012b58                std::bad_alloc::~bad_alloc()
 .text          0x0000000000012b74        0x0 /home/olf/projects/circle/gcc-arm-9.2-2019.12-x86_64-arm-none-eabi/bin/../lib/gcc/arm-none-eabi/9.2.1/../../../../arm-none-eabi/lib/thumb/v7ve+simd/hard/libstdc++.a(bad_array_new.o)
 .text._ZNKSt20bad_array_new_length4whatEv
                0x0000000000012b74        0xc /home/olf/projects/circle/gcc-arm-9.2-2019.12-x86_64-arm-none-eabi/bin/../lib/gcc/arm-none-eabi/9.2.1/../../../../arm-none-eabi/lib/thumb/v7ve+simd/hard/libstdc++.a(bad_array_new.o)
                0x0000000000012b74                std::bad_array_new_length::what() const
 .text._ZNSt20bad_array_new_lengthD2Ev
                0x0000000000012b80       0x14 /home/olf/projects/circle/gcc-arm-9.2-2019.12-x86_64-arm-none-eabi/bin/../lib/gcc/arm-none-eabi/9.2.1/../../../../arm-none-eabi/lib/thumb/v7ve+simd/hard/libstdc++.a(bad_array_new.o)
                0x0000000000012b80                std::bad_array_new_length::~bad_array_new_length()
                0x0000000000012b80                std::bad_array_new_length::~bad_array_new_length()
 .text._ZNSt20bad_array_new_lengthD0Ev
                0x0000000000012b94       0x1c /home/olf/projects/circle/gcc-arm-9.2-2019.12-x86_64-arm-none-eabi/bin/../lib/gcc/arm-none-eabi/9.2.1/../../../../arm-none-eabi/lib/thumb/v7ve+simd/hard/libstdc++.a(bad_array_new.o)
                0x0000000000012b94                std::bad_array_new_length::~bad_array_new_length()
 .text          0x0000000000012bb0        0x0 /home/olf/projects/circle/gcc-arm-9.2-2019.12-x86_64-arm-none-eabi/bin/../lib/gcc/arm-none-eabi/9.2.1/../../../../arm-none-eabi/lib/thumb/v7ve+simd/hard/libstdc++.a(bad_cast.o)
 .text._ZNKSt8bad_cast4whatEv
                0x0000000000012bb0        0xc /home/olf/projects/circle/gcc-arm-9.2-2019.12-x86_64-arm-none-eabi/bin/../lib/gcc/arm-none-eabi/9.2.1/../../../../arm-none-eabi/lib/thumb/v7ve+simd/hard/libstdc++.a(bad_cast.o)
                0x0000000000012bb0                std::bad_cast::what() const
 .text._ZNSt8bad_castD2Ev
                0x0000000000012bbc       0x14 /home/olf/projects/circle/gcc-arm-9.2-2019.12-x86_64-arm-none-eabi/bin/../lib/gcc/arm-none-eabi/9.2.1/../../../../arm-none-eabi/lib/thumb/v7ve+simd/hard/libstdc++.a(bad_cast.o)
                0x0000000000012bbc                std::bad_cast::~bad_cast()
                0x0000000000012bbc                std::bad_cast::~bad_cast()
 .text._ZNSt8bad_castD0Ev
                0x0000000000012bd0       0x1c /home/olf/projects/circle/gcc-arm-9.2-2019.12-x86_64-arm-none-eabi/bin/../lib/gcc/arm-none-eabi/9.2.1/../../../../arm-none-eabi/lib/thumb/v7ve+simd/hard/libstdc++.a(bad_cast.o)
                0x0000000000012bd0                std::bad_cast::~bad_cast()
 .text          0x0000000000012bec        0x0 /home/olf/projects/circle/gcc-arm-9.2-2019.12-x86_64-arm-none-eabi/bin/../lib/gcc/arm-none-eabi/9.2.1/../../../../arm-none-eabi/lib/thumb/v7ve+simd/hard/libstdc++.a(bad_typeid.o)
 .text._ZNKSt10bad_typeid4whatEv
                0x0000000000012bec        0xc /home/olf/projects/circle/gcc-arm-9.2-2019.12-x86_64-arm-none-eabi/bin/../lib/gcc/arm-none-eabi/9.2.1/../../../../arm-none-eabi/lib/thumb/v7ve+simd/hard/libstdc++.a(bad_typeid.o)
                0x0000000000012bec                std::bad_typeid::what() const
 .text._ZNSt10bad_typeidD2Ev
                0x0000000000012bf8       0x14 /home/olf/projects/circle/gcc-arm-9.2-2019.12-x86_64-arm-none-eabi/bin/../lib/gcc/arm-none-eabi/9.2.1/../../../../arm-none-eabi/lib/thumb/v7ve+simd/hard/libstdc++.a(bad_typeid.o)
                0x0000000000012bf8                std::bad_typeid::~bad_typeid()
                0x0000000000012bf8                std::bad_typeid::~bad_typeid()
 .text._ZNSt10bad_typeidD0Ev
                0x0000000000012c0c       0x1c /home/olf/projects/circle/gcc-arm-9.2-2019.12-x86_64-arm-none-eabi/bin/../lib/gcc/arm-none-eabi/9.2.1/../../../../arm-none-eabi/lib/thumb/v7ve+simd/hard/libstdc++.a(bad_typeid.o)
                0x0000000000012c0c                std::bad_typeid::~bad_typeid()
 .text          0x0000000000012c28        0x0 /home/olf/projects/circle/gcc-arm-9.2-2019.12-x86_64-arm-none-eabi/bin/../lib/gcc/arm-none-eabi/9.2.1/../../../../arm-none-eabi/lib/thumb/v7ve+simd/hard/libstdc++.a(cp-demangle.o)
 .text.d_make_comp
                0x0000000000012c28       0x98 /home/olf/projects/circle/gcc-arm-9.2-2019.12-x86_64-arm-none-eabi/bin/../lib/gcc/arm-none-eabi/9.2.1/../../../../arm-none-eabi/lib/thumb/v7ve+simd/hard/libstdc++.a(cp-demangle.o)
 .text.d_ref_qualifier
                0x0000000000012cc0       0x38 /home/olf/projects/circle/gcc-arm-9.2-2019.12-x86_64-arm-none-eabi/bin/../lib/gcc/arm-none-eabi/9.2.1/../../../../arm-none-eabi/lib/thumb/v7ve+simd/hard/libstdc++.a(cp-demangle.o)
 .text.d_count_templates_scopes
                0x0000000000012cf8       0xd0 /home/olf/projects/circle/gcc-arm-9.2-2019.12-x86_64-arm-none-eabi/bin/../lib/gcc/arm-none-eabi/9.2.1/../../../../arm-none-eabi/lib/thumb/v7ve+simd/hard/libstdc++.a(cp-demangle.o)
 .text.d_append_buffer
                0x0000000000012dc8       0x58 /home/olf/projects/circle/gcc-arm-9.2-2019.12-x86_64-arm-none-eabi/bin/../lib/gcc/arm-none-eabi/9.2.1/../../../../arm-none-eabi/lib/thumb/v7ve+simd/hard/libstdc++.a(cp-demangle.o)
 .text.d_number.isra.0
                0x0000000000012e20       0x84 /home/olf/projects/circle/gcc-arm-9.2-2019.12-x86_64-arm-none-eabi/bin/../lib/gcc/arm-none-eabi/9.2.1/../../../../arm-none-eabi/lib/thumb/v7ve+simd/hard/libstdc++.a(cp-demangle.o)
 .text.d_number_component
                0x0000000000012ea4       0x30 /home/olf/projects/circle/gcc-arm-9.2-2019.12-x86_64-arm-none-eabi/bin/../lib/gcc/arm-none-eabi/9.2.1/../../../../arm-none-eabi/lib/thumb/v7ve+simd/hard/libstdc++.a(cp-demangle.o)
 .text.d_compact_number
                0x0000000000012ed4       0x34 /home/olf/projects/circle/gcc-arm-9.2-2019.12-x86_64-arm-none-eabi/bin/../lib/gcc/arm-none-eabi/9.2.1/../../../../arm-none-eabi/lib/thumb/v7ve+simd/hard/libstdc++.a(cp-demangle.o)
 .text.d_template_param
                0x0000000000012f08       0x3c /home/olf/projects/circle/gcc-arm-9.2-2019.12-x86_64-arm-none-eabi/bin/../lib/gcc/arm-none-eabi/9.2.1/../../../../arm-none-eabi/lib/thumb/v7ve+simd/hard/libstdc++.a(cp-demangle.o)
 .text.d_source_name
                0x0000000000012f44       0xdc /home/olf/projects/circle/gcc-arm-9.2-2019.12-x86_64-arm-none-eabi/bin/../lib/gcc/arm-none-eabi/9.2.1/../../../../arm-none-eabi/lib/thumb/v7ve+simd/hard/libstdc++.a(cp-demangle.o)
 .text.d_abi_tags
                0x0000000000013020       0x38 /home/olf/projects/circle/gcc-arm-9.2-2019.12-x86_64-arm-none-eabi/bin/../lib/gcc/arm-none-eabi/9.2.1/../../../../arm-none-eabi/lib/thumb/v7ve+simd/hard/libstdc++.a(cp-demangle.o)
 .text.d_substitution
                0x0000000000013058      0x170 /home/olf/projects/circle/gcc-arm-9.2-2019.12-x86_64-arm-none-eabi/bin/../lib/gcc/arm-none-eabi/9.2.1/../../../../arm-none-eabi/lib/thumb/v7ve+simd/hard/libstdc++.a(cp-demangle.o)
 .text.d_call_offset
                0x00000000000131c8       0x54 /home/olf/projects/circle/gcc-arm-9.2-2019.12-x86_64-arm-none-eabi/bin/../lib/gcc/arm-none-eabi/9.2.1/../../../../arm-none-eabi/lib/thumb/v7ve+simd/hard/libstdc++.a(cp-demangle.o)
 .text.next_is_type_qual.isra.0
                0x000000000001321c       0x3c /home/olf/projects/circle/gcc-arm-9.2-2019.12-x86_64-arm-none-eabi/bin/../lib/gcc/arm-none-eabi/9.2.1/../../../../arm-none-eabi/lib/thumb/v7ve+simd/hard/libstdc++.a(cp-demangle.o)
 .text.d_discriminator
                0x0000000000013258       0x50 /home/olf/projects/circle/gcc-arm-9.2-2019.12-x86_64-arm-none-eabi/bin/../lib/gcc/arm-none-eabi/9.2.1/../../../../arm-none-eabi/lib/thumb/v7ve+simd/hard/libstdc++.a(cp-demangle.o)
 .text.d_index_template_argument.part.0
                0x00000000000132a8       0x24 /home/olf/projects/circle/gcc-arm-9.2-2019.12-x86_64-arm-none-eabi/bin/../lib/gcc/arm-none-eabi/9.2.1/../../../../arm-none-eabi/lib/thumb/v7ve+simd/hard/libstdc++.a(cp-demangle.o)
 .text.d_lookup_template_argument.isra.0
                0x00000000000132cc       0x20 /home/olf/projects/circle/gcc-arm-9.2-2019.12-x86_64-arm-none-eabi/bin/../lib/gcc/arm-none-eabi/9.2.1/../../../../arm-none-eabi/lib/thumb/v7ve+simd/hard/libstdc++.a(cp-demangle.o)
 .text.d_find_pack
                0x00000000000132ec       0x90 /home/olf/projects/circle/gcc-arm-9.2-2019.12-x86_64-arm-none-eabi/bin/../lib/gcc/arm-none-eabi/9.2.1/../../../../arm-none-eabi/lib/thumb/v7ve+simd/hard/libstdc++.a(cp-demangle.o)
 .text.d_growable_string_callback_adapter
                0x000000000001337c       0x78 /home/olf/projects/circle/gcc-arm-9.2-2019.12-x86_64-arm-none-eabi/bin/../lib/gcc/arm-none-eabi/9.2.1/../../../../arm-none-eabi/lib/thumb/v7ve+simd/hard/libstdc++.a(cp-demangle.o)
 .text.d_exprlist
                0x00000000000133f4      0x4e4 /home/olf/projects/circle/gcc-arm-9.2-2019.12-x86_64-arm-none-eabi/bin/../lib/gcc/arm-none-eabi/9.2.1/../../../../arm-none-eabi/lib/thumb/v7ve+simd/hard/libstdc++.a(cp-demangle.o)
 .text.d_expression_1
                0x00000000000138d8      0x410 /home/olf/projects/circle/gcc-arm-9.2-2019.12-x86_64-arm-none-eabi/bin/../lib/gcc/arm-none-eabi/9.2.1/../../../../arm-none-eabi/lib/thumb/v7ve+simd/hard/libstdc++.a(cp-demangle.o)
 .text.d_template_arg
                0x0000000000013ce8       0x54 /home/olf/projects/circle/gcc-arm-9.2-2019.12-x86_64-arm-none-eabi/bin/../lib/gcc/arm-none-eabi/9.2.1/../../../../arm-none-eabi/lib/thumb/v7ve+simd/hard/libstdc++.a(cp-demangle.o)
 .text.d_template_args_1
                0x0000000000013d3c       0x68 /home/olf/projects/circle/gcc-arm-9.2-2019.12-x86_64-arm-none-eabi/bin/../lib/gcc/arm-none-eabi/9.2.1/../../../../arm-none-eabi/lib/thumb/v7ve+simd/hard/libstdc++.a(cp-demangle.o)
 .text.d_template_args
                0x0000000000013da4       0x18 /home/olf/projects/circle/gcc-arm-9.2-2019.12-x86_64-arm-none-eabi/bin/../lib/gcc/arm-none-eabi/9.2.1/../../../../arm-none-eabi/lib/thumb/v7ve+simd/hard/libstdc++.a(cp-demangle.o)
 .text.d_encoding
                0x0000000000013dbc      0x598 /home/olf/projects/circle/gcc-arm-9.2-2019.12-x86_64-arm-none-eabi/bin/../lib/gcc/arm-none-eabi/9.2.1/../../../../arm-none-eabi/lib/thumb/v7ve+simd/hard/libstdc++.a(cp-demangle.o)
 .text.d_name   0x0000000000014354      0x378 /home/olf/projects/circle/gcc-arm-9.2-2019.12-x86_64-arm-none-eabi/bin/../lib/gcc/arm-none-eabi/9.2.1/../../../../arm-none-eabi/lib/thumb/v7ve+simd/hard/libstdc++.a(cp-demangle.o)
 .text.d_type   0x00000000000146cc      0x7e4 /home/olf/projects/circle/gcc-arm-9.2-2019.12-x86_64-arm-none-eabi/bin/../lib/gcc/arm-none-eabi/9.2.1/../../../../arm-none-eabi/lib/thumb/v7ve+simd/hard/libstdc++.a(cp-demangle.o)
 .text.d_operator_name
                0x0000000000014eb0       0xf8 /home/olf/projects/circle/gcc-arm-9.2-2019.12-x86_64-arm-none-eabi/bin/../lib/gcc/arm-none-eabi/9.2.1/../../../../arm-none-eabi/lib/thumb/v7ve+simd/hard/libstdc++.a(cp-demangle.o)
 .text.d_parmlist
                0x0000000000014fa8       0xa0 /home/olf/projects/circle/gcc-arm-9.2-2019.12-x86_64-arm-none-eabi/bin/../lib/gcc/arm-none-eabi/9.2.1/../../../../arm-none-eabi/lib/thumb/v7ve+simd/hard/libstdc++.a(cp-demangle.o)
 .text.d_cv_qualifiers
                0x0000000000015048      0x16c /home/olf/projects/circle/gcc-arm-9.2-2019.12-x86_64-arm-none-eabi/bin/../lib/gcc/arm-none-eabi/9.2.1/../../../../arm-none-eabi/lib/thumb/v7ve+simd/hard/libstdc++.a(cp-demangle.o)
 .text.d_bare_function_type
                0x00000000000151b4       0x48 /home/olf/projects/circle/gcc-arm-9.2-2019.12-x86_64-arm-none-eabi/bin/../lib/gcc/arm-none-eabi/9.2.1/../../../../arm-none-eabi/lib/thumb/v7ve+simd/hard/libstdc++.a(cp-demangle.o)
 .text.d_function_type
                0x00000000000151fc       0x6c /home/olf/projects/circle/gcc-arm-9.2-2019.12-x86_64-arm-none-eabi/bin/../lib/gcc/arm-none-eabi/9.2.1/../../../../arm-none-eabi/lib/thumb/v7ve+simd/hard/libstdc++.a(cp-demangle.o)
 .text.d_unqualified_name
                0x0000000000015268      0x2a8 /home/olf/projects/circle/gcc-arm-9.2-2019.12-x86_64-arm-none-eabi/bin/../lib/gcc/arm-none-eabi/9.2.1/../../../../arm-none-eabi/lib/thumb/v7ve+simd/hard/libstdc++.a(cp-demangle.o)
 .text.d_expr_primary
                0x0000000000015510       0xdc /home/olf/projects/circle/gcc-arm-9.2-2019.12-x86_64-arm-none-eabi/bin/../lib/gcc/arm-none-eabi/9.2.1/../../../../arm-none-eabi/lib/thumb/v7ve+simd/hard/libstdc++.a(cp-demangle.o)
 .text.d_print_comp
                0x00000000000155ec     0x326c /home/olf/projects/circle/gcc-arm-9.2-2019.12-x86_64-arm-none-eabi/bin/../lib/gcc/arm-none-eabi/9.2.1/../../../../arm-none-eabi/lib/thumb/v7ve+simd/hard/libstdc++.a(cp-demangle.o)
 .text.d_print_mod
                0x0000000000018858      0x680 /home/olf/projects/circle/gcc-arm-9.2-2019.12-x86_64-arm-none-eabi/bin/../lib/gcc/arm-none-eabi/9.2.1/../../../../arm-none-eabi/lib/thumb/v7ve+simd/hard/libstdc++.a(cp-demangle.o)
 .text.d_print_function_type.isra.0
                0x0000000000018ed8      0x1ec /home/olf/projects/circle/gcc-arm-9.2-2019.12-x86_64-arm-none-eabi/bin/../lib/gcc/arm-none-eabi/9.2.1/../../../../arm-none-eabi/lib/thumb/v7ve+simd/hard/libstdc++.a(cp-demangle.o)
 .text.d_print_mod_list
                0x00000000000190c4      0x2a0 /home/olf/projects/circle/gcc-arm-9.2-2019.12-x86_64-arm-none-eabi/bin/../lib/gcc/arm-none-eabi/9.2.1/../../../../arm-none-eabi/lib/thumb/v7ve+simd/hard/libstdc++.a(cp-demangle.o)
 .text.d_print_array_type.isra.0
                0x0000000000019364      0x1bc /home/olf/projects/circle/gcc-arm-9.2-2019.12-x86_64-arm-none-eabi/bin/../lib/gcc/arm-none-eabi/9.2.1/../../../../arm-none-eabi/lib/thumb/v7ve+simd/hard/libstdc++.a(cp-demangle.o)
 .text.d_print_expr_op
                0x0000000000019520       0x68 /home/olf/projects/circle/gcc-arm-9.2-2019.12-x86_64-arm-none-eabi/bin/../lib/gcc/arm-none-eabi/9.2.1/../../../../arm-none-eabi/lib/thumb/v7ve+simd/hard/libstdc++.a(cp-demangle.o)
 .text.d_print_subexpr
                0x0000000000019588       0xa0 /home/olf/projects/circle/gcc-arm-9.2-2019.12-x86_64-arm-none-eabi/bin/../lib/gcc/arm-none-eabi/9.2.1/../../../../arm-none-eabi/lib/thumb/v7ve+simd/hard/libstdc++.a(cp-demangle.o)
 .text.d_maybe_print_fold_expression.isra.0
                0x0000000000019628      0x25c /home/olf/projects/circle/gcc-arm-9.2-2019.12-x86_64-arm-none-eabi/bin/../lib/gcc/arm-none-eabi/9.2.1/../../../../arm-none-eabi/lib/thumb/v7ve+simd/hard/libstdc++.a(cp-demangle.o)
 .text.d_demangle_callback.constprop.0
                0x0000000000019884      0x344 /home/olf/projects/circle/gcc-arm-9.2-2019.12-x86_64-arm-none-eabi/bin/../lib/gcc/arm-none-eabi/9.2.1/../../../../arm-none-eabi/lib/thumb/v7ve+simd/hard/libstdc++.a(cp-demangle.o)
 .text.__cxa_demangle
                0x0000000000019bc8       0xd4 /home/olf/projects/circle/gcc-arm-9.2-2019.12-x86_64-arm-none-eabi/bin/../lib/gcc/arm-none-eabi/9.2.1/../../../../arm-none-eabi/lib/thumb/v7ve+simd/hard/libstdc++.a(cp-demangle.o)
                0x0000000000019bc8                __cxa_demangle
 .text.__gcclibcxx_demangle_callback
                0x0000000000019c9c       0x20 /home/olf/projects/circle/gcc-arm-9.2-2019.12-x86_64-arm-none-eabi/bin/../lib/gcc/arm-none-eabi/9.2.1/../../../../arm-none-eabi/lib/thumb/v7ve+simd/hard/libstdc++.a(cp-demangle.o)
                0x0000000000019c9c                __gcclibcxx_demangle_callback
 .text          0x0000000000019cbc        0x0 /home/olf/projects/circle/gcc-arm-9.2-2019.12-x86_64-arm-none-eabi/bin/../lib/gcc/arm-none-eabi/9.2.1/../../../../arm-none-eabi/lib/thumb/v7ve+simd/hard/libstdc++.a(del_op.o)
 .text._ZdlPv   0x0000000000019cbc        0x4 /home/olf/projects/circle/gcc-arm-9.2-2019.12-x86_64-arm-none-eabi/bin/../lib/gcc/arm-none-eabi/9.2.1/../../../../arm-none-eabi/lib/thumb/v7ve+simd/hard/libstdc++.a(del_op.o)
                0x0000000000019cbc                operator delete(void*)
 .text          0x0000000000019cc0        0x0 /home/olf/projects/circle/gcc-arm-9.2-2019.12-x86_64-arm-none-eabi/bin/../lib/gcc/arm-none-eabi/9.2.1/../../../../arm-none-eabi/lib/thumb/v7ve+simd/hard/libstdc++.a(eh_alloc.o)
 .text._ZN12_GLOBAL__N_14pool4freeEPv.constprop.0
                0x0000000000019cc0       0x7c /home/olf/projects/circle/gcc-arm-9.2-2019.12-x86_64-arm-none-eabi/bin/../lib/gcc/arm-none-eabi/9.2.1/../../../../arm-none-eabi/lib/thumb/v7ve+simd/hard/libstdc++.a(eh_alloc.o)
 .text._ZN12_GLOBAL__N_14pool8allocateEj.constprop.0
                0x0000000000019d3c       0x54 /home/olf/projects/circle/gcc-arm-9.2-2019.12-x86_64-arm-none-eabi/bin/../lib/gcc/arm-none-eabi/9.2.1/../../../../arm-none-eabi/lib/thumb/v7ve+simd/hard/libstdc++.a(eh_alloc.o)
 .text._ZN9__gnu_cxx9__freeresEv
                0x0000000000019d90       0x18 /home/olf/projects/circle/gcc-arm-9.2-2019.12-x86_64-arm-none-eabi/bin/../lib/gcc/arm-none-eabi/9.2.1/../../../../arm-none-eabi/lib/thumb/v7ve+simd/hard/libstdc++.a(eh_alloc.o)
                0x0000000000019d90                __gnu_cxx::__freeres()
 .text.__cxa_allocate_exception
                0x0000000000019da8       0x30 /home/olf/projects/circle/gcc-arm-9.2-2019.12-x86_64-arm-none-eabi/bin/../lib/gcc/arm-none-eabi/9.2.1/../../../../arm-none-eabi/lib/thumb/v7ve+simd/hard/libstdc++.a(eh_alloc.o)
                0x0000000000019da8                __cxa_allocate_exception
 .text.__cxa_free_exception
                0x0000000000019dd8       0x20 /home/olf/projects/circle/gcc-arm-9.2-2019.12-x86_64-arm-none-eabi/bin/../lib/gcc/arm-none-eabi/9.2.1/../../../../arm-none-eabi/lib/thumb/v7ve+simd/hard/libstdc++.a(eh_alloc.o)
                0x0000000000019dd8                __cxa_free_exception
 .text.__cxa_allocate_dependent_exception
                0x0000000000019df8       0x28 /home/olf/projects/circle/gcc-arm-9.2-2019.12-x86_64-arm-none-eabi/bin/../lib/gcc/arm-none-eabi/9.2.1/../../../../arm-none-eabi/lib/thumb/v7ve+simd/hard/libstdc++.a(eh_alloc.o)
                0x0000000000019df8                __cxa_allocate_dependent_exception
 .text.__cxa_free_dependent_exception
                0x0000000000019e20       0x24 /home/olf/projects/circle/gcc-arm-9.2-2019.12-x86_64-arm-none-eabi/bin/../lib/gcc/arm-none-eabi/9.2.1/../../../../arm-none-eabi/lib/thumb/v7ve+simd/hard/libstdc++.a(eh_alloc.o)
                0x0000000000019e20                __cxa_free_dependent_exception
 .text.startup._GLOBAL__sub_I__ZN9__gnu_cxx9__freeresEv
                0x0000000000019e44       0x2c /home/olf/projects/circle/gcc-arm-9.2-2019.12-x86_64-arm-none-eabi/bin/../lib/gcc/arm-none-eabi/9.2.1/../../../../arm-none-eabi/lib/thumb/v7ve+simd/hard/libstdc++.a(eh_alloc.o)
 .text          0x0000000000019e70        0x0 /home/olf/projects/circle/gcc-arm-9.2-2019.12-x86_64-arm-none-eabi/bin/../lib/gcc/arm-none-eabi/9.2.1/../../../../arm-none-eabi/lib/thumb/v7ve+simd/hard/libstdc++.a(eh_call.o)
 .text._ZN10__cxxabiv1L24__is_gxx_exception_classEPc
                0x0000000000019e70       0x3c /home/olf/projects/circle/gcc-arm-9.2-2019.12-x86_64-arm-none-eabi/bin/../lib/gcc/arm-none-eabi/9.2.1/../../../../arm-none-eabi/lib/thumb/v7ve+simd/hard/libstdc++.a(eh_call.o)
 .text.__cxa_call_terminate
                0x0000000000019eac       0x20 /home/olf/projects/circle/gcc-arm-9.2-2019.12-x86_64-arm-none-eabi/bin/../lib/gcc/arm-none-eabi/9.2.1/../../../../arm-none-eabi/lib/thumb/v7ve+simd/hard/libstdc++.a(eh_call.o)
                0x0000000000019eac                __cxa_call_terminate
 .text.unlikely.__cxa_call_unexpected
                0x0000000000019ecc       0xf8 /home/olf/projects/circle/gcc-arm-9.2-2019.12-x86_64-arm-none-eabi/bin/../lib/gcc/arm-none-eabi/9.2.1/../../../../arm-none-eabi/lib/thumb/v7ve+simd/hard/libstdc++.a(eh_call.o)
                0x0000000000019ecc                __cxa_call_unexpected
 .text          0x0000000000019fc4        0x0 /home/olf/projects/circle/gcc-arm-9.2-2019.12-x86_64-arm-none-eabi/bin/../lib/gcc/arm-none-eabi/9.2.1/../../../../arm-none-eabi/lib/thumb/v7ve+simd/hard/libstdc++.a(eh_catch.o)
 .text.__cxa_get_exception_ptr
                0x0000000000019fc4        0x4 /home/olf/projects/circle/gcc-arm-9.2-2019.12-x86_64-arm-none-eabi/bin/../lib/gcc/arm-none-eabi/9.2.1/../../../../arm-none-eabi/lib/thumb/v7ve+simd/hard/libstdc++.a(eh_catch.o)
                0x0000000000019fc4                __cxa_get_exception_ptr
 .text.__cxa_begin_catch
                0x0000000000019fc8       0x80 /home/olf/projects/circle/gcc-arm-9.2-2019.12-x86_64-arm-none-eabi/bin/../lib/gcc/arm-none-eabi/9.2.1/../../../../arm-none-eabi/lib/thumb/v7ve+simd/hard/libstdc++.a(eh_catch.o)
                0x0000000000019fc8                __cxa_begin_catch
 .text.__cxa_end_catch
                0x000000000001a048       0x88 /home/olf/projects/circle/gcc-arm-9.2-2019.12-x86_64-arm-none-eabi/bin/../lib/gcc/arm-none-eabi/9.2.1/../../../../arm-none-eabi/lib/thumb/v7ve+simd/hard/libstdc++.a(eh_catch.o)
                0x000000000001a048                __cxa_end_catch
 .text._ZSt18uncaught_exceptionv
                0x000000000001a0d0       0x10 /home/olf/projects/circle/gcc-arm-9.2-2019.12-x86_64-arm-none-eabi/bin/../lib/gcc/arm-none-eabi/9.2.1/../../../../arm-none-eabi/lib/thumb/v7ve+simd/hard/libstdc++.a(eh_catch.o)
                0x000000000001a0d0                std::uncaught_exception()
 .text._ZSt19uncaught_exceptionsv
                0x000000000001a0e0        0xc /home/olf/projects/circle/gcc-arm-9.2-2019.12-x86_64-arm-none-eabi/bin/../lib/gcc/arm-none-eabi/9.2.1/../../../../arm-none-eabi/lib/thumb/v7ve+simd/hard/libstdc++.a(eh_catch.o)
                0x000000000001a0e0                std::uncaught_exceptions()
 .text          0x000000000001a0ec        0x0 /home/olf/projects/circle/gcc-arm-9.2-2019.12-x86_64-arm-none-eabi/bin/../lib/gcc/arm-none-eabi/9.2.1/../../../../arm-none-eabi/lib/thumb/v7ve+simd/hard/libstdc++.a(eh_term_handler.o)
 .text          0x000000000001a0ec        0x0 /home/olf/projects/circle/gcc-arm-9.2-2019.12-x86_64-arm-none-eabi/bin/../lib/gcc/arm-none-eabi/9.2.1/../../../../arm-none-eabi/lib/thumb/v7ve+simd/hard/libstdc++.a(eh_type.o)
 .text.__cxa_current_exception_type
                0x000000000001a0ec       0x1c /home/olf/projects/circle/gcc-arm-9.2-2019.12-x86_64-arm-none-eabi/bin/../lib/gcc/arm-none-eabi/9.2.1/../../../../arm-none-eabi/lib/thumb/v7ve+simd/hard/libstdc++.a(eh_type.o)
                0x000000000001a0ec                __cxa_current_exception_type
 .text          0x000000000001a108        0x0 /home/olf/projects/circle/gcc-arm-9.2-2019.12-x86_64-arm-none-eabi/bin/../lib/gcc/arm-none-eabi/9.2.1/../../../../arm-none-eabi/lib/thumb/v7ve+simd/hard/libstdc++.a(new_handler.o)
 .text._ZSt15set_new_handlerPFvvE
                0x000000000001a108       0x20 /home/olf/projects/circle/gcc-arm-9.2-2019.12-x86_64-arm-none-eabi/bin/../lib/gcc/arm-none-eabi/9.2.1/../../../../arm-none-eabi/lib/thumb/v7ve+simd/hard/libstdc++.a(new_handler.o)
                0x000000000001a108                std::set_new_handler(void (*)())
 .text._ZSt15get_new_handlerv
                0x000000000001a128       0x10 /home/olf/projects/circle/gcc-arm-9.2-2019.12-x86_64-arm-none-eabi/bin/../lib/gcc/arm-none-eabi/9.2.1/../../../../arm-none-eabi/lib/thumb/v7ve+simd/hard/libstdc++.a(new_handler.o)
                0x000000000001a128                std::get_new_handler()
 .text          0x000000000001a138       0xa0 /home/olf/projects/circle/gcc-arm-9.2-2019.12-x86_64-arm-none-eabi/bin/../lib/gcc/arm-none-eabi/9.2.1/thumb/v7ve+simd/hard/libgcc.a(_aeabi_ldivmod.o)
                0x000000000001a138                __aeabi_ldivmod
 .text          0x000000000001a1d8       0x30 /home/olf/projects/circle/gcc-arm-9.2-2019.12-x86_64-arm-none-eabi/bin/../lib/gcc/arm-none-eabi/9.2.1/thumb/v7ve+simd/hard/libgcc.a(_aeabi_uldivmod.o)
                0x000000000001a1d8                __aeabi_uldivmod
 .text          0x000000000001a208        0x0 /home/olf/projects/circle/gcc-arm-9.2-2019.12-x86_64-arm-none-eabi/bin/../lib/gcc/arm-none-eabi/9.2.1/thumb/v7ve+simd/hard/libgcc.a(_udivmoddi4.o)
 .text.__udivmoddi4
                0x000000000001a208      0x350 /home/olf/projects/circle/gcc-arm-9.2-2019.12-x86_64-arm-none-eabi/bin/../lib/gcc/arm-none-eabi/9.2.1/thumb/v7ve+simd/hard/libgcc.a(_udivmoddi4.o)
                0x000000000001a208                __udivmoddi4
 .text          0x000000000001a558        0x0 /home/olf/projects/circle/gcc-arm-9.2-2019.12-x86_64-arm-none-eabi/bin/../lib/gcc/arm-none-eabi/9.2.1/thumb/v7ve+simd/hard/libgcc.a(unwind-arm.o)
 .text.selfrel_offset31
                0x000000000001a558       0x14 /home/olf/projects/circle/gcc-arm-9.2-2019.12-x86_64-arm-none-eabi/bin/../lib/gcc/arm-none-eabi/9.2.1/thumb/v7ve+simd/hard/libgcc.a(unwind-arm.o)
 .text.search_EIT_table
                0x000000000001a56c       0x60 /home/olf/projects/circle/gcc-arm-9.2-2019.12-x86_64-arm-none-eabi/bin/../lib/gcc/arm-none-eabi/9.2.1/thumb/v7ve+simd/hard/libgcc.a(unwind-arm.o)
 .text.__gnu_unwind_get_pr_addr
                0x000000000001a5cc       0x2c /home/olf/projects/circle/gcc-arm-9.2-2019.12-x86_64-arm-none-eabi/bin/../lib/gcc/arm-none-eabi/9.2.1/thumb/v7ve+simd/hard/libgcc.a(unwind-arm.o)
 .text.get_eit_entry
                0x000000000001a5f8       0xa4 /home/olf/projects/circle/gcc-arm-9.2-2019.12-x86_64-arm-none-eabi/bin/../lib/gcc/arm-none-eabi/9.2.1/thumb/v7ve+simd/hard/libgcc.a(unwind-arm.o)
 .text.restore_non_core_regs
                0x000000000001a69c       0x58 /home/olf/projects/circle/gcc-arm-9.2-2019.12-x86_64-arm-none-eabi/bin/../lib/gcc/arm-none-eabi/9.2.1/thumb/v7ve+simd/hard/libgcc.a(unwind-arm.o)
 .text._Unwind_decode_typeinfo_ptr.isra.0
                0x000000000001a6f4        0xc /home/olf/projects/circle/gcc-arm-9.2-2019.12-x86_64-arm-none-eabi/bin/../lib/gcc/arm-none-eabi/9.2.1/thumb/v7ve+simd/hard/libgcc.a(unwind-arm.o)
 .text.__gnu_unwind_24bit.isra.0
                0x000000000001a700        0x4 /home/olf/projects/circle/gcc-arm-9.2-2019.12-x86_64-arm-none-eabi/bin/../lib/gcc/arm-none-eabi/9.2.1/thumb/v7ve+simd/hard/libgcc.a(unwind-arm.o)
 .text._Unwind_DebugHook
                0x000000000001a704        0x4 /home/olf/projects/circle/gcc-arm-9.2-2019.12-x86_64-arm-none-eabi/bin/../lib/gcc/arm-none-eabi/9.2.1/thumb/v7ve+simd/hard/libgcc.a(unwind-arm.o)
 .text.unwind_phase2
                0x000000000001a708       0x3c /home/olf/projects/circle/gcc-arm-9.2-2019.12-x86_64-arm-none-eabi/bin/../lib/gcc/arm-none-eabi/9.2.1/thumb/v7ve+simd/hard/libgcc.a(unwind-arm.o)
 .text.unwind_phase2_forced
                0x000000000001a744       0xdc /home/olf/projects/circle/gcc-arm-9.2-2019.12-x86_64-arm-none-eabi/bin/../lib/gcc/arm-none-eabi/9.2.1/thumb/v7ve+simd/hard/libgcc.a(unwind-arm.o)
 .text._Unwind_GetCFA
                0x000000000001a820        0x4 /home/olf/projects/circle/gcc-arm-9.2-2019.12-x86_64-arm-none-eabi/bin/../lib/gcc/arm-none-eabi/9.2.1/thumb/v7ve+simd/hard/libgcc.a(unwind-arm.o)
                0x000000000001a820                _Unwind_GetCFA
 .text.__gnu_Unwind_RaiseException
                0x000000000001a824       0x60 /home/olf/projects/circle/gcc-arm-9.2-2019.12-x86_64-arm-none-eabi/bin/../lib/gcc/arm-none-eabi/9.2.1/thumb/v7ve+simd/hard/libgcc.a(unwind-arm.o)
                0x000000000001a824                __gnu_Unwind_RaiseException
 .text.__gnu_Unwind_ForcedUnwind
                0x000000000001a884       0x14 /home/olf/projects/circle/gcc-arm-9.2-2019.12-x86_64-arm-none-eabi/bin/../lib/gcc/arm-none-eabi/9.2.1/thumb/v7ve+simd/hard/libgcc.a(unwind-arm.o)
                0x000000000001a884                __gnu_Unwind_ForcedUnwind
 .text.__gnu_Unwind_Resume
                0x000000000001a898       0x44 /home/olf/projects/circle/gcc-arm-9.2-2019.12-x86_64-arm-none-eabi/bin/../lib/gcc/arm-none-eabi/9.2.1/thumb/v7ve+simd/hard/libgcc.a(unwind-arm.o)
                0x000000000001a898                __gnu_Unwind_Resume
 .text.__gnu_Unwind_Resume_or_Rethrow
                0x000000000001a8dc       0x18 /home/olf/projects/circle/gcc-arm-9.2-2019.12-x86_64-arm-none-eabi/bin/../lib/gcc/arm-none-eabi/9.2.1/thumb/v7ve+simd/hard/libgcc.a(unwind-arm.o)
                0x000000000001a8dc                __gnu_Unwind_Resume_or_Rethrow
 .text._Unwind_Complete
                0x000000000001a8f4        0x4 /home/olf/projects/circle/gcc-arm-9.2-2019.12-x86_64-arm-none-eabi/bin/../lib/gcc/arm-none-eabi/9.2.1/thumb/v7ve+simd/hard/libgcc.a(unwind-arm.o)
                0x000000000001a8f4                _Unwind_Complete
 .text._Unwind_DeleteException
                0x000000000001a8f8        0xc /home/olf/projects/circle/gcc-arm-9.2-2019.12-x86_64-arm-none-eabi/bin/../lib/gcc/arm-none-eabi/9.2.1/thumb/v7ve+simd/hard/libgcc.a(unwind-arm.o)
                0x000000000001a8f8                _Unwind_DeleteException
 .text._Unwind_VRS_Get
                0x000000000001a904       0x38 /home/olf/projects/circle/gcc-arm-9.2-2019.12-x86_64-arm-none-eabi/bin/../lib/gcc/arm-none-eabi/9.2.1/thumb/v7ve+simd/hard/libgcc.a(unwind-arm.o)
                0x000000000001a904                _Unwind_VRS_Get
 .text._Unwind_GetGR
                0x000000000001a93c       0x18 /home/olf/projects/circle/gcc-arm-9.2-2019.12-x86_64-arm-none-eabi/bin/../lib/gcc/arm-none-eabi/9.2.1/thumb/v7ve+simd/hard/libgcc.a(unwind-arm.o)
 .text._Unwind_VRS_Set
                0x000000000001a954       0x38 /home/olf/projects/circle/gcc-arm-9.2-2019.12-x86_64-arm-none-eabi/bin/../lib/gcc/arm-none-eabi/9.2.1/thumb/v7ve+simd/hard/libgcc.a(unwind-arm.o)
                0x000000000001a954                _Unwind_VRS_Set
 .text._Unwind_SetGR
                0x000000000001a98c       0x1c /home/olf/projects/circle/gcc-arm-9.2-2019.12-x86_64-arm-none-eabi/bin/../lib/gcc/arm-none-eabi/9.2.1/thumb/v7ve+simd/hard/libgcc.a(unwind-arm.o)