Archive member included to satisfy reference by file (symbol)

../../../addon/wlan/hostap/wpa_supplicant/libwpa_supplicant.a(wpasupplicant.o)
                              kernel.o (CWPASupplicant::Initialize())
../../../addon/wlan/hostap/wpa_supplicant/libwpa_supplicant.a(eloop_circle.o)
                              ../../../addon/wlan/hostap/wpa_supplicant/libwpa_supplicant.a(wpasupplicant.o) (eloop_terminate)
../../../addon/wlan/hostap/wpa_supplicant/libwpa_supplicant.a(os_circle.o)
                              ../../../addon/wlan/hostap/wpa_supplicant/libwpa_supplicant.a(eloop_circle.o) (os_get_time)
../../../addon/wlan/hostap/wpa_supplicant/libwpa_supplicant.a(main_circle.o)
                              ../../../addon/wlan/hostap/wpa_supplicant/libwpa_supplicant.a(wpasupplicant.o) (wpa_supplicant_main(char const*))
../../../addon/wlan/hostap/wpa_supplicant/libwpa_supplicant.a(wpa_supplicant.o)
                              ../../../addon/wlan/hostap/wpa_supplicant/libwpa_supplicant.a(main_circle.o) (wpa_supplicant_add_iface)
../../../addon/wlan/hostap/wpa_supplicant/libwpa_supplicant.a(wpas_glue.o)
                              ../../../addon/wlan/hostap/wpa_supplicant/libwpa_supplicant.a(wpa_supplicant.o) (wpa_supplicant_init_eapol)
../../../addon/wlan/hostap/wpa_supplicant/libwpa_supplicant.a(drivers.o)
                              ../../../addon/wlan/hostap/wpa_supplicant/libwpa_supplicant.a(wpa_supplicant.o) (wpa_drivers)
../../../addon/wlan/hostap/wpa_supplicant/libwpa_supplicant.a(driver_circle.o)
                              ../../../addon/wlan/hostap/wpa_supplicant/libwpa_supplicant.a(drivers.o) (wpa_driver_circle_ops)
../../../addon/wlan/hostap/wpa_supplicant/libwpa_supplicant.a(scan_helpers.o)
                              ../../../addon/wlan/hostap/wpa_supplicant/libwpa_supplicant.a(wpa_supplicant.o) (wpa_scan_get_ie)
../../../addon/wlan/hostap/wpa_supplicant/libwpa_supplicant.a(eapol_supp_sm.o)
                              ../../../addon/wlan/hostap/wpa_supplicant/libwpa_supplicant.a(wpa_supplicant.o) (eapol_sm_notify_config)
../../../addon/wlan/hostap/wpa_supplicant/libwpa_supplicant.a(eap.o)
                              ../../../addon/wlan/hostap/wpa_supplicant/libwpa_supplicant.a(eapol_supp_sm.o) (eap_peer_sm_init)
../../../addon/wlan/hostap/wpa_supplicant/libwpa_supplicant.a(eap_methods.o)
                              ../../../addon/wlan/hostap/wpa_supplicant/libwpa_supplicant.a(eap.o) (eap_peer_get_eap_method)
../../../addon/wlan/hostap/wpa_supplicant/libwpa_supplicant.a(l2_packet_circle.o)
                              ../../../addon/wlan/hostap/wpa_supplicant/libwpa_supplicant.a(wpa_supplicant.o) (l2_packet_init)
../../../addon/wlan/hostap/wpa_supplicant/libwpa_supplicant.a(pmksa_cache.o)
                              ../../../addon/wlan/hostap/wpa_supplicant/libwpa_supplicant.a(wpas_glue.o) (pmksa_cache_get_current)
../../../addon/wlan/hostap/wpa_supplicant/libwpa_supplicant.a(preauth.o)
                              ../../../addon/wlan/hostap/wpa_supplicant/libwpa_supplicant.a(wpa_supplicant.o) (pmksa_candidate_free)
../../../addon/wlan/hostap/wpa_supplicant/libwpa_supplicant.a(wpa.o)
                              ../../../addon/wlan/hostap/wpa_supplicant/libwpa_supplicant.a(wpas_glue.o) (wpa_sm_aborted_cached)
../../../addon/wlan/hostap/wpa_supplicant/libwpa_supplicant.a(wpa_ie.o)
                              ../../../addon/wlan/hostap/wpa_supplicant/libwpa_supplicant.a(wpa_supplicant.o) (wpa_parse_wpa_ie)
../../../addon/wlan/hostap/wpa_supplicant/libwpa_supplicant.a(common.o)
                              ../../../addon/wlan/hostap/wpa_supplicant/libwpa_supplicant.a(wpa.o) (inc_byte_array)
../../../addon/wlan/hostap/wpa_supplicant/libwpa_supplicant.a(wpa_debug.o)
                              ../../../addon/wlan/hostap/wpa_supplicant/libwpa_supplicant.a(wpa_supplicant.o) (wpa_printf)
../../../addon/wlan/hostap/wpa_supplicant/libwpa_supplicant.a(wpabuf.o)
                              ../../../addon/wlan/hostap/wpa_supplicant/libwpa_supplicant.a(scan_helpers.o) (wpabuf_alloc)
../../../addon/wlan/hostap/wpa_supplicant/libwpa_supplicant.a(blacklist.o)
                              ../../../addon/wlan/hostap/wpa_supplicant/libwpa_supplicant.a(wpa_supplicant.o) (wpa_blacklist_add)
../../../addon/wlan/hostap/wpa_supplicant/libwpa_supplicant.a(config.o)
                              ../../../addon/wlan/hostap/wpa_supplicant/libwpa_supplicant.a(wpa_supplicant.o) (wpa_config_free)
../../../addon/wlan/hostap/wpa_supplicant/libwpa_supplicant.a(config_file_circle.o)
                              ../../../addon/wlan/hostap/wpa_supplicant/libwpa_supplicant.a(wpa_supplicant.o) (wpa_config_read)
../../../addon/wlan/hostap/wpa_supplicant/libwpa_supplicant.a(events.o)
                              ../../../addon/wlan/hostap/wpa_supplicant/libwpa_supplicant.a(wpa_supplicant.o) (wpa_supplicant_mark_disassoc)
../../../addon/wlan/hostap/wpa_supplicant/libwpa_supplicant.a(notify.o)
[...]
Memory Configuration

Name             Origin             Length             Attributes
*default*        0x0000000000000000 0xffffffffffffffff

Linker script and memory map

Address of section .init set to 0x8000

.init           0x0000000000008000       0x70
 *(.init)
 .init          0x0000000000008000       0x70 ../../../lib/libcircle.a(startup.o)
                0x0000000000008000                _start
                0x0000000000008064                _start_secondary

.text           0x0000000000008070    0x66fe8
 *(.text*)
 .text          0x0000000000008070        0x0 main.o
 .text.startup  0x0000000000008070       0x4c main.o
                0x0000000000008070                main
 .text          0x00000000000080bc      0x628 kernel.o
                0x00000000000080bc                CKernel::CKernel()
                0x00000000000080bc                CKernel::CKernel()
                0x0000000000008384                CKernel::~CKernel()
                0x0000000000008384                CKernel::~CKernel()
                0x0000000000008450                CKernel::Initialize()
                0x00000000000085d4                CKernel::Run()
 .text          0x00000000000086e4      0x110 ../../../addon/wlan/hostap/wpa_supplicant/libwpa_supplicant.a(wpasupplicant.o)
                0x00000000000086e4                CWPASupplicant::ProcEntry(void*)
                0x0000000000008728                CWPASupplicant::Initialize()
                0x0000000000008758                CWPASupplicant::CWPASupplicant(char const*)
                0x0000000000008758                CWPASupplicant::CWPASupplicant(char const*)
                0x00000000000087b0                CWPASupplicant::~CWPASupplicant()
                0x00000000000087b0                CWPASupplicant::~CWPASupplicant()
 .text          0x00000000000087f4      0x560 ../../../addon/wlan/hostap/wpa_supplicant/libwpa_supplicant.a(eloop_circle.o)
                0x00000000000087f4                eloop_init
                0x0000000000008834                eloop_register_read_sock
                0x00000000000088cc                eloop_unregister_read_sock
                0x000000000000896c                eloop_register_timeout
                0x0000000000008a94                eloop_cancel_timeout
                0x0000000000008b54                eloop_is_timeout_registered
                0x0000000000008bac                eloop_register_signal_terminate
                0x0000000000008bb4                eloop_register_signal_reconfig
                0x0000000000008bbc                eloop_run
                0x0000000000008cd4                eloop_terminate
                0x0000000000008ce8                eloop_destroy
                0x0000000000008d34                eloop_terminated
                0x0000000000008d44                eloop_get_user_data
 .text          0x0000000000008d54      0x688 ../../../addon/wlan/hostap/wpa_supplicant/libwpa_supplicant.a(os_circle.o)
                0x0000000000008d54                __wpa_abs
                0x0000000000008d60                __wpa_isprint
                0x0000000000008d74                __wpa_strrchr
                0x0000000000008db8                __wpa_strdup
                0x0000000000008e04                __wpa_qsort
                0x0000000000008f6c                __wpa_abort
                0x0000000000008f78                os_get_random
                0x0000000000009060                os_get_time
                0x000000000000909c                os_sleep
                0x00000000000090fc                os_strlcpy
                0x0000000000009154                os_zalloc
                0x00000000000091a8                os_hexdump
                0x00000000000091c0                __wpa_vsnprintf
                0x0000000000009268                __wpa_snprintf
                0x0000000000009294                __wpa_vprintf
                0x00000000000093b0                __wpa_printf
 .text          0x00000000000093dc       0xac ../../../addon/wlan/hostap/wpa_supplicant/libwpa_supplicant.a(main_circle.o)
                0x00000000000093dc                wpa_supplicant_main(char const*)
 .text          0x0000000000009488     0x3a3c ../../../addon/wlan/hostap/wpa_supplicant/libwpa_supplicant.a(wpa_supplicant.o)
                0x0000000000009624                wpa_set_wep_keys
                0x00000000000096fc                wpa_supplicant_req_auth_timeout
                0x00000000000097a4                wpa_supplicant_rx_eapol
                0x0000000000009a4c                wpa_supplicant_cancel_auth_timeout
                0x0000000000009a94                wpa_supplicant_initiate_eapol
                0x0000000000009bb0                wpa_supplicant_set_non_wpa_policy
                0x0000000000009cc8                wpa_clear_keys
                0x0000000000009e9c                wpa_supplicant_state_txt
                0x0000000000009ec0                wpa_supplicant_set_state
                0x000000000000a0c4                wpa_supplicant_reload_configuration
                0x000000000000a304                wpa_supplicant_set_suites
                0x000000000000a8f0                wpa_supplicant_associate
                0x000000000000b180                wpa_supplicant_disassociate
                0x000000000000b348                wpa_supplicant_deauthenticate
                0x000000000000b5fc                wpa_supplicant_enable_network
                0x000000000000b720                wpa_supplicant_disable_network
                0x000000000000b7f4                wpa_supplicant_select_network
                0x000000000000b920                wpa_supplicant_set_ap_scan
                0x000000000000b968                wpa_supplicant_set_debug_params
                0x000000000000ba04                wpa_supplicant_get_scan_results
                0x000000000000bf30                wpa_supplicant_get_ssid
                0x000000000000c0b8                wpa_supplicant_sta_rx
                0x000000000000c0bc                wpa_supplicant_driver_init
                0x000000000000c360                wpa_supplicant_add_iface
                0x000000000000ca18                wpa_supplicant_remove_iface
                0x000000000000cb90                wpa_supplicant_get_iface
                0x000000000000cbec                wpa_supplicant_init
                0x000000000000ce30                wpa_supplicant_run
                0x000000000000ceb4                wpa_supplicant_deinit
 .text          0x000000000000cec4      0xe8c ../../../addon/wlan/hostap/wpa_supplicant/libwpa_supplicant.a(wpas_glue.o)
                0x000000000000da98                wpa_supplicant_init_eapol
                0x000000000000db94                wpa_supplicant_init_wpa
                0x000000000000dcc8                wpa_supplicant_rsn_supp_set_config
 .text          0x000000000000dd50        0x0 ../../../addon/wlan/hostap/wpa_supplicant/libwpa_supplicant.a(drivers.o)
 .text          0x000000000000dd50      0xf20 ../../../addon/wlan/hostap/wpa_supplicant/libwpa_supplicant.a(driver_circle.o)
 .text          0x000000000000ec70      0x634 ../../../addon/wlan/hostap/wpa_supplicant/libwpa_supplicant.a(scan_helpers.o)
                0x000000000000ec70                wpa_scan_get_ie
                0x000000000000ece0                wpa_scan_get_vendor_ie
                0x000000000000ed78                wpa_scan_get_vendor_ie_multi
                0x000000000000ee7c                wpa_scan_get_max_rate
                0x000000000000f220                wpa_scan_results_free
                0x000000000000f290                wpa_scan_sort_results
 .text          0x000000000000f2a4     0x1ec0 ../../../addon/wlan/hostap/wpa_supplicant/libwpa_supplicant.a(eapol_supp_sm.o)
                0x000000000000f8a8                eapol_sm_configure
                0x000000000000f8d8                eapol_sm_notify_tx_eapol_key
                0x000000000000f8f0                eapol_sm_notify_config
                0x000000000000f978                eapol_sm_get_key
                0x000000000000fedc                eapol_sm_step
                0x0000000000010934                eapol_sm_rx_eapol
                0x0000000000010b98                eapol_sm_notify_portEnabled
                0x0000000000010bf0                eapol_sm_notify_portValid
                0x0000000000010c48                eapol_sm_notify_eap_success
                0x0000000000010cb8                eapol_sm_notify_eap_fail
                0x0000000000010d78                eapol_sm_notify_logoff
                0x0000000000010d8c                eapol_sm_notify_cached
                0x0000000000010e04                eapol_sm_notify_pmkid_attempt
                0x0000000000010e70                eapol_sm_register_scard_ctx
                0x0000000000010e8c                eapol_sm_notify_portControl
                0x0000000000010f00                eapol_sm_notify_ctrl_attached
                0x0000000000010f14                eapol_sm_notify_ctrl_response
                0x0000000000010f78                eapol_sm_request_reauth
                0x0000000000010f94                eapol_sm_notify_lower_layer_success
                0x0000000000010fe4                eapol_sm_invalidate_cached_session
                0x0000000000010ff8                eapol_sm_init
                0x00000000000110ec                eapol_sm_deinit
 .text          0x0000000000011164     0x232c ../../../addon/wlan/hostap/wpa_supplicant/libwpa_supplicant.a(eap.o)
                0x0000000000011a14                eap_allowed_method
                0x0000000000011a98                eap_sm_buildIdentity
                0x0000000000011c2c                eap_peer_sm_init
                0x0000000000011ce8                eap_peer_sm_step
                0x0000000000012cbc                eap_sm_abort
                0x0000000000012d1c                eap_peer_sm_deinit
                0x0000000000012d68                eap_sm_request_identity
                0x0000000000012d78                eap_sm_request_password
                0x0000000000012d88                eap_sm_request_new_password
                0x0000000000012d98                eap_sm_request_pin
                0x0000000000012da8                eap_sm_request_otp
                0x0000000000012db8                eap_sm_request_passphrase
                0x0000000000012dc8                eap_sm_notify_ctrl_attached
                0x0000000000012ee0                eap_get_phase2_type
                0x0000000000012f34                eap_get_phase2_types
                0x0000000000013024                eap_set_fast_reauth
                0x000000000001302c                eap_set_workaround
                0x0000000000013034                eap_get_config
                0x0000000000013044                eap_get_config_identity
                0x0000000000013078                eap_get_config_password
                0x00000000000130b4                eap_get_config_password2
                0x0000000000013110                eap_get_config_new_password
                0x000000000001314c                eap_get_config_otp
                0x0000000000013188                eap_clear_config_otp
                0x00000000000131d8                eap_get_config_phase1
                0x0000000000013204                eap_get_config_phase2
                0x0000000000013230                eap_key_available
                0x000000000001323c                eap_notify_success
                0x0000000000013258                eap_notify_lower_layer_success
                0x00000000000132f4                eap_get_eapKeyData
                0x0000000000013324                eap_get_eapRespData
                0x000000000001334c                eap_register_scard_ctx
                0x0000000000013358                eap_set_config_blob
                0x0000000000013368                eap_get_config_blob
                0x0000000000013378                eap_set_force_disabled
                0x0000000000013380                eap_notify_pending
                0x0000000000013390                eap_invalidate_cached_session
                0x00000000000133a8                eap_is_wps_pbc_enrollee
                0x000000000001341c                eap_is_wps_pin_enrollee
 .text          0x0000000000013490      0x4d4 ../../../addon/wlan/hostap/wpa_supplicant/libwpa_supplicant.a(eap_methods.o)
                0x0000000000013490                eap_peer_get_eap_method
                0x00000000000134d4                eap_peer_get_type
                0x0000000000013558                eap_get_name
                0x00000000000135a0                eap_get_names
                0x0000000000013688                eap_get_names_as_string_array
                0x0000000000013794                eap_peer_get_methods
                0x00000000000137e0                eap_peer_method_alloc
                0x0000000000013834                eap_peer_method_free
                0x0000000000013838                eap_peer_method_register
                0x0000000000013908                eap_peer_register_methods
                0x0000000000013910                eap_peer_unregister_methods
 .text          0x0000000000013964      0x4e0 ../../../addon/wlan/hostap/wpa_supplicant/libwpa_supplicant.a(l2_packet_circle.o)
                0x0000000000013a90                l2_packet_init
                0x0000000000013bf4                l2_packet_deinit
                0x0000000000013c2c                l2_packet_get_own_addr
                0x0000000000013c94                l2_packet_send
                0x0000000000013db0                l2_packet_notify_auth_start
                0x0000000000013e2c                l2_packet_get_ip_addr
                0x0000000000013e34                l2_packet_auth_active
 .text          0x0000000000013e44      0x9f4 ../../../addon/wlan/hostap/wpa_supplicant/libwpa_supplicant.a(pmksa_cache.o)
                0x0000000000013e58                pmksa_cache_get
                0x0000000000013fc4                pmksa_cache_add
                0x000000000001441c                pmksa_cache_deinit
                0x0000000000014488                pmksa_cache_notify_reconfig
                0x00000000000144ac                pmksa_cache_get_opportunistic
                0x0000000000014580                pmksa_cache_get_current
                0x000000000001458c                pmksa_cache_clear_current
                0x000000000001459c                pmksa_cache_set_current
                0x0000000000014670                pmksa_cache_list
                0x00000000000147f4                pmksa_cache_init
 .text          0x0000000000014838      0xcc4 ../../../addon/wlan/hostap/wpa_supplicant/libwpa_supplicant.a(preauth.o)
                0x0000000000014a94                pmksa_candidate_free
                0x0000000000014ad8                rsn_preauth_init
                0x0000000000015168                rsn_preauth_deinit
                0x0000000000015184                rsn_preauth_candidate_process
                0x0000000000015198                pmksa_candidate_add
                0x0000000000015388                rsn_preauth_scan_results
                0x00000000000154ec                rsn_preauth_in_progress
 .text          0x00000000000154fc     0x3034 ../../../addon/wlan/hostap/wpa_supplicant/libwpa_supplicant.a(wpa.o)
                0x0000000000015bc8                wpa_eapol_key_send
                0x0000000000015d78                wpa_sm_key_request
                0x0000000000015f5c                wpa_supplicant_send_2_of_4
                0x0000000000016114                wpa_supplicant_send_4_of_4
                0x00000000000162c0                wpa_sm_aborted_cached
                0x0000000000016300                wpa_sm_init
                0x000000000001639c                wpa_sm_deinit
                0x000000000001641c                wpa_sm_notify_assoc
                0x00000000000164c4                wpa_sm_notify_disassoc
                0x0000000000016504                wpa_sm_set_pmk
                0x0000000000016518                wpa_sm_set_pmk_from_pmksa
                0x000000000001654c                wpa_sm_rx_eapol
                0x0000000000017edc                wpa_sm_set_fast_reauth
                0x0000000000017ee8                wpa_sm_set_scard_ctx
                0x0000000000017f08                wpa_sm_set_config
                0x0000000000017fdc                wpa_sm_set_own_addr
                0x0000000000017ff4                wpa_sm_set_ifname
                0x0000000000018004                wpa_sm_set_eapol
                0x0000000000018010                wpa_sm_set_param
                0x00000000000180d4                wpa_sm_get_param
                0x0000000000018154                wpa_sm_get_status
                0x00000000000181e4                wpa_sm_set_assoc_wpa_ie_default
                0x0000000000018288                wpa_sm_set_assoc_wpa_ie
                0x000000000001834c                wpa_sm_set_ap_wpa_ie
                0x0000000000018410                wpa_sm_set_ap_rsn_ie
                0x00000000000184d4                wpa_sm_parse_own_wpa_ie
                0x0000000000018528                wpa_sm_pmksa_cache_list
 .text          0x0000000000018530      0xacc ../../../addon/wlan/hostap/wpa_supplicant/libwpa_supplicant.a(wpa_ie.o)
                0x00000000000185b0                wpa_parse_wpa_ie
                0x0000000000018968                wpa_gen_wpa_ie
                0x0000000000018d9c                wpa_supplicant_parse_ies
 .text          0x0000000000018ffc      0x450 ../../../addon/wlan/hostap/wpa_supplicant/libwpa_supplicant.a(common.o)
                0x0000000000018ffc                hwaddr_aton
                0x00000000000190c0                hexstr2bin
                0x0000000000019184                inc_byte_array
                0x00000000000191c0                wpa_get_ntp_timestamp
                0x0000000000019240                wpa_snprintf_hex
                0x0000000000019304                wpa_snprintf_hex_uppercase
                0x00000000000193c8                wpa_ssid_txt
                0x0000000000019448                __hide_aliasing_typecast
 .text          0x000000000001944c      0x65c ../../../addon/wlan/hostap/wpa_supplicant/libwpa_supplicant.a(wpa_debug.o)
                0x0000000000019714                wpa_debug_print_timestamp
                0x0000000000019730                wpa_printf
                0x000000000001979c                wpa_hexdump
                0x00000000000197d4                wpa_hexdump_key
                0x0000000000019814                wpa_hexdump_ascii
                0x0000000000019830                wpa_hexdump_ascii_key
                0x0000000000019854                wpa_debug_open_file
                0x000000000001985c                wpa_debug_close_file
                0x0000000000019860                wpa_msg_register_cb
                0x0000000000019870                wpa_msg
                0x0000000000019930                wpa_msg_ctrl
                0x00000000000199d4                hostapd_logger_register_cb
                0x00000000000199e4                hostapd_logger
 .text          0x0000000000019aa8      0x510 ../../../addon/wlan/hostap/wpa_supplicant/libwpa_supplicant.a(wpabuf.o)
                0x0000000000019ad0                wpabuf_resize
                0x0000000000019b98                wpabuf_alloc
                0x0000000000019bc0                wpabuf_alloc_ext_data
                0x0000000000019bf8                wpabuf_free
                0x0000000000019c08                wpabuf_put
                0x0000000000019c70                wpabuf_alloc_copy
                0x0000000000019cc8                wpabuf_dup
                0x0000000000019d34                wpabuf_concat
                0x0000000000019e78                wpabuf_zeropad
                0x0000000000019f1c                wpabuf_printf
 .text          0x0000000000019fb8      0x2d0 ../../../addon/wlan/hostap/wpa_supplicant/libwpa_supplicant.a(blacklist.o)
                0x0000000000019fb8                wpa_blacklist_get
                0x000000000001a018                wpa_blacklist_add
                0x000000000001a138                wpa_blacklist_del
                0x000000000001a1fc                wpa_blacklist_clear
 .text          0x000000000001a288     0x2dc0 ../../../addon/wlan/hostap/wpa_supplicant/libwpa_supplicant.a(config.o)
                0x000000000001c4b8                wpa_config_add_prio_network
                0x000000000001c668                wpa_config_free_ssid
                0x000000000001c7d8                wpa_config_free
                0x000000000001c890                wpa_config_get_network
                0x000000000001c8ac                wpa_config_add_network
                0x000000000001c948                wpa_config_remove_network
                0x000000000001c9c8                wpa_config_set_network_defaults
                0x000000000001ca00                wpa_config_set
                0x000000000001cb14                wpa_config_get_all
                0x000000000001cbf0                wpa_config_get
                0x000000000001cc98                wpa_config_get_no_key
                0x000000000001cda0                wpa_config_update_psk
                0x000000000001ce0c                wpa_config_get_blob
                0x000000000001ce68                wpa_config_free_blob
                0x000000000001ce78                wpa_config_remove_blob
                0x000000000001cefc                wpa_config_set_blob
                0x000000000001cf34                wpa_config_alloc_empty
                0x000000000001cfa4                wpa_config_debug_dump_networks
 .text          0x000000000001d048     0x1448 ../../../addon/wlan/hostap/wpa_supplicant/libwpa_supplicant.a(config_file_circle.o)
                0x000000000001d464                wpa_config_read
                0x000000000001dadc                wpa_config_write
 .text          0x000000000001e490     0x1b90 ../../../addon/wlan/hostap/wpa_supplicant/libwpa_supplicant.a(events.o)
                0x000000000001ea5c                wpa_supplicant_mark_disassoc
                0x000000000001eb34                wpa_supplicant_scard_init
                0x000000000001eb58                wpa_supplicant_event
 .text          0x0000000000020020       0x78 ../../../addon/wlan/hostap/wpa_supplicant/libwpa_supplicant.a(notify.o)
                0x0000000000020020                wpas_notify_supplicant_initialized
                0x0000000000020038                wpas_notify_supplicant_deinitialized
                0x000000000002003c                wpas_notify_iface_added
                0x0000000000020044                wpas_notify_iface_removed
                0x0000000000020048                wpas_notify_state_changed
                0x000000000002004c                wpas_notify_network_changed
                0x0000000000020050                wpas_notify_ap_scan_changed
                0x0000000000020054                wpas_notify_bssid_changed
                0x0000000000020058                wpas_notify_network_enabled_changed
                0x000000000002005c                wpas_notify_network_selected
                0x0000000000020060                wpas_notify_scanning
                0x0000000000020064                wpas_notify_scan_done
                0x0000000000020068                wpas_notify_scan_results
                0x000000000002006c                wpas_notify_wps_credential
                0x0000000000020070                wpas_notify_wps_event_m2d
                0x0000000000020074                wpas_notify_wps_event_fail
                0x0000000000020078                wpas_notify_wps_event_success
                0x000000000002007c                wpas_notify_network_added
                0x0000000000020080                wpas_notify_network_removed
                0x0000000000020084                wpas_notify_bss_added
                0x0000000000020088                wpas_notify_bss_removed
                0x000000000002008c                wpas_notify_blob_added
                0x0000000000020090                wpas_notify_blob_removed
                0x0000000000020094                wpas_notify_debug_params_changed
 .text          0x0000000000020098      0x934 ../../../addon/wlan/hostap/wpa_supplicant/libwpa_supplicant.a(scan.o)
                0x00000000000200c8                wpa_supplicant_enabled_networks
                0x00000000000200fc                wpa_supplicant_trigger_scan
                0x0000000000020210                wpa_supplicant_req_scan
                0x0000000000020978                wpa_supplicant_cancel_scan
                0x00000000000209b4                wpa_supplicant_notify_scanning
 .text          0x00000000000209cc      0x7a8 ../../../addon/wlan/hostap/wpa_supplicant/libwpa_supplicant.a(wpa_common.o)
                0x0000000000020a4c                wpa_eapol_key_mic
                0x0000000000020ac4                wpa_pmk_to_ptk
                0x0000000000020c7c                wpa_parse_wpa_ie_rsn
                0x0000000000021020                rsn_pmkid
                0x0000000000021094                wpa_cipher_txt
                0x00000000000210c0                wpa_key_mgmt_txt
 .text          0x0000000000021174      0x150 ../../../addon/wlan/hostap/wpa_supplicant/libwpa_supplicant.a(aes-unwrap.o)
                0x0000000000021174                aes_unwrap
 .text          0x00000000000212c4      0xd30 ../../../addon/wlan/hostap/wpa_supplicant/libwpa_supplicant.a(md5-internal.o)
                0x0000000000021d64                MD5Init
                0x0000000000021d9c                MD5Update
                0x0000000000021e90                MD5Final
                0x0000000000021f44                md5_vector
 .text          0x0000000000021ff4      0x1b8 ../../../addon/wlan/hostap/wpa_supplicant/libwpa_supplicant.a(md5.o)
                0x0000000000021ff4                hmac_md5_vector
                0x0000000000022178                hmac_md5
 .text          0x00000000000221ac      0x154 ../../../addon/wlan/hostap/wpa_supplicant/libwpa_supplicant.a(rc4.o)
                0x00000000000221ac                rc4_skip
 .text          0x0000000000022300      0x174 ../../../addon/wlan/hostap/wpa_supplicant/libwpa_supplicant.a(sha1-pbkdf2.o)
                0x0000000000022300                pbkdf2_sha1
 .text          0x0000000000022474      0x2f8 ../../../addon/wlan/hostap/wpa_supplicant/libwpa_supplicant.a(sha1.o)
                0x0000000000022474                hmac_sha1_vector
                0x00000000000225f8                hmac_sha1
                0x000000000002262c                sha1_prf
 .text          0x000000000002276c        0xc ../../../addon/wlan/hostap/wpa_supplicant/libwpa_supplicant.a(tls_none.o)
                0x000000000002276c                tls_init
                0x0000000000022774                tls_deinit
 .text          0x0000000000022778      0x2ec ../../../addon/wlan/hostap/wpa_supplicant/libwpa_supplicant.a(eap_common.o)
                0x0000000000022778                eap_hdr_validate
                0x00000000000228dc                eap_msg_alloc
                0x00000000000229f0                eap_update_len
                0x0000000000022a14                eap_get_id
                0x0000000000022a3c                eap_get_type
 .text          0x0000000000022a64      0x368 ../../../addon/wlan/hostap/wpa_supplicant/libwpa_supplicant.a(base64.o)
                0x0000000000022a64                base64_encode
                0x0000000000022c44                base64_decode
 .text          0x0000000000022dcc      0x58c ../../../addon/wlan/hostap/wpa_supplicant/libwpa_supplicant.a(aes-internal-dec.o)
                0x0000000000022dcc                rijndaelKeySetupDec
                0x0000000000022ed8                aes_decrypt_init
                0x0000000000022f20                aes_decrypt
                0x000000000002332c                aes_decrypt_deinit
 .text          0x0000000000023358      0x158 ../../../addon/wlan/hostap/wpa_supplicant/libwpa_supplicant.a(aes-internal.o)
                0x0000000000023358                rijndaelKeySetupEnc
 .text          0x00000000000234b0     0x181c ../../../addon/wlan/hostap/wpa_supplicant/libwpa_supplicant.a(sha1-internal.o)
                0x00000000000234b0                SHA1Transform
                0x00000000000249c4                SHA1Init
                0x0000000000024a04                SHA1Update
                0x0000000000024ae0                SHA1Final
                0x0000000000024c14                sha1_vector
 .text          0x0000000000024ccc      0x850 ../../../addon/wlan/libwlan.a(bcm4343.o)
                0x0000000000024ccc                CBcm4343Device::GetMACAddress() const
                0x0000000000024cd4                CBcm4343Device::SendFrame(void const*, unsigned int)
                0x0000000000024e0c                CBcm4343Device::ReceiveFrame(void*, unsigned int*)
                0x0000000000024e90                CBcm4343Device::Initialize()
                0x0000000000024f90                CBcm4343Device::RegisterEventHandler(void (*)(ether_event_type_t, ether_event_params_t const*, void*), void*)
                0x0000000000024fc8                CBcm4343Device::ReceiveScanResult(void*, unsigned int*)
                0x000000000002504c                CBcm4343Device::GetBSSID()
                0x00000000000250b8                CBcm4343Device::DumpStatus()
                0x0000000000025128                CBcm4343Device::FrameReceived(void const*, unsigned int)
                0x0000000000025170                CBcm4343Device::ScanResultReceived(void const*, unsigned int)
                0x00000000000251b8                etheriq
                0x0000000000025204                etherscanresult
                0x0000000000025234                addethercard
                0x000000000002526c                CBcm4343Device::CBcm4343Device(char const*)
                0x000000000002526c                CBcm4343Device::CBcm4343Device(char const*)
                0x0000000000025318                CBcm4343Device::~CBcm4343Device()
                0x0000000000025318                CBcm4343Device::~CBcm4343Device()
                0x00000000000253c0                CBcm4343Device::~CBcm4343Device()
                0x00000000000253ec                CBcm4343Device::Control(char const*, ...)
                0x00000000000254e0                CBcm4343Device::JoinOpenNet(char const*)
 .text._ZN10CNetDevice20IsSendFrameAdvisableEv
                0x000000000002551c        0x8 ../../../addon/wlan/libwlan.a(bcm4343.o)
                0x000000000002551c                CNetDevice::IsSendFrameAdvisable()
 .text._ZN10CNetDevice8IsLinkUpEv
                0x0000000000025524        0x8 ../../../addon/wlan/libwlan.a(bcm4343.o)
                0x0000000000025524                CNetDevice::IsLinkUp()
 .text._ZN10CNetDevice12GetLinkSpeedEv
                0x000000000002552c        0x8 ../../../addon/wlan/libwlan.a(bcm4343.o)
                0x000000000002552c                CNetDevice::GetLinkSpeed()
 .text._ZN10CNetDevice9UpdatePHYEv
                0x0000000000025534        0x8 ../../../addon/wlan/libwlan.a(bcm4343.o)
                0x0000000000025534                CNetDevice::UpdatePHY()
 .text._ZN14CBcm4343Device7GetTypeEv
                0x000000000002553c        0x8 ../../../addon/wlan/libwlan.a(bcm4343.o)
                0x000000000002553c                CBcm4343Device::GetType()
 .text          0x0000000000025544     0x43a4 ../../../addon/wlan/libwlan.a(ether4330.o)
                0x00000000000298d4                ether4330link
 .text          0x00000000000298e8      0xe3c ../../../addon/wlan/libwlan.a(emmc.o)
                0x000000000002a638                sdiocardintr
 .text          0x000000000002a724      0x2a8 ../../../addon/wlan/libwlan.a(p9arch.o)
                0x000000000002a724                gpiosel
                0x000000000002a794                gpiopulloff
                0x000000000002a7c0                gpiopullup
                0x000000000002a7f4                getclkrate
                0x000000000002a818                __p9delay
                0x000000000002a83c                __p9microdelay
                0x000000000002a860                coherence
                0x000000000002a880                intrenable
                0x000000000002a8c8                dmastart
                0x000000000002a924                dmawait
                0x000000000002a954                cachedinvse
                0x000000000002a974                p9arch_init
 .text          0x000000000002a9cc      0x2bc ../../../addon/wlan/libwlan.a(p9chan.o)
                0x000000000002aab0                cclose
                0x000000000002ab00                p9chan_init
                0x000000000002ab74                namec
 .text          0x000000000002ac88      0x28c ../../../addon/wlan/libwlan.a(p9cmd.o)
                0x000000000002ac88                cmderror
                0x000000000002ad54                lookupcmd
                0x000000000002adf0                parsecmd
 .text          0x000000000002af14      0x1c4 ../../../addon/wlan/libwlan.a(p9error.o)
                0x000000000002af14                __p9error
                0x000000000002afac                pusherror
                0x000000000002aff8                nexterror
                0x000000000002b06c                poperror
                0x000000000002b0d4                okay
 .text          0x000000000002b0d8      0x374 ../../../addon/wlan/libwlan.a(p9ether.o)
                0x000000000002b0d8                allocb
                0x000000000002b118                freeb
                0x000000000002b128                padblock
                0x000000000002b1b0                qlen
                0x000000000002b1b8                qget
                0x000000000002b25c                qpass
                0x000000000002b320                __p9nhgets
                0x000000000002b330                __p9nhgetl
                0x000000000002b33c                parseether
 .text          0x000000000002b44c      0x2c4 ../../../addon/wlan/libwlan.a(p9proc.o)
                0x000000000002b44c                __p9lock
                0x000000000002b454                __p9unlock
                0x000000000002b458                qlock
                0x000000000002b48c                qunlock
                0x000000000002b4d4                canqlock
                0x000000000002b514                __p9sleep
                0x000000000002b550                tsleep
                0x000000000002b5d4                __p9wakeup
                0x000000000002b5d8                return0
                0x000000000002b5e0                __p9kproc
                0x000000000002b63c                p9proc_init
                0x000000000002b6a8                get_error_stack
 .text._ZN6CKProc3RunEv
                0x000000000002b710       0x38 ../../../addon/wlan/libwlan.a(p9proc.o)
                0x000000000002b710                CKProc::Run()
 .text._ZN6CKProcD2Ev
                0x000000000002b748       0x2c ../../../addon/wlan/libwlan.a(p9proc.o)
                0x000000000002b748                CKProc::~CKProc()
                0x000000000002b748                CKProc::~CKProc()
 .text._ZN6CKProcD0Ev
                0x000000000002b774       0x38 ../../../addon/wlan/libwlan.a(p9proc.o)
                0x000000000002b774                CKProc::~CKProc()
 .text          0x000000000002b7ac      0x3bc ../../../addon/wlan/libwlan.a(p9util.o)
                0x000000000002b7ac                __p9readstr
                0x000000000002b840                __p9hexdump
                0x000000000002b844                __p9print
                0x000000000002b960                __p9sprint
                0x000000000002b9e4                __p9snprint
                0x000000000002ba90                __p9seprint
 .text          0x000000000002bb68     0x5dd8 ../../../addon/fatfs/libfatfs.a(ff.o)
                0x000000000002e5c0                f_mount
                0x000000000002e6bc                f_open
                0x000000000002eb2c                f_read
                0x000000000002ee38                f_write
                0x000000000002f288                f_sync
                0x000000000002f438                f_close
                0x000000000002f498                f_chdrive
                0x000000000002f4d0                f_chdir
                0x000000000002f628                f_getcwd
                0x000000000002f9a0                f_lseek
                0x000000000002fcc8                f_opendir
                0x000000000002fe50                f_closedir
                0x000000000002fe9c                f_readdir
                0x000000000002ffa0                f_findnext
                0x0000000000030068                f_findfirst
                0x00000000000300bc                f_stat
                0x00000000000301bc                f_getfree
                0x00000000000303b8                f_truncate
                0x0000000000030594                f_unlink
                0x0000000000030764                f_mkdir
                0x0000000000030a38                f_rename
                0x0000000000030cc4                f_chmod
                0x0000000000030de4                f_utime
                0x0000000000030f0c                f_getlabel
                0x00000000000310a0                f_setlabel
                0x000000000003132c                f_gets
                0x00000000000313cc                f_putc
                0x0000000000031410                f_puts
                0x0000000000031478                f_printf
                0x0000000000031920                f_getldn
 .text          0x0000000000031940      0x378 ../../../addon/fatfs/libfatfs.a(diskio.o)
                0x0000000000031940                disk_removed(CDevice*, void*)
                0x000000000003194c                disk_status
                0x0000000000031974                disk_initialize
                0x00000000000319e0                disk_read
                0x0000000000031af0                disk_write
                0x0000000000031bd0                disk_ioctl
 .text          0x0000000000031cb8      0x234 ../../../addon/fatfs/libfatfs.a(ffsystem.o)
                0x0000000000031cb8                ff_cre_syncobj
                0x0000000000031cec                ff_del_syncobj
                0x0000000000031d1c                ff_req_grant
                0x0000000000031d74                ff_rel_grant
                0x0000000000031dac                ff_memalloc
                0x0000000000031db0                ff_memfree
                0x0000000000031db4                get_fattime
 .text          0x0000000000031eec      0x1fc ../../../addon/fatfs/libfatfs.a(ffunicode.o)
                0x0000000000031eec                ff_uni2oem
                0x0000000000031f58                ff_oem2uni
                0x0000000000031f9c                ff_wtoupper
 .text          0x00000000000320e8     0x1e54 ../../../addon/SDCard/libsdcard.a(emmc.o)
                0x00000000000320e8                CEMMCDevice::CEMMCDevice(CInterruptSystem*, CTimer*, CActLED*)
                0x00000000000320e8                CEMMCDevice::CEMMCDevice(CInterruptSystem*, CTimer*, CActLED*)
                0x0000000000032340                CEMMCDevice::~CEMMCDevice()
                0x0000000000032340                CEMMCDevice::~CEMMCDevice()
                0x0000000000032400                CEMMCDevice::~CEMMCDevice()
                0x000000000003242c                CEMMCDevice::Initialize()
                0x0000000000032560                CEMMCDevice::Read(void*, unsigned int)
                0x000000000003261c                CEMMCDevice::Write(void const*, unsigned int)
                0x00000000000326d8                CEMMCDevice::Seek(unsigned long long)
                0x00000000000326f0                CEMMCDevice::PowerOn()
                0x0000000000032790                CEMMCDevice::PowerOff()
                0x00000000000327a8                CEMMCDevice::GetBaseClock()
                0x000000000003283c                CEMMCDevice::GetClockDivider(unsigned int, unsigned int)
                0x00000000000328c8                CEMMCDevice::SwitchClockRate(unsigned int, unsigned int)
                0x00000000000329c8                CEMMCDevice::ResetCmd()
                0x0000000000032a3c                CEMMCDevice::ResetDat()
                0x0000000000032ab0                CEMMCDevice::IssueCommandInt(unsigned int, unsigned int, int)
                0x0000000000032db0                CEMMCDevice::HandleCardInterrupt()
                0x0000000000032e14                CEMMCDevice::HandleInterrupts()
                0x0000000000032ed8                CEMMCDevice::IssueCommand(unsigned int, unsigned int, int)
                0x000000000003301c                CEMMCDevice::CardReset()
                0x000000000003393c                CEMMCDevice::CardInit()
                0x00000000000339f4                CEMMCDevice::EnsureDataMode()
                0x0000000000033b98                CEMMCDevice::DoDataCommand(int, unsigned char*, unsigned int, unsigned int)
                0x0000000000033d10                CEMMCDevice::DoRead(unsigned char*, unsigned int, unsigned int)
                0x0000000000033d78                CEMMCDevice::DoWrite(unsigned char*, unsigned int, unsigned int)
                0x0000000000033de4                CEMMCDevice::TimeoutWait(unsigned int, unsigned int, int, unsigned int)
                0x0000000000033e7c                CEMMCDevice::usDelay(unsigned int)
                0x0000000000033e9c                CEMMCDevice::LogWrite(TLogSeverity, char const*, ...)
                0x0000000000033f14                CEMMCDevice::GetID()
 .text          0x0000000000033f3c      0x4a8 ../../../lib/net/libnet.a(netsubsystem.o)
                0x0000000000033f3c                CNetSubSystem::Process()
                0x0000000000033f94                CNetSubSystem::GetConfig()
                0x0000000000033f9c                CNetSubSystem::GetNetDeviceLayer()
                0x0000000000033fa4                CNetSubSystem::GetLinkLayer()
                0x0000000000033fb0                CNetSubSystem::GetTransportLayer()
                0x0000000000033fbc                CNetSubSystem::IsRunning() const
                0x0000000000034024                CNetSubSystem::Initialize(bool)
                0x0000000000034190                CNetSubSystem::Get()
                0x00000000000341c4                CNetSubSystem::CNetSubSystem(unsigned char const*, unsigned char const*, unsigned char const*, unsigned char const*, char const*, TNetDeviceType)
                0x00000000000341c4                CNetSubSystem::CNetSubSystem(unsigned char const*, unsigned char const*, unsigned char const*, unsigned char const*, char const*, TNetDeviceType)
                0x000000000003437c                CNetSubSystem::~CNetSubSystem()
                0x000000000003437c                CNetSubSystem::~CNetSubSystem()
 .text          0x00000000000343e4       0xfc ../../../lib/net/libnet.a(nettask.o)
                0x00000000000343e4                CNetTask::~CNetTask()
                0x00000000000343e4                CNetTask::~CNetTask()
                0x0000000000034418                CNetTask::~CNetTask()
                0x0000000000034458                CNetTask::Run()
                0x00000000000344a0                CNetTask::CNetTask(CNetSubSystem*)
                0x00000000000344a0                CNetTask::CNetTask(CNetSubSystem*)
 .text          0x00000000000344e0     0x122c ../../../lib/net/libnet.a(transportlayer.o)
                0x00000000000344e0                CTransportLayer::Initialize()
                0x00000000000344e8                CTransportLayer::Bind(unsigned short, int)
                0x0000000000034684                CTransportLayer::Connect(CIPAddress&, unsigned short, unsigned short, int)
                0x0000000000034948                CTransportLayer::Listen(unsigned short, int)
                0x0000000000034ae0                CTransportLayer::Accept(CIPAddress*, unsigned short*, int)
                0x0000000000034be8                CTransportLayer::Disconnect(int)
                0x0000000000034c90                CTransportLayer::Send(void const*, unsigned int, int, int)
                0x0000000000034da4                CTransportLayer::Receive(void*, int, int)
                0x0000000000034e8c                CTransportLayer::SendTo(void const*, unsigned int, int, CIPAddress&, unsigned short, int)
                0x0000000000034fbc                CTransportLayer::ReceiveFrom(void*, int, CIPAddress*, unsigned short*, int)
                0x00000000000350c4                CTransportLayer::SetOptionBroadcast(bool, int)
                0x0000000000035174                CTransportLayer::IsConnected(int) const
                0x0000000000035214                CTransportLayer::GetForeignIP(int) const
                0x000000000003529c                CTransportLayer::CTransportLayer(CNetConfig*, CNetworkLayer*)
                0x000000000003529c                CTransportLayer::CTransportLayer(CNetConfig*, CNetworkLayer*)
                0x0000000000035374                CTransportLayer::~CTransportLayer()
                0x0000000000035374                CTransportLayer::~CTransportLayer()
                0x00000000000353a8                CTransportLayer::Process()
 .text._ZN12CTCPRejector7ConnectEv
                0x000000000003570c        0x8 ../../../lib/net/libnet.a(transportlayer.o)
                0x000000000003570c                CTCPRejector::Connect()
 .text._ZN12CTCPRejector6AcceptEP10CIPAddressPt
                0x0000000000035714        0x8 ../../../lib/net/libnet.a(transportlayer.o)
                0x0000000000035714                CTCPRejector::Accept(CIPAddress*, unsigned short*)
 .text._ZN12CTCPRejector5CloseEv
                0x000000000003571c        0x8 ../../../lib/net/libnet.a(transportlayer.o)
                0x000000000003571c                CTCPRejector::Close()
 .text._ZN12CTCPRejector4SendEPKvji
                0x0000000000035724        0x8 ../../../lib/net/libnet.a(transportlayer.o)
                0x0000000000035724                CTCPRejector::Send(void const*, unsigned int, int)
 .text._ZN12CTCPRejector7ReceiveEPvi
                0x000000000003572c        0x8 ../../../lib/net/libnet.a(transportlayer.o)
                0x000000000003572c                CTCPRejector::Receive(void*, int)
 .text._ZN12CTCPRejector6SendToEPKvjiR10CIPAddresst
                0x0000000000035734        0x8 ../../../lib/net/libnet.a(transportlayer.o)
                0x0000000000035734                CTCPRejector::SendTo(void const*, unsigned int, int, CIPAddress&, unsigned short)
 .text._ZN12CTCPRejector11ReceiveFromEPviP10CIPAddressPt
                0x000000000003573c        0x8 ../../../lib/net/libnet.a(transportlayer.o)
                0x000000000003573c                CTCPRejector::ReceiveFrom(void*, int, CIPAddress*, unsigned short*)
 .text._ZN12CTCPRejector18SetOptionBroadcastEb
                0x0000000000035744        0x8 ../../../lib/net/libnet.a(transportlayer.o)
                0x0000000000035744                CTCPRejector::SetOptionBroadcast(bool)
 .text._ZNK12CTCPRejector11IsConnectedEv
                0x000000000003574c        0x8 ../../../lib/net/libnet.a(transportlayer.o)
                0x000000000003574c                CTCPRejector::IsConnected() const
 .text._ZNK12CTCPRejector12IsTerminatedEv
                0x0000000000035754        0x8 ../../../lib/net/libnet.a(transportlayer.o)
                0x0000000000035754                CTCPRejector::IsTerminated() const
 .text._ZN12CTCPRejector7ProcessEv
                0x000000000003575c        0x4 ../../../lib/net/libnet.a(transportlayer.o)
                0x000000000003575c                CTCPRejector::Process()
 .text._ZN12CTCPRejector20NotificationReceivedE21TICMPNotificationTypeR10CIPAddressS2_tti
                0x0000000000035760        0x8 ../../../lib/net/libnet.a(transportlayer.o)
                0x0000000000035760                CTCPRejector::NotificationReceived(TICMPNotificationType, CIPAddress&, CIPAddress&, unsigned short, unsigned short, int)
 .text          0x0000000000035768      0xa44 ../../../lib/net/libnet.a(networklayer.o)
                0x0000000000035788                CNetworkLayer::CNetworkLayer(CNetConfig*, CLinkLayer*)
                0x0000000000035788                CNetworkLayer::CNetworkLayer(CNetConfig*, CLinkLayer*)
                0x0000000000035868                CNetworkLayer::~CNetworkLayer()
                0x0000000000035868                CNetworkLayer::~CNetworkLayer()
                0x00000000000358dc                CNetworkLayer::Initialize()
                0x000000000003595c                CNetworkLayer::Process()
                0x0000000000035bb4                CNetworkLayer::Send(CIPAddress const&, void const*, unsigned int, int)
                0x0000000000035e54                CNetworkLayer::Receive(void*, unsigned int*, CIPAddress*, CIPAddress*, int*)
                0x0000000000035f90                CNetworkLayer::ReceiveNotification(TICMPNotificationType*, CIPAddress*, CIPAddress*, unsigned short*, unsigned short*, int*)
                0x0000000000036108                CNetworkLayer::AddRoute(unsigned char const*, unsigned char const*)
                0x0000000000036110                CNetworkLayer::GetGateway(unsigned char const*) const
                0x0000000000036190                CNetworkLayer::SendFailed(unsigned int, void const*, unsigned int)
 .text          0x00000000000361ac      0x8c4 ../../../lib/net/libnet.a(linklayer.o)
                0x00000000000361ac                CLinkLayer::CLinkLayer(CNetConfig*, CNetDeviceLayer*)
                0x00000000000361ac                CLinkLayer::CLinkLayer(CNetConfig*, CNetDeviceLayer*)
                0x0000000000036280                CLinkLayer::~CLinkLayer()
                0x0000000000036280                CLinkLayer::~CLinkLayer()
                0x00000000000362f0                CLinkLayer::Initialize()
                0x0000000000036370                CLinkLayer::AttachLayer(CNetworkLayer*)
                0x00000000000363cc                CLinkLayer::Process()
                0x00000000000365e4                CLinkLayer::Send(CIPAddress const&, void const*, unsigned int)
                0x00000000000367c4                CLinkLayer::Receive(void*, unsigned int*)
                0x0000000000036838                CLinkLayer::SendRaw(void const*, unsigned int)
                0x00000000000368b8                CLinkLayer::ReceiveRaw(void*, unsigned int*, CMACAddress*)
                0x0000000000036998                CLinkLayer::EnableReceiveRaw(unsigned short)
                0x00000000000369e8                CLinkLayer::ResolveFailed(void const*, unsigned int)
 .text          0x0000000000036a70      0x440 ../../../lib/net/libnet.a(netdevlayer.o)
                0x0000000000036a70                CNetDeviceLayer::CNetDeviceLayer(CNetConfig*, TNetDeviceType)
                0x0000000000036a70                CNetDeviceLayer::CNetDeviceLayer(CNetConfig*, TNetDeviceType)
                0x0000000000036ad8                CNetDeviceLayer::Initialize(bool)
                0x0000000000036c64                CNetDeviceLayer::Process()
                0x0000000000036db8                CNetDeviceLayer::GetMACAddress() const
                0x0000000000036df0                CNetDeviceLayer::Send(void const*, unsigned int)
                0x0000000000036dfc                CNetDeviceLayer::Receive(void*, unsigned int*)
                0x0000000000036e60                CNetDeviceLayer::IsRunning() const
                0x0000000000036e70                CNetDeviceLayer::~CNetDeviceLayer()
                0x0000000000036e70                CNetDeviceLayer::~CNetDeviceLayer()
 .text          0x0000000000036eb0      0x134 ../../../lib/net/libnet.a(phytask.o)
                0x0000000000036eb0                CPHYTask::~CPHYTask()
                0x0000000000036eb0                CPHYTask::~CPHYTask()
                0x0000000000036ee4                CPHYTask::~CPHYTask()
                0x0000000000036f24                CPHYTask::Run()
                0x0000000000036fa4                CPHYTask::CPHYTask(CNetDevice*)
                0x0000000000036fa4                CPHYTask::CPHYTask(CNetDevice*)
 .text          0x0000000000036fe4      0xdc0 ../../../lib/net/libnet.a(arphandler.o)
                0x0000000000036fe4                CARPHandler::TimerHandler(unsigned int, void*, void*)
                0x00000000000370ac                CARPHandler::CARPHandler(CNetConfig*, CNetDeviceLayer*, CLinkLayer*, CNetQueue*)
                0x00000000000370ac                CARPHandler::CARPHandler(CNetConfig*, CNetDeviceLayer*, CLinkLayer*, CNetQueue*)
                0x0000000000037164                CARPHandler::~CARPHandler()
                0x0000000000037164                CARPHandler::~CARPHandler()
                0x00000000000371dc                CARPHandler::ReplyReceived(CIPAddress const&, CMACAddress const&)
                0x00000000000372f8                CARPHandler::RequestReceived(CIPAddress const&, CMACAddress const&)
                0x000000000003747c                CARPHandler::SendPacket(bool, CIPAddress const&, CMACAddress const&)
                0x00000000000375c4                CARPHandler::Process()
                0x0000000000037a40                CARPHandler::Resolve(CIPAddress const&, CMACAddress*, void const*, unsigned int)
 .text          0x0000000000037da4      0x7a0 ../../../lib/net/libnet.a(icmphandler.o)
                0x0000000000037da4                CICMPHandler::CICMPHandler(CNetConfig*, CNetworkLayer*, CNetQueue*, CNetQueue*)
                0x0000000000037da4                CICMPHandler::CICMPHandler(CNetConfig*, CNetworkLayer*, CNetQueue*, CNetQueue*)
                0x0000000000037e48                CICMPHandler::~CICMPHandler()
                0x0000000000037e48                CICMPHandler::~CICMPHandler()
                0x0000000000037e4c                CICMPHandler::EnqueueNotification(TICMPNotificationType, TIPHeader*, TICMPDataDatagramHeader*)
                0x0000000000037f54                CICMPHandler::Process()
                0x000000000003835c                CICMPHandler::DestinationUnreachable(unsigned int, void const*, unsigned int)
 .text          0x0000000000038544      0x278 ../../../lib/net/libnet.a(routecache.o)
                0x0000000000038544                CRouteCache::CRouteCache()
                0x0000000000038544                CRouteCache::CRouteCache()
                0x000000000003856c                CRouteCache::Flush()
                0x00000000000385d0                CRouteCache::~CRouteCache()
                0x00000000000385d0                CRouteCache::~CRouteCache()
                0x00000000000385f8                CRouteCache::AddRoute(unsigned char const*, unsigned char const*)
                0x0000000000038708                CRouteCache::GetRoute(unsigned char const*) const
 .text          0x00000000000387bc      0x2a4 ../../../lib/net/libnet.a(netconnection.o)
                0x00000000000387bc                CNetConnection::CNetConnection(CNetConfig*, CNetworkLayer*, CIPAddress&, unsigned short, unsigned short, int)
                0x00000000000387bc                CNetConnection::CNetConnection(CNetConfig*, CNetworkLayer*, CIPAddress&, unsigned short, unsigned short, int)
                0x00000000000388bc                CNetConnection::CNetConnection(CNetConfig*, CNetworkLayer*, unsigned short, int)
                0x00000000000388bc                CNetConnection::CNetConnection(CNetConfig*, CNetworkLayer*, unsigned short, int)
                0x0000000000038998                CNetConnection::~CNetConnection()
                0x0000000000038998                CNetConnection::~CNetConnection()
                0x00000000000389d8                CNetConnection::~CNetConnection()
                0x0000000000038a24                CNetConnection::GetForeignIP() const
                0x0000000000038a2c                CNetConnection::GetOwnPort() const
                0x0000000000038a58                CNetConnection::GetProtocol() const
 .text          0x0000000000038a60      0xac4 ../../../lib/net/libnet.a(udpconnection.o)
                0x0000000000038a60                CUDPConnection::Accept(CIPAddress*, unsigned short*)
                0x0000000000038a68                CUDPConnection::Close()
                0x0000000000038a88                CUDPConnection::SetOptionBroadcast(bool)
                0x0000000000038a98                CUDPConnection::IsConnected() const
                0x0000000000038aa0                CUDPConnection::IsTerminated() const
                0x0000000000038aac                CUDPConnection::Process()
                0x0000000000038ab0                CUDPConnection::Send(void const*, unsigned int, int)
                0x0000000000038c8c                CUDPConnection::SendTo(void const*, unsigned int, int, CIPAddress&, unsigned short)
                0x0000000000038e7c                CUDPConnection::Receive(void*, int)
                0x0000000000038f70                CUDPConnection::ReceiveFrom(void*, int, CIPAddress*, unsigned short*)
                0x0000000000039098                CUDPConnection::Connect()
                0x00000000000390cc                CUDPConnection::~CUDPConnection()
                0x00000000000390cc                CUDPConnection::~CUDPConnection()
                0x0000000000039130                CUDPConnection::~CUDPConnection()
                0x000000000003915c                CUDPConnection::PacketReceived(void const*, unsigned int, CIPAddress&, CIPAddress&, int)
                0x0000000000039334                CUDPConnection::NotificationReceived(TICMPNotificationType, CIPAddress&, CIPAddress&, unsigned short, unsigned short, int)
                0x0000000000039408                CUDPConnection::CUDPConnection(CNetConfig*, CNetworkLayer*, CIPAddress&, unsigned short, unsigned short)
                0x0000000000039408                CUDPConnection::CUDPConnection(CNetConfig*, CNetworkLayer*, CIPAddress&, unsigned short, unsigned short)
                0x000000000003949c                CUDPConnection::CUDPConnection(CNetConfig*, CNetworkLayer*, unsigned short)
                0x000000000003949c                CUDPConnection::CUDPConnection(CNetConfig*, CNetworkLayer*, unsigned short)
 .text          0x0000000000039524     0x23d8 ../../../lib/net/libnet.a(tcpconnection.o)
                0x0000000000039524                CTCPConnection::SendTo(void const*, unsigned int, int, CIPAddress&, unsigned short)
                0x000000000003953c                CTCPConnection::SetOptionBroadcast(bool)
                0x0000000000039544                CTCPConnection::IsConnected() const
                0x0000000000039568                CTCPConnection::IsTerminated() const
                0x0000000000039578                CTCPConnection::ReceiveFrom(void*, int, CIPAddress*, unsigned short*)
                0x00000000000395f8                CTCPConnection::Send(void const*, unsigned int, int)
                0x0000000000039728                CTCPConnection::Receive(void*, int)
                0x00000000000397f0                CTCPConnection::CTCPConnection(CNetConfig*, CNetworkLayer*, unsigned short)
                0x00000000000397f0                CTCPConnection::CTCPConnection(CNetConfig*, CNetworkLayer*, unsigned short)
                0x0000000000039950                CTCPConnection::SendSegment(unsigned int, unsigned int, unsigned int, void const*, unsigned int)
                0x0000000000039acc                CTCPConnection::ScanOptions(TTCPHeader*)
                0x0000000000039b9c                CTCPConnection::CalculateISN()
                0x0000000000039c14                CTCPConnection::StopTimer(unsigned int)
                0x0000000000039ce4                CTCPConnection::~CTCPConnection()
                0x0000000000039ce4                CTCPConnection::~CTCPConnection()
                0x0000000000039dd8                CTCPConnection::~CTCPConnection()
                0x0000000000039e04                CTCPConnection::Close()
                0x0000000000039f34                CTCPConnection::StartTimer(unsigned int, unsigned int)
                0x0000000000039ff0                CTCPConnection::CTCPConnection(CNetConfig*, CNetworkLayer*, CIPAddress&, unsigned short, unsigned short)
                0x0000000000039ff0                CTCPConnection::CTCPConnection(CNetConfig*, CNetworkLayer*, CIPAddress&, unsigned short, unsigned short)
                0x000000000003a1fc                CTCPConnection::Process()
                0x000000000003a540                CTCPConnection::NotificationReceived(TICMPNotificationType, CIPAddress&, CIPAddress&, unsigned short, unsigned short, int)
                0x000000000003a634                CTCPConnection::DumpStatus()
                0x000000000003a6c4                CTCPConnection::NewState(TTCPState, unsigned int)
                0x000000000003a77c                CTCPConnection::UnexpectedState(unsigned int)
                0x000000000003a7cc                CTCPConnection::Connect()
                0x000000000003a870                CTCPConnection::Accept(CIPAddress*, unsigned short*)
                0x000000000003a974                CTCPConnection::PacketReceived(void const*, unsigned int, CIPAddress&, CIPAddress&, int)
                0x000000000003b6b8                CTCPConnection::TimerHandler(unsigned int)
                0x000000000003b8a4                CTCPConnection::TimerStub(unsigned int, void*, void*)
 .text          0x000000000003b8fc      0x44c ../../../lib/net/libnet.a(retransmissionqueue.o)
                0x000000000003b8fc                CRetransmissionQueue::CRetransmissionQueue(unsigned int)
                0x000000000003b8fc                CRetransmissionQueue::CRetransmissionQueue(unsigned int)
                0x000000000003b95c                CRetransmissionQueue::~CRetransmissionQueue()
                0x000000000003b95c                CRetransmissionQueue::~CRetransmissionQueue()
                0x000000000003b98c                CRetransmissionQueue::IsEmpty() const
                0x000000000003b9a4                CRetransmissionQueue::GetFreeSpace() const
                0x000000000003ba38                CRetransmissionQueue::Write(void const*, unsigned int)
                0x000000000003bb20                CRetransmissionQueue::GetBytesAvailable() const
                0x000000000003bbb0                CRetransmissionQueue::Read(void*, unsigned int)
                0x000000000003bc98                CRetransmissionQueue::Advance(unsigned int)
                0x000000000003bd28                CRetransmissionQueue::Reset()
                0x000000000003bd34                CRetransmissionQueue::Flush()
 .text          0x000000000003bd48      0x360 ../../../lib/net/libnet.a(retranstimeoutcalc.o)
                0x000000000003bd48                CRetransmissionTimeoutCalculator::CRetransmissionTimeoutCalculator()
                0x000000000003bd48                CRetransmissionTimeoutCalculator::CRetransmissionTimeoutCalculator()
                0x000000000003bdac                CRetransmissionTimeoutCalculator::~CRetransmissionTimeoutCalculator()
                0x000000000003bdac                CRetransmissionTimeoutCalculator::~CRetransmissionTimeoutCalculator()
                0x000000000003bdb0                CRetransmissionTimeoutCalculator::GetRTO() const
                0x000000000003bdb8                CRetransmissionTimeoutCalculator::Initialize(unsigned int)
                0x000000000003be48                CRetransmissionTimeoutCalculator::SegmentSent(unsigned int, unsigned int)
                0x000000000003bef4                CRetransmissionTimeoutCalculator::RetransmissionTimerExpired()
                0x000000000003bf74                CRetransmissionTimeoutCalculator::Calculate(unsigned int)
                0x000000000003c000                CRetransmissionTimeoutCalculator::SegmentAcknowledged(unsigned int)
 .text          0x000000000003c0a8      0x308 ../../../lib/net/libnet.a(tcprejector.o)
                0x000000000003c0a8                CTCPRejector::~CTCPRejector()
                0x000000000003c0a8                CTCPRejector::~CTCPRejector()
                0x000000000003c0d4                CTCPRejector::~CTCPRejector()
                0x000000000003c10c                CTCPRejector::CTCPRejector(CNetConfig*, CNetworkLayer*)
                0x000000000003c10c                CTCPRejector::CTCPRejector(CNetConfig*, CNetworkLayer*)
                0x000000000003c14c                CTCPRejector::SendSegment(unsigned int, unsigned int, unsigned int)
                0x000000000003c228                CTCPRejector::PacketReceived(void const*, unsigned int, CIPAddress&, CIPAddress&, int)
 .text          0x000000000003c3b0      0x2a4 ../../../lib/net/libnet.a(netconfig.o)
                0x000000000003c3b0                CNetConfig::~CNetConfig()
                0x000000000003c3b0                CNetConfig::~CNetConfig()
                0x000000000003c3f4                CNetConfig::SetDHCP(bool)
                0x000000000003c3fc                CNetConfig::SetDefaultGateway(unsigned int)
                0x000000000003c404                CNetConfig::SetDNSServer(unsigned int)
                0x000000000003c40c                CNetConfig::SetDefaultGateway(unsigned char const*)
                0x000000000003c414                CNetConfig::SetDNSServer(unsigned char const*)
                0x000000000003c41c                CNetConfig::GetIPAddress() const
                0x000000000003c424                CNetConfig::IsDHCPUsed() const
                0x000000000003c42c                CNetConfig::GetNetMask() const
                0x000000000003c434                CNetConfig::GetDefaultGateway() const
                0x000000000003c43c                CNetConfig::GetDNSServer() const
                0x000000000003c444                CNetConfig::GetBroadcastAddress() const
                0x000000000003c44c                CNetConfig::UpdateBroadcastAddress()
                0x000000000003c498                CNetConfig::Reset()
                0x000000000003c4f8                CNetConfig::CNetConfig()
                0x000000000003c4f8                CNetConfig::CNetConfig()
                0x000000000003c5b4                CNetConfig::SetIPAddress(unsigned int)
                0x000000000003c5dc                CNetConfig::SetNetMask(unsigned int)
                0x000000000003c604                CNetConfig::SetIPAddress(unsigned char const*)
                0x000000000003c62c                CNetConfig::SetNetMask(unsigned char const*)
 .text          0x000000000003c654      0x5c8 ../../../lib/net/libnet.a(ipaddress.o)
                0x000000000003c654                CIPAddress::CIPAddress()
                0x000000000003c654                CIPAddress::CIPAddress()
                0x000000000003c660                CIPAddress::CIPAddress(unsigned int)
                0x000000000003c660                CIPAddress::CIPAddress(unsigned int)
                0x000000000003c670                CIPAddress::CIPAddress(CIPAddress const&)
                0x000000000003c670                CIPAddress::CIPAddress(CIPAddress const&)
                0x000000000003c6b0                CIPAddress::~CIPAddress()
                0x000000000003c6b0                CIPAddress::~CIPAddress()
                0x000000000003c6b4                CIPAddress::operator==(CIPAddress const&) const
                0x000000000003c724                CIPAddress::operator!=(CIPAddress const&) const
                0x000000000003c790                CIPAddress::operator==(unsigned char const*) const
                0x000000000003c7fc                CIPAddress::operator!=(unsigned char const*) const
                0x000000000003c81c                CIPAddress::operator==(unsigned int) const
                0x000000000003c85c                CIPAddress::operator!=(unsigned int) const
                0x000000000003c898                CIPAddress::operator=(unsigned int)
                0x000000000003c8a8                CIPAddress::Set(unsigned int)
                0x000000000003c8b8                CIPAddress::Set(unsigned char const*)
                0x000000000003c904                CIPAddress::CIPAddress(unsigned char const*)
                0x000000000003c904                CIPAddress::CIPAddress(unsigned char const*)
                0x000000000003c924                CIPAddress::Set(CIPAddress const&)
                0x000000000003c964                CIPAddress::SetBroadcast()
                0x000000000003c978                CIPAddress::operator unsigned int() const
                0x000000000003c9ac                CIPAddress::Get() const
                0x000000000003c9e0                CIPAddress::CopyTo(unsigned char*) const
                0x000000000003ca4c                CIPAddress::IsNull() const
                0x000000000003ca88                CIPAddress::IsBroadcast() const
                0x000000000003cac8                CIPAddress::GetSize() const
                0x000000000003cad0                CIPAddress::Format(CString*) const
                0x000000000003cb50                CIPAddress::OnSameNetwork(CIPAddress const&, unsigned char const*) const
 .text          0x000000000003cc1c      0x3b4 ../../../lib/net/libnet.a(netqueue.o)
                0x000000000003cc1c                CNetQueue::CNetQueue()
                0x000000000003cc1c                CNetQueue::CNetQueue()
                0x000000000003cc30                CNetQueue::IsEmpty() const
                0x000000000003cc40                CNetQueue::Flush()
                0x000000000003cd1c                CNetQueue::~CNetQueue()
                0x000000000003cd1c                CNetQueue::~CNetQueue()
                0x000000000003cd3c                CNetQueue::Enqueue(void const*, unsigned int, void*)
                0x000000000003ce94                CNetQueue::Dequeue(void*, void**)
 .text          0x000000000003cfd0      0x2f4 ../../../lib/net/libnet.a(checksumcalculator.o)
                0x000000000003cfd0                CChecksumCalculator::CChecksumCalculator(CIPAddress const&, int)
                0x000000000003cfd0                CChecksumCalculator::CChecksumCalculator(CIPAddress const&, int)
                0x000000000003d014                CChecksumCalculator::CChecksumCalculator(CIPAddress const&, CIPAddress const&, int)
                0x000000000003d014                CChecksumCalculator::CChecksumCalculator(CIPAddress const&, CIPAddress const&, int)
                0x000000000003d06c                CChecksumCalculator::~CChecksumCalculator()
                0x000000000003d06c                CChecksumCalculator::~CChecksumCalculator()
                0x000000000003d070                CChecksumCalculator::SetSourceAddress(CIPAddress const&)
                0x000000000003d080                CChecksumCalculator::SetDestinationAddress(CIPAddress const&)
                0x000000000003d0ac                CChecksumCalculator::CalculateChunk(void const*, unsigned int, unsigned int)
                0x000000000003d150                CChecksumCalculator::Calculate(void const*, unsigned int)
                0x000000000003d220                CChecksumCalculator::SimpleCalculate(void const*, unsigned int)
                0x000000000003d2a0                CChecksumCalculator::FoldResult(unsigned int)
 .text          0x000000000003d2c4     0x15d4 ../../../lib/net/libnet.a(dhcpclient.o)
                0x000000000003d2e4                CDHCPClient::IsBound() const
                0x000000000003d2ec                CDHCPClient::HaltNetwork()
                0x000000000003d314                CDHCPClient::CheckConfig()
                0x000000000003d4ac                CDHCPClient::GetUnaligned(void const*)
                0x000000000003d4dc                CDHCPClient::ScanOptions(unsigned char const*, unsigned int)
                0x000000000003d7e4                CDHCPClient::GetXID() const
                0x000000000003d860                CDHCPClient::SetUnaligned(void*, unsigned int)
                0x000000000003d8a8                CDHCPClient::CDHCPClient(CNetSubSystem*, char const*)
                0x000000000003d8a8                CDHCPClient::CDHCPClient(CNetSubSystem*, char const*)
                0x000000000003d9cc                CDHCPClient::~CDHCPClient()
                0x000000000003d9cc                CDHCPClient::~CDHCPClient()
                0x000000000003da14                CDHCPClient::~CDHCPClient()
                0x000000000003da40                CDHCPClient::ReceiveMessage()
                0x000000000003dbf4                CDHCPClient::SendMessage(unsigned char const*, unsigned int)
                0x000000000003dd38                CDHCPClient::SendDiscover()
                0x000000000003dd50                CDHCPClient::SendRequest(unsigned int)
                0x000000000003dea8                CDHCPClient::SendAndReceive(bool, unsigned int)
                0x000000000003e078                CDHCPClient::SelectAndRequest()
                0x000000000003e380                CDHCPClient::RenewOrRebind(bool, unsigned int)
                0x000000000003e704                CDHCPClient::Run()
 .text          0x000000000003e898      0x2f8 ../../../lib/net/libnet.a(ntpdaemon.o)
                0x000000000003e898                CNTPDaemon::UpdateTime()
                0x000000000003ea44                CNTPDaemon::Run()
                0x000000000003ea70                CNTPDaemon::CNTPDaemon(char const*, CNetSubSystem*)
                0x000000000003ea70                CNTPDaemon::CNTPDaemon(char const*, CNetSubSystem*)
                0x000000000003eb04                CNTPDaemon::~CNTPDaemon()
                0x000000000003eb04                CNTPDaemon::~CNTPDaemon()
                0x000000000003eb44                CNTPDaemon::~CNTPDaemon()
 .text          0x000000000003eb90      0xab0 ../../../lib/net/libnet.a(socket.o)
                0x000000000003eb90                CSocket::Connect(CIPAddress&, unsigned short)
                0x000000000003ec8c                CSocket::SendTo(void const*, unsigned int, int, CIPAddress&, unsigned short)
                0x000000000003ed88                CSocket::~CSocket()
                0x000000000003ed88                CSocket::~CSocket()
                0x000000000003ee60                CSocket::~CSocket()
                0x000000000003ee8c                CSocket::Bind(unsigned short)
                0x000000000003ef04                CSocket::Listen(unsigned int)
                0x000000000003f004                CSocket::Send(void const*, unsigned int, int)
                0x000000000003f08c                CSocket::Receive(void*, unsigned int, int)
                0x000000000003f154                CSocket::ReceiveFrom(void*, unsigned int, int, CIPAddress*, unsigned short*)
                0x000000000003f224                CSocket::SetOptionBroadcast(bool)
                0x000000000003f27c                CSocket::GetForeignIP() const
                0x000000000003f2c0                CSocket::CSocket(CNetSubSystem*, int)
                0x000000000003f2c0                CSocket::CSocket(CNetSubSystem*, int)
                0x000000000003f380                CSocket::CSocket(CSocket&, int)
                0x000000000003f380                CSocket::CSocket(CSocket&, int)
                0x000000000003f444                CSocket::Accept(CIPAddress*, unsigned short*)
 .text          0x000000000003f640      0x588 ../../../lib/net/libnet.a(dnsclient.o)
                0x000000000003f640                CDNSClient::CDNSClient(CNetSubSystem*)
                0x000000000003f640                CDNSClient::CDNSClient(CNetSubSystem*)
                0x000000000003f66c                CDNSClient::~CDNSClient()
                0x000000000003f66c                CDNSClient::~CDNSClient()
                0x000000000003f670                CDNSClient::ConvertIPString(char const*, CIPAddress*)
                0x000000000003f79c                CDNSClient::Resolve(char const*, CIPAddress*)
 .text          0x000000000003fbc8      0x1c4 ../../../lib/net/libnet.a(ntpclient.o)
                0x000000000003fbc8                CNTPClient::CNTPClient(CNetSubSystem*)
                0x000000000003fbc8                CNTPClient::CNTPClient(CNetSubSystem*)
                0x000000000003fbf4                CNTPClient::~CNTPClient()
                0x000000000003fbf4                CNTPClient::~CNTPClient()
                0x000000000003fbf8                CNTPClient::GetTime(CIPAddress&)
 .text          0x000000000003fd8c      0x224 ../../../lib/net/libnet.a(netsocket.o)
                0x000000000003fd8c                CNetSocket::Connect(char const*, char const*)
                0x000000000003ff24                CNetSocket::CNetSocket(CNetSubSystem*)
                0x000000000003ff24                CNetSocket::CNetSocket(CNetSubSystem*)
                0x000000000003ff5c                CNetSocket::~CNetSocket()
                0x000000000003ff5c                CNetSocket::~CNetSocket()
                0x000000000003ff60                CNetSocket::~CNetSocket()
                0x000000000003ff84                CNetSocket::GetNetSubSystem()
 .text._ZN10CNetSocket4BindEt
                0x000000000003ffb0        0x8 ../../../lib/net/libnet.a(netsocket.o)
                0x000000000003ffb0                CNetSocket::Bind(unsigned short)
 .text._ZN10CNetSocket6ListenEj
                0x000000000003ffb8        0x8 ../../../lib/net/libnet.a(netsocket.o)
                0x000000000003ffb8                CNetSocket::Listen(unsigned int)
 .text._ZN10CNetSocket6AcceptEP10CIPAddressPt
                0x000000000003ffc0        0x8 ../../../lib/net/libnet.a(netsocket.o)
                0x000000000003ffc0                CNetSocket::Accept(CIPAddress*, unsigned short*)
 .text._ZN10CNetSocket6SendToEPKvjiR10CIPAddresst
                0x000000000003ffc8        0x8 ../../../lib/net/libnet.a(netsocket.o)
                0x000000000003ffc8                CNetSocket::SendTo(void const*, unsigned int, int, CIPAddress&, unsigned short)
 .text._ZN10CNetSocket11ReceiveFromEPvjiP10CIPAddressPt
                0x000000000003ffd0        0x8 ../../../lib/net/libnet.a(netsocket.o)
                0x000000000003ffd0                CNetSocket::ReceiveFrom(void*, unsigned int, int, CIPAddress*, unsigned short*)
 .text._ZN10CNetSocket18SetOptionBroadcastEb
                0x000000000003ffd8        0x8 ../../../lib/net/libnet.a(netsocket.o)
                0x000000000003ffd8                CNetSocket::SetOptionBroadcast(bool)
 .text          0x000000000003ffe0      0x2cc ../../../lib/sched/libsched.a(task.o)
                0x000000000003ffe0                CTask::Run()
                0x0000000000040000                CTask::TaskEntry(void*)
                0x0000000000040064                CTask::~CTask()
                0x0000000000040064                CTask::~CTask()
                0x00000000000400d8                CTask::~CTask()
                0x0000000000040104                CTask::Terminate()
                0x0000000000040140                CTask::WaitForTermination()
                0x0000000000040148                CTask::SetUserData(void*, unsigned int)
                0x0000000000040154                CTask::GetUserData(unsigned int)
                0x0000000000040160                CTask::InitializeRegs()
                0x00000000000401d8                CTask::CTask(unsigned int)
                0x00000000000401d8                CTask::CTask(unsigned int)
 .text          0x00000000000402ac      0x6dc ../../../lib/sched/libsched.a(scheduler.o)
                0x00000000000402ac                CScheduler::CScheduler()
                0x00000000000402ac                CScheduler::CScheduler()
                0x0000000000040340                CScheduler::~CScheduler()
                0x0000000000040340                CScheduler::~CScheduler()
                0x0000000000040354                CScheduler::GetCurrentTask()
                0x000000000004035c                CScheduler::RegisterTaskSwitchHandler(void (*)(CTask*))
                0x00000000000403b8                CScheduler::RegisterTaskTerminationHandler(void (*)(CTask*))
                0x0000000000040414                CScheduler::AddTask(CTask*)
                0x00000000000404cc                CScheduler::RemoveTask(CTask*)
                0x000000000004053c                CScheduler::WakeTask(CTask**)
                0x00000000000405c4                CScheduler::GetNextTask()
                0x00000000000406c0                CScheduler::Yield()
                0x00000000000407a0                CScheduler::usSleep(unsigned int)
                0x0000000000040840                CScheduler::Sleep(unsigned int)
                0x00000000000408b0                CScheduler::MsSleep(unsigned int)
                0x00000000000408c8                CScheduler::BlockTask(CTask**)
                0x0000000000040954                CScheduler::Get()
 .text          0x0000000000040988       0x24 ../../../lib/sched/libsched.a(taskswitch.o)
                0x0000000000040988                TaskSwitch
 .text          0x00000000000409ac      0x118 ../../../lib/sched/libsched.a(synchronizationevent.o)
                0x00000000000409ac                CSynchronizationEvent::CSynchronizationEvent(bool)
                0x00000000000409ac                CSynchronizationEvent::CSynchronizationEvent(bool)
                0x00000000000409bc                CSynchronizationEvent::~CSynchronizationEvent()
                0x00000000000409bc                CSynchronizationEvent::~CSynchronizationEvent()
                0x00000000000409e8                CSynchronizationEvent::GetState()
                0x00000000000409f0                CSynchronizationEvent::Clear()
                0x00000000000409fc                CSynchronizationEvent::Set()
                0x0000000000040a4c                CSynchronizationEvent::Wait()
 .text          0x0000000000040ac4      0xba4 ../../../lib/usb/libusb.a(xhcidevice.o)
                0x0000000000040ac4                CXHCIDevice::CXHCIDevice(CInterruptSystem*, CTimer*, bool)
                0x0000000000040ac4                CXHCIDevice::CXHCIDevice(CInterruptSystem*, CTimer*, bool)
                0x0000000000040b80                CXHCIDevice::~CXHCIDevice()
                0x0000000000040b80                CXHCIDevice::~CXHCIDevice()
                0x0000000000040cac                CXHCIDevice::~CXHCIDevice()
                0x0000000000040cd8                CXHCIDevice::Initialize(bool)
                0x000000000004115c                CXHCIDevice::ReScanDevices()
                0x0000000000041188                CXHCIDevice::SubmitBlockingRequest(CUSBRequest*, unsigned int)
                0x000000000004120c                CXHCIDevice::SubmitAsyncRequest(CUSBRequest*, unsigned int)
                0x0000000000041290                CXHCIDevice::GetMMIOSpace()
                0x00000000000412b8                CXHCIDevice::GetSlotManager()
                0x00000000000412e0                CXHCIDevice::GetCommandManager()
                0x0000000000041308                CXHCIDevice::GetRootHub()
                0x0000000000041330                CXHCIDevice::AllocateSharedMem(unsigned int, unsigned int, unsigned int)
                0x000000000004138c                CXHCIDevice::FreeSharedMem(void*)
                0x0000000000041394                CXHCIDevice::InterruptHandler(unsigned int)
                0x00000000000414d0                CXHCIDevice::InterruptStub(unsigned int, void*)
                0x0000000000041500                CXHCIDevice::HWReset()
                0x00000000000415dc                CXHCIDevice::DumpStatus()
 .text._ZN18CUSBHostController24CancelDeviceTransactionsEP10CUSBDevice
                0x0000000000041668        0x4 ../../../lib/usb/libusb.a(xhcidevice.o)
                0x0000000000041668                CUSBHostController::CancelDeviceTransactions(CUSBDevice*)
 .text          0x000000000004166c     0x1058 ../../../lib/usb/libusb.a(xhciendpoint.o)
                0x000000000004166c                CXHCIEndpoint::CompletionRoutine(CUSBRequest*, void*, void*)
                0x00000000000416cc                CXHCIEndpoint::CXHCIEndpoint(CXHCIUSBDevice*, CXHCIDevice*)
                0x00000000000416cc                CXHCIEndpoint::CXHCIEndpoint(CXHCIUSBDevice*, CXHCIDevice*)
                0x0000000000041784                CXHCIEndpoint::~CXHCIEndpoint()
                0x0000000000041784                CXHCIEndpoint::~CXHCIEndpoint()
                0x0000000000041814                CXHCIEndpoint::IsValid()
                0x000000000004181c                CXHCIEndpoint::GetTransferRing()
                0x0000000000041848                CXHCIEndpoint::TransferEvent(unsigned char, unsigned int)
                0x0000000000041970                CXHCIEndpoint::DumpStatus()
                0x0000000000041a48                CXHCIEndpoint::EnqueueTRB(unsigned int, unsigned int, unsigned int, unsigned int)
                0x0000000000041adc                CXHCIEndpoint::TransferAsync(CUSBRequest*, unsigned int)
                0x0000000000041e54                CXHCIEndpoint::Transfer(CUSBRequest*, unsigned int)
                0x0000000000041f88                CXHCIEndpoint::GetInputContextSetMaxPacketSize()
                0x0000000000042058                CXHCIEndpoint::GetInputContextConfigureEndpoint()
                0x0000000000042214                CXHCIEndpoint::FreeInputContext()
                0x000000000004225c                CXHCIEndpoint::SetMaxPacketSize(unsigned int)
                0x0000000000042398                CXHCIEndpoint::CXHCIEndpoint(CXHCIUSBDevice*, TUSBEndpointDescriptor const*, CXHCIDevice*)
                0x0000000000042398                CXHCIEndpoint::CXHCIEndpoint(CXHCIUSBDevice*, TUSBEndpointDescriptor const*, CXHCIDevice*)
                0x000000000004266c                CXHCIEndpoint::ConvertInterval(unsigned char, TUSBSpeed)
 .text          0x00000000000426c4      0x474 ../../../lib/usb/libusb.a(xhcieventmanager.o)
                0x00000000000426c4                CXHCIEventManager::CXHCIEventManager(CXHCIDevice*)
                0x00000000000426c4                CXHCIEventManager::CXHCIEventManager(CXHCIDevice*)
                0x0000000000042894                CXHCIEventManager::~CXHCIEventManager()
                0x0000000000042894                CXHCIEventManager::~CXHCIEventManager()
                0x0000000000042954                CXHCIEventManager::IsValid()
                0x0000000000042988                CXHCIEventManager::HandleEvents()
                0x0000000000042b28                CXHCIEventManager::DumpStatus()
 .text          0x0000000000042b38      0x4f4 ../../../lib/usb/libusb.a(xhcimmiospace.o)
                0x0000000000042b58                CXHCIMMIOSpace::CXHCIMMIOSpace(unsigned int)
                0x0000000000042b58                CXHCIMMIOSpace::CXHCIMMIOSpace(unsigned int)
                0x0000000000042bf8                CXHCIMMIOSpace::~CXHCIMMIOSpace()
                0x0000000000042bf8                CXHCIMMIOSpace::~CXHCIMMIOSpace()
                0x0000000000042bfc                CXHCIMMIOSpace::cap_read32(unsigned int)
                0x0000000000042c64                CXHCIMMIOSpace::op_read32(unsigned int)
                0x0000000000042c9c                CXHCIMMIOSpace::pt_read32(unsigned int, unsigned int)
                0x0000000000042cd8                CXHCIMMIOSpace::rt_read32(unsigned int, unsigned int)
                0x0000000000042d18                CXHCIMMIOSpace::rt_read64(unsigned int, unsigned int)
                0x0000000000042d68                CXHCIMMIOSpace::op_write32(unsigned int, unsigned int)
                0x0000000000042d8c                CXHCIMMIOSpace::db_write32(unsigned int, unsigned int)
                0x0000000000042dc4                CXHCIMMIOSpace::pt_write32(unsigned int, unsigned int, unsigned int)
                0x0000000000042e00                CXHCIMMIOSpace::rt_write32(unsigned int, unsigned int, unsigned int)
                0x0000000000042e40                CXHCIMMIOSpace::op_write64(unsigned int, unsigned long long)
                0x0000000000042e84                CXHCIMMIOSpace::rt_write64(unsigned int, unsigned int, unsigned long long)
                0x0000000000042ed8                CXHCIMMIOSpace::op_wait32(unsigned int, unsigned int, unsigned int, unsigned int)
                0x0000000000042f80                CXHCIMMIOSpace::DumpStatus()
                0x0000000000042ff8                CXHCIMMIOSpace::cap_read32_raw(unsigned int)
 .text          0x000000000004302c      0x5a8 ../../../lib/usb/libusb.a(xhciring.o)
                0x000000000004302c                CXHCIRing::CXHCIRing(TXHCIRingType, unsigned int, CXHCIDevice*)
                0x000000000004302c                CXHCIRing::CXHCIRing(TXHCIRingType, unsigned int, CXHCIDevice*)
                0x0000000000043154                CXHCIRing::~CXHCIRing()
                0x0000000000043154                CXHCIRing::~CXHCIRing()
                0x0000000000043184                CXHCIRing::IsValid() const
                0x0000000000043194                CXHCIRing::GetTRBCount() const
                0x00000000000431c8                CXHCIRing::GetFirstTRB()
                0x00000000000431f4                CXHCIRing::GetDequeueTRB()
                0x0000000000043270                CXHCIRing::GetEnqueueTRB()
                0x00000000000432ec                CXHCIRing::IncrementDequeue()
                0x00000000000433dc                CXHCIRing::IncrementEnqueue()
                0x00000000000434dc                CXHCIRing::GetCycleState() const
                0x0000000000043510                CXHCIRing::DumpStatus(char const*)
 .text          0x00000000000435d4      0x32c ../../../lib/usb/libusb.a(xhciroothub.o)
                0x00000000000435d4                CXHCIRootHub::CXHCIRootHub(unsigned int, CXHCIDevice*)
                0x00000000000435d4                CXHCIRootHub::CXHCIRootHub(unsigned int, CXHCIDevice*)
                0x0000000000043658                CXHCIRootHub::~CXHCIRootHub()
                0x0000000000043658                CXHCIRootHub::~CXHCIRootHub()
                0x00000000000436c8                CXHCIRootHub::Initialize()
                0x00000000000437bc                CXHCIRootHub::ReScanDevices()
                0x000000000004384c                CXHCIRootHub::StatusChanged(unsigned char)
                0x00000000000438b4                CXHCIRootHub::DumpStatus()
 .text          0x0000000000043900      0x9b0 ../../../lib/usb/libusb.a(xhcirootport.o)
                0x0000000000043900                CXHCIRootPort::~CXHCIRootPort()
                0x0000000000043900                CXHCIRootPort::~CXHCIRootPort()
                0x0000000000043940                CXHCIRootPort::RemoveDevice()
                0x000000000004397c                CXHCIRootPort::~CXHCIRootPort()
                0x00000000000439c8                CXHCIRootPort::GetPortID() const
                0x0000000000043a00                CXHCIRootPort::CXHCIRootPort(unsigned char, CXHCIDevice*)
                0x0000000000043a00                CXHCIRootPort::CXHCIRootPort(unsigned char, CXHCIDevice*)
                0x0000000000043a74                CXHCIRootPort::GetPortSpeed()
                0x0000000000043afc                CXHCIRootPort::StatusChanged()
                0x0000000000043c0c                CXHCIRootPort::DumpStatus()
                0x0000000000043cb0                CXHCIRootPort::IsConnected()
                0x0000000000043d1c                CXHCIRootPort::HandlePortStatusChange()
                0x0000000000043d8c                CXHCIRootPort::Reset(unsigned int)
                0x0000000000043e6c                CXHCIRootPort::WaitForU0State(unsigned int)
                0x0000000000043ee0                CXHCIRootPort::PowerOffOnOverCurrent()
                0x0000000000043fd8                CXHCIRootPort::Configure()
                0x00000000000440cc                CXHCIRootPort::Initialize()
                0x0000000000044264                CXHCIRootPort::ReScanDevices()
 .text          0x00000000000442b0      0x3c0 ../../../lib/usb/libusb.a(xhcisharedmemallocator.o)
                0x00000000000442b0                CXHCISharedMemAllocator::CXHCISharedMemAllocator(unsigned int, unsigned int)
                0x00000000000442b0                CXHCISharedMemAllocator::CXHCISharedMemAllocator(unsigned int, unsigned int)
                0x000000000004430c                CXHCISharedMemAllocator::~CXHCISharedMemAllocator()
                0x000000000004430c                CXHCISharedMemAllocator::~CXHCISharedMemAllocator()
                0x0000000000044310                CXHCISharedMemAllocator::GetFreeSpace() const
                0x0000000000044328                CXHCISharedMemAllocator::Allocate(unsigned int, unsigned int, unsigned int)
                0x00000000000445a0                CXHCISharedMemAllocator::Free(void*)
 .text          0x0000000000044670      0x374 ../../../lib/usb/libusb.a(xhcislotmanager.o)
                0x0000000000044670                CXHCISlotManager::CXHCISlotManager(CXHCIDevice*)
                0x0000000000044670                CXHCISlotManager::CXHCISlotManager(CXHCIDevice*)
                0x0000000000044734                CXHCISlotManager::~CXHCISlotManager()
                0x0000000000044734                CXHCISlotManager::~CXHCISlotManager()
                0x000000000004477c                CXHCISlotManager::IsValid()
                0x000000000004478c                CXHCISlotManager::AssignDevice(unsigned char, CXHCIUSBDevice*)
                0x00000000000448a8                CXHCISlotManager::FreeSlot(unsigned char)