Archive member included to satisfy reference by file (symbol)

../../lib/fs/fat/libfatfs.a(fatfs.o)
                              kernel.o (CFATFileSystem::CFATFileSystem())
../../lib/fs/fat/libfatfs.a(fatcache.o)
                              ../../lib/fs/fat/libfatfs.a(fatfs.o) (CFATCache::CFATCache())
../../lib/fs/fat/libfatfs.a(fatinfo.o)
                              ../../lib/fs/fat/libfatfs.a(fatfs.o) (CFATInfo::CFATInfo(CFATCache*))
../../lib/fs/fat/libfatfs.a(fat.o)
                              ../../lib/fs/fat/libfatfs.a(fatfs.o) (CFAT::CFAT(CFATCache*, CFATInfo*))
../../lib/fs/fat/libfatfs.a(fatdir.o)
                              ../../lib/fs/fat/libfatfs.a(fatfs.o) (CFATDirectory::CFATDirectory(CFATCache*, CFATInfo*, CFAT*))
../../lib/usb/libusb.a(usbhostcontroller.o)
                              kernel.o (CUSBHostController::UpdatePlugAndPlay())
../../lib/usb/libusb.a(usbrequest.o)
                              ../../lib/usb/libusb.a(usbhostcontroller.o) (CUSBRequest::CUSBRequest(CUSBEndpoint*, void*, unsigned int, TSetupData*))
../../lib/usb/libusb.a(usbstandardhub.o)
                              ../../lib/usb/libusb.a(usbhostcontroller.o) (CUSBStandardHub::HandlePortStatusChange())
../../lib/usb/libusb.a(dwhcidevice.o)
                              kernel.o (CDWHCIDevice::CDWHCIDevice(CInterruptSystem*, CTimer*, bool))
../../lib/usb/libusb.a(dwhciframeschednper.o)
                              ../../lib/usb/libusb.a(dwhcidevice.o) (CDWHCIFrameSchedulerNonPeriodic::InitProtectedAllocator(unsigned int, unsigned int))
../../lib/usb/libusb.a(dwhciframeschednsplit.o)
                              ../../lib/usb/libusb.a(dwhcidevice.o) (CDWHCIFrameSchedulerNoSplit::InitProtectedAllocator(unsigned int, unsigned int))
../../lib/usb/libusb.a(dwhciframeschedper.o)
                              ../../lib/usb/libusb.a(dwhcidevice.o) (CDWHCIFrameSchedulerPeriodic::InitProtectedAllocator(unsigned int, unsigned int))
../../lib/usb/libusb.a(dwhciregister.o)
                              ../../lib/usb/libusb.a(dwhcidevice.o) (CDWHCIRegister::CDWHCIRegister(unsigned int))
../../lib/usb/libusb.a(dwhcirootport.o)
                              ../../lib/usb/libusb.a(dwhcidevice.o) (CDWHCIRootPort::~CDWHCIRootPort())
../../lib/usb/libusb.a(dwhcixactqueue.o)
                              ../../lib/usb/libusb.a(dwhcidevice.o) (CDWHCITransactionQueue::CDWHCITransactionQueue())
../../lib/usb/libusb.a(dwhcixferstagedata.o)
                              ../../lib/usb/libusb.a(dwhcidevice.o) (CDWHCITransferStageData::~CDWHCITransferStageData())
../../lib/usb/libusb.a(usbdevice.o)
                              ../../lib/usb/libusb.a(dwhcirootport.o) (CUSBDevice::CUSBDevice(CUSBHostController*, TUSBSpeed, CUSBHCIRootPort*))
../../lib/usb/libusb.a(usbdevicefactory.o)
                              ../../lib/usb/libusb.a(usbdevice.o) (CUSBDeviceFactory::GetDevice(CUSBFunction*, CString*))
../../lib/usb/libusb.a(usbendpoint.o)
                              ../../lib/usb/libusb.a(usbdevice.o) (CUSBEndpoint::CUSBEndpoint(CUSBDevice*))
../../lib/usb/libusb.a(usbfunction.o)
                              ../../lib/usb/libusb.a(usbstandardhub.o) (CUSBFunction::Initialize())
../../lib/usb/libusb.a(usbgamepadps3.o)
                              ../../lib/usb/libusb.a(usbdevicefactory.o) (CUSBGamePadPS3Device::CUSBGamePadPS3Device(CUSBFunction*))
../../lib/usb/libusb.a(usbgamepadps4.o)
                              ../../lib/usb/libusb.a(usbdevicefactory.o) (CUSBGamePadPS4Device::CUSBGamePadPS4Device(CUSBFunction*))
../../lib/usb/libusb.a(usbgamepadstandard.o)
                              ../../lib/usb/libusb.a(usbgamepadps3.o) (CUSBGamePadStandardDevice::~CUSBGamePadStandardDevice())
../../lib/usb/libusb.a(usbgamepadswitchpro.o)
                              ../../lib/usb/libusb.a(usbdevicefactory.o) (CUSBGamePadSwitchProDevice::CUSBGamePadSwitchProDevice(CUSBFunction*))
../../lib/usb/libusb.a(usbgamepadxbox360.o)
                              ../../lib/usb/libusb.a(usbdevicefactory.o) (CUSBGamePadXbox360Device::CUSBGamePadXbox360Device(CUSBFunction*))
../../lib/usb/libusb.a(usbgamepadxboxone.o)
                              ../../lib/usb/libusb.a(usbdevicefactory.o) (CUSBGamePadXboxOneDevice::CUSBGamePadXboxOneDevice(CUSBFunction*))
../../lib/usb/libusb.a(usbhiddevice.o)
                              ../../lib/usb/libusb.a(usbgamepadps4.o) (CUSBHIDDevice::SendToEndpointOut(void const*, unsigned int, unsigned int))
../../lib/usb/libusb.a(usbkeyboard.o)
                              ../../lib/usb/libusb.a(usbdevicefactory.o) (CUSBKeyboardDevice::CUSBKeyboardDevice(CUSBFunction*))
../../lib/usb/libusb.a(usbmassdevice.o)
                              ../../lib/usb/libusb.a(usbdevicefactory.o) (CUSBBulkOnlyMassStorageDevice::CUSBBulkOnlyMassStorageDevice(CUSBFunction*))
../../lib/usb/libusb.a(usbmidi.o)
                              ../../lib/usb/libusb.a(usbdevicefactory.o) (CUSBMIDIDevice::CUSBMIDIDevice(CUSBFunction*))
[...]
Memory Configuration

Name             Origin             Length             Attributes
*default*        0x0000000000000000 0xffffffffffffffff

Linker script and memory map

Address of section .init set to 0x8000

.init           0x0000000000008000       0x70
 *(.init)
 .init          0x0000000000008000       0x70 ../../lib/libcircle.a(startup.o)
                0x0000000000008000                _start
                0x0000000000008064                _start_secondary

.text           0x0000000000008070    0x2a0d8
 *(.text*)
 .text          0x0000000000008070        0x0 main.o
 .text.startup  0x0000000000008070       0x4c main.o
                0x0000000000008070                main
 .text          0x00000000000080bc      0x624 kernel.o
                0x00000000000080bc                CKernel::CKernel()
                0x00000000000080bc                CKernel::CKernel()
                0x0000000000008278                CKernel::~CKernel()
                0x0000000000008278                CKernel::~CKernel()
                0x0000000000008300                CKernel::Initialize()
                0x00000000000083bc                CKernel::Run()
                0x0000000000008688                CKernel::StorageRemovedHandler(CDevice*, void*)
 .text          0x00000000000086e0      0xad0 ../../lib/fs/fat/libfatfs.a(fatfs.o)
                0x00000000000086e0                CFATFileSystem::CFATFileSystem()
                0x00000000000086e0                CFATFileSystem::CFATFileSystem()
                0x0000000000008764                CFATFileSystem::~CFATFileSystem()
                0x0000000000008764                CFATFileSystem::~CFATFileSystem()
                0x0000000000008794                CFATFileSystem::Mount(CDevice*)
                0x00000000000087d0                CFATFileSystem::UnMount()
                0x00000000000087ec                CFATFileSystem::Synchronize()
                0x0000000000008808                CFATFileSystem::RootFindFirst(TDirentry*, TFindCurrentEntry*)
                0x0000000000008818                CFATFileSystem::RootFindNext(TDirentry*, TFindCurrentEntry*)
                0x0000000000008828                CFATFileSystem::FileOpen(char const*)
                0x000000000000894c                CFATFileSystem::FileClose(unsigned int)
                0x0000000000008ad4                CFATFileSystem::FileRead(unsigned int, void*, unsigned int)
                0x0000000000008d30                CFATFileSystem::FileWrite(unsigned int, void const*, unsigned int)
                0x0000000000008ff0                CFATFileSystem::FileDelete(char const*)
                0x000000000000908c                CFATFileSystem::FileCreate(char const*)
 .text          0x00000000000091b0      0x7ec ../../lib/fs/fat/libfatfs.a(fatcache.o)
                0x00000000000091b0                CFATCache::CFATCache()
                0x00000000000091b0                CFATCache::CFATCache()
                0x00000000000091cc                CFATCache::~CFATCache()
                0x00000000000091cc                CFATCache::~CFATCache()
                0x00000000000091d0                CFATCache::Open(CDevice*)
                0x00000000000092a8                CFATCache::Close()
                0x0000000000009318                CFATCache::Flush()
                0x0000000000009424                CFATCache::GetSector(unsigned int, int)
                0x0000000000009788                CFATCache::FreeSector(TFATBuffer*, int)
                0x0000000000009870                CFATCache::MarkDirty(TFATBuffer*)
                0x00000000000098c8                CFATCache::MoveBufferFirst(TFATBuffer*)
                0x000000000000990c                CFATCache::MoveBufferLast(TFATBuffer*)
                0x000000000000994c                CFATCache::Fault(unsigned int)
 .text          0x000000000000999c      0x7e0 ../../lib/fs/fat/libfatfs.a(fatinfo.o)
                0x000000000000999c                CFATInfo::CFATInfo(CFATCache*)
                0x000000000000999c                CFATInfo::CFATInfo(CFATCache*)
                0x00000000000099b4                CFATInfo::~CFATInfo()
                0x00000000000099b4                CFATInfo::~CFATInfo()
                0x00000000000099b8                CFATInfo::Initialize()
                0x0000000000009d3c                CFATInfo::GetFATType() const
                0x0000000000009d64                CFATInfo::GetSectorsPerCluster() const
                0x0000000000009d6c                CFATInfo::GetReservedSectors() const
                0x0000000000009d74                CFATInfo::GetClusterCount() const
                0x0000000000009d7c                CFATInfo::GetReadFAT() const
                0x0000000000009da4                CFATInfo::GetFirstWriteFAT() const
                0x0000000000009da8                CFATInfo::GetLastWriteFAT() const
                0x0000000000009df8                CFATInfo::GetFATSize() const
                0x0000000000009e00                CFATInfo::GetFirstRootSector() const
                0x0000000000009e3c                CFATInfo::GetRootSectorCount() const
                0x0000000000009e6c                CFATInfo::GetRootEntries() const
                0x0000000000009e9c                CFATInfo::GetRootCluster() const
                0x0000000000009ecc                CFATInfo::GetFirstSector(unsigned int) const
                0x0000000000009f08                CFATInfo::UpdateFSInfo()
                0x000000000000a020                CFATInfo::ClusterAllocated(unsigned int)
                0x000000000000a078                CFATInfo::ClusterFreed(unsigned int)
                0x000000000000a13c                CFATInfo::GetNextFreeCluster()
 .text          0x000000000000a17c      0x7f8 ../../lib/fs/fat/libfatfs.a(fat.o)
                0x000000000000a17c                CFAT::CFAT(CFATCache*, CFATInfo*)
                0x000000000000a17c                CFAT::CFAT(CFATCache*, CFATInfo*)
                0x000000000000a190                CFAT::~CFAT()
                0x000000000000a190                CFAT::~CFAT()
                0x000000000000a194                CFAT::IsEOC(unsigned int) const
                0x000000000000a21c                CFAT::GetSector(unsigned int, unsigned int*, unsigned int)
                0x000000000000a328                CFAT::GetEntry(TFATBuffer*, unsigned int)
                0x000000000000a3e4                CFAT::GetClusterEntry(unsigned int)
                0x000000000000a4dc                CFAT::SetEntry(TFATBuffer*, unsigned int, unsigned int)
                0x000000000000a5e4                CFAT::SetClusterEntry(unsigned int, unsigned int)
                0x000000000000a704                CFAT::FreeClusterChain(unsigned int)
                0x000000000000a778                CFAT::AllocateCluster()
 .text          0x000000000000a974      0xd10 ../../lib/fs/fat/libfatfs.a(fatdir.o)
                0x000000000000a974                CFATDirectory::CFATDirectory(CFATCache*, CFATInfo*, CFAT*)
                0x000000000000a974                CFATDirectory::CFATDirectory(CFATCache*, CFATInfo*, CFAT*)
                0x000000000000a98c                CFATDirectory::~CFATDirectory()
                0x000000000000a98c                CFATDirectory::~CFATDirectory()
                0x000000000000a990                CFATDirectory::FreeEntry(bool)
                0x000000000000aa20                CFATDirectory::Time2FAT(unsigned int)
                0x000000000000ab28                CFATDirectory::Name2FAT(char const*, char*)
                0x000000000000ac20                CFATDirectory::GetEntry(char const*)
                0x000000000000aea4                CFATDirectory::CreateEntry(char const*)
                0x000000000000b240                CFATDirectory::FAT2Name(char const*, char*)
                0x000000000000b344                CFATDirectory::FindNext(TDirentry*, TFindCurrentEntry*)
                0x000000000000b654                CFATDirectory::FindFirst(TDirentry*, TFindCurrentEntry*)
 .text          0x000000000000b684      0x604 ../../lib/usb/libusb.a(usbhostcontroller.o)
                0x000000000000b684                CUSBHostController::CUSBHostController(bool)
                0x000000000000b684                CUSBHostController::CUSBHostController(bool)
                0x000000000000b6c8                CUSBHostController::~CUSBHostController()
                0x000000000000b6c8                CUSBHostController::~CUSBHostController()
                0x000000000000b6f8                CUSBHostController::~CUSBHostController()
                0x000000000000b734                CUSBHostController::ControlMessage(CUSBEndpoint*, unsigned char, unsigned char, unsigned short, unsigned short, void*, unsigned short)
                0x000000000000b7f0                CUSBHostController::GetDescriptor(CUSBEndpoint*, unsigned char, unsigned char, void*, unsigned int, unsigned char, unsigned short)
                0x000000000000b828                CUSBHostController::SetAddress(CUSBEndpoint*, unsigned char)
                0x000000000000b874                CUSBHostController::SetConfiguration(CUSBEndpoint*, unsigned char)
                0x000000000000b8c0                CUSBHostController::Transfer(CUSBEndpoint*, void*, unsigned int, unsigned int)
                0x000000000000b930                CUSBHostController::IsPlugAndPlay()
                0x000000000000b940                CUSBHostController::UpdatePlugAndPlay()
                0x000000000000baa0                CUSBHostController::PortStatusChanged(CUSBHCIRootPort*)
                0x000000000000bb7c                CUSBHostController::PortStatusChanged(CUSBStandardHub*)
                0x000000000000bc58                CUSBHostController::Get()
 .text._ZN18CUSBHostController24CancelDeviceTransactionsEP10CUSBDevice
                0x000000000000bc88        0x4 ../../lib/usb/libusb.a(usbhostcontroller.o)
                0x000000000000bc88                CUSBHostController::CancelDeviceTransactions(CUSBDevice*)
 .text          0x000000000000bc8c      0x3e8 ../../lib/usb/libusb.a(usbrequest.o)
                0x000000000000bc8c                CUSBRequest::CUSBRequest(CUSBEndpoint*, void*, unsigned int, TSetupData*)
                0x000000000000bc8c                CUSBRequest::CUSBRequest(CUSBEndpoint*, void*, unsigned int, TSetupData*)
                0x000000000000bd18                CUSBRequest::~CUSBRequest()
                0x000000000000bd18                CUSBRequest::~CUSBRequest()
                0x000000000000bd1c                CUSBRequest::GetEndpoint() const
                0x000000000000bd44                CUSBRequest::SetStatus(int)
                0x000000000000bd4c                CUSBRequest::SetResultLen(unsigned int)
                0x000000000000bd54                CUSBRequest::SetUSBError(TUSBError)
                0x000000000000bd5c                CUSBRequest::GetStatus() const
                0x000000000000bd64                CUSBRequest::GetResultLength() const
                0x000000000000bd94                CUSBRequest::GetUSBError() const
                0x000000000000bdc4                CUSBRequest::GetSetupData()
                0x000000000000be18                CUSBRequest::GetBuffer()
                0x000000000000be50                CUSBRequest::GetBufLen() const
                0x000000000000be58                CUSBRequest::SetCompletionRoutine(void (*)(CUSBRequest*, void*, void*), void*, void*)
                0x000000000000be84                CUSBRequest::CallCompletionRoutine()
                0x000000000000bec0                CUSBRequest::SetCompleteOnNAK()
                0x000000000000becc                CUSBRequest::IsCompleteOnNAK() const
                0x000000000000bed4                CUSBRequest::operator new(unsigned int)
                0x000000000000bf2c                CUSBRequest::operator delete(void*, unsigned int)
                0x000000000000bf88                CUSBRequest::InitAllocator(unsigned int)
                0x000000000000bff4                CUSBRequest::InitProtectedAllocator(unsigned int, unsigned int)
 .text          0x000000000000c074     0x10ec ../../lib/usb/libusb.a(usbstandardhub.o)
                0x000000000000c074                CUSBStandardHub::~CUSBStandardHub()
                0x000000000000c074                CUSBStandardHub::~CUSBStandardHub()
                0x000000000000c190                CUSBStandardHub::~CUSBStandardHub()
                0x000000000000c1b0                CUSBStandardHub::CUSBStandardHub(CUSBFunction*)
                0x000000000000c1b0                CUSBStandardHub::CUSBStandardHub(CUSBFunction*)
                0x000000000000c210                CUSBStandardHub::DisablePort(unsigned int)
                0x000000000000c2d0                CUSBStandardHub::RemoveDevice(unsigned int)
                0x000000000000c314                CUSBStandardHub::StartStatusChangeRequest()
                0x000000000000c3fc                CUSBStandardHub::CompletionRoutine(CUSBRequest*)
                0x000000000000c4a0                CUSBStandardHub::CompletionStub(CUSBRequest*, void*, void*)
                0x000000000000c4d0                CUSBStandardHub::HandlePortStatusChange()
                0x000000000000c7ec                CUSBStandardHub::Initialize()
                0x000000000000c928                CUSBStandardHub::EnumeratePorts()
                0x000000000000cfe8                CUSBStandardHub::ReScanDevices()
                0x000000000000cfec                CUSBStandardHub::Configure()
 .text.startup  0x000000000000d160       0x38 ../../lib/usb/libusb.a(usbstandardhub.o)
 .text          0x000000000000d198     0x2bec ../../lib/usb/libusb.a(dwhcidevice.o)
                0x000000000000d198                CDWHCIDevice::CancelDeviceTransactions(CUSBDevice*)
                0x000000000000d1a0                CDWHCIDevice::CompletionRoutine(CUSBRequest*, void*, void*)
                0x000000000000d1f4                CDWHCIDevice::DeviceConnected()
                0x000000000000d238                CDWHCIDevice::GetPortSpeed()
                0x000000000000d28c                CDWHCIDevice::OvercurrentDetected()
                0x000000000000d2d0                CDWHCIDevice::DisableRootPort(bool)
                0x000000000000d34c                CDWHCIDevice::PowerOn()
                0x000000000000d3c4                CDWHCIDevice::EnableGlobalInterrupts()
                0x000000000000d414                CDWHCIDevice::EnableCommonInterrupts()
                0x000000000000d458                CDWHCIDevice::EnableHostInterrupts()
                0x000000000000d4dc                CDWHCIDevice::EnableChannelInterrupt(unsigned int)
                0x000000000000d56c                CDWHCIDevice::DisableChannelInterrupt(unsigned int)
                0x000000000000d5fc                CDWHCIDevice::QueueTransaction(CDWHCITransferStageData*)
                0x000000000000d6a0                CDWHCIDevice::TransferStageAsync(CUSBRequest*, bool, bool, unsigned int)
                0x000000000000d79c                CDWHCIDevice::SubmitAsyncRequest(CUSBRequest*, unsigned int)
                0x000000000000d884                CDWHCIDevice::QueueDelayedTransaction(CDWHCITransferStageData*)
                0x000000000000da24                CDWHCIDevice::StartChannel(CDWHCITransferStageData*)
                0x000000000000de3c                CDWHCIDevice::StartTransaction(CDWHCITransferStageData*)
                0x000000000000df68                CDWHCIDevice::AllocateChannel()
                0x000000000000e030                CDWHCIDevice::SOFInterruptHandler()
                0x000000000000e128                CDWHCIDevice::FreeChannel(unsigned int)
                0x000000000000e1b4                CDWHCIDevice::ChannelInterruptHandler(unsigned int)
                0x000000000000e764                CDWHCIDevice::InterruptHandler()
                0x000000000000e930                CDWHCIDevice::InterruptStub(void*)
                0x000000000000e958                CDWHCIDevice::AllocateWaitBlock()
                0x000000000000e9cc                CDWHCIDevice::FreeWaitBlock(unsigned int)
                0x000000000000ea54                CDWHCIDevice::TransferStage(CUSBRequest*, bool, bool, unsigned int)
                0x000000000000eb68                CDWHCIDevice::SubmitBlockingRequest(CUSBRequest*, unsigned int)
                0x000000000000edc8                CDWHCIDevice::WaitForBit(CDWHCIRegister*, unsigned int, bool, unsigned int)
                0x000000000000eea4                CDWHCIDevice::EnableRootPort()
                0x000000000000ef8c                CDWHCIDevice::Reset()
                0x000000000000f038                CDWHCIDevice::InitCore()
                0x000000000000f2b8                CDWHCIDevice::FlushTxFIFO(unsigned int)
                0x000000000000f350                CDWHCIDevice::FlushRxFIFO()
                0x000000000000f3cc                CDWHCIDevice::InitHost()
                0x000000000000f628                CDWHCIDevice::DumpRegister(char const*, unsigned int)
                0x000000000000f694                CDWHCIDevice::DumpStatus(unsigned int)
                0x000000000000f890                CDWHCIDevice::CDWHCIDevice(CInterruptSystem*, CTimer*, bool)
                0x000000000000f890                CDWHCIDevice::CDWHCIDevice(CInterruptSystem*, CTimer*, bool)
                0x000000000000f9b0                CDWHCIDevice::~CDWHCIDevice()
                0x000000000000f9b0                CDWHCIDevice::~CDWHCIDevice()
                0x000000000000fa9c                CDWHCIDevice::~CDWHCIDevice()
                0x000000000000fabc                CDWHCIDevice::ReScanDevices()
                0x000000000000fb40                CDWHCIDevice::Initialize(bool)
 .text          0x000000000000fd84      0x450 ../../lib/usb/libusb.a(dwhciframeschednper.o)
                0x000000000000fd84                CDWHCIFrameSchedulerNonPeriodic::~CDWHCIFrameSchedulerNonPeriodic()
                0x000000000000fd84                CDWHCIFrameSchedulerNonPeriodic::~CDWHCIFrameSchedulerNonPeriodic()
                0x000000000000fd88                CDWHCIFrameSchedulerNonPeriodic::StartSplit()
                0x000000000000fda4                CDWHCIFrameSchedulerNonPeriodic::IsOddFrame() const
                0x000000000000fdac                CDWHCIFrameSchedulerNonPeriodic::PeriodicDelay(unsigned short)
                0x000000000000fdc8                CDWHCIFrameSchedulerNonPeriodic::GetFrameNumber()
                0x000000000000fe38                CDWHCIFrameSchedulerNonPeriodic::CompleteSplit()
                0x000000000000feac                CDWHCIFrameSchedulerNonPeriodic::TransactionComplete(unsigned int)
                0x000000000000ffcc                CDWHCIFrameSchedulerNonPeriodic::CDWHCIFrameSchedulerNonPeriodic()
                0x000000000000ffcc                CDWHCIFrameSchedulerNonPeriodic::CDWHCIFrameSchedulerNonPeriodic()
                0x000000000001001c                CDWHCIFrameSchedulerNonPeriodic::operator new(unsigned int)
                0x0000000000010074                CDWHCIFrameSchedulerNonPeriodic::operator delete(void*, unsigned int)
                0x00000000000100d0                CDWHCIFrameSchedulerNonPeriodic::~CDWHCIFrameSchedulerNonPeriodic()
                0x00000000000100e8                CDWHCIFrameSchedulerNonPeriodic::InitAllocator(unsigned int)
                0x0000000000010154                CDWHCIFrameSchedulerNonPeriodic::InitProtectedAllocator(unsigned int, unsigned int)
 .text          0x00000000000101d4      0x2a8 ../../lib/usb/libusb.a(dwhciframeschednsplit.o)
                0x00000000000101d4                CDWHCIFrameSchedulerNoSplit::~CDWHCIFrameSchedulerNoSplit()
                0x00000000000101d4                CDWHCIFrameSchedulerNoSplit::~CDWHCIFrameSchedulerNoSplit()
                0x00000000000101d8                CDWHCIFrameSchedulerNoSplit::IsOddFrame() const
                0x00000000000101e4                CDWHCIFrameSchedulerNoSplit::StartSplit()
                0x0000000000010200                CDWHCIFrameSchedulerNoSplit::CompleteSplit()
                0x000000000001021c                CDWHCIFrameSchedulerNoSplit::TransactionComplete(unsigned int)
                0x0000000000010238                CDWHCIFrameSchedulerNoSplit::PeriodicDelay(unsigned short)
                0x0000000000010254                CDWHCIFrameSchedulerNoSplit::GetFrameNumber()
                0x00000000000102a8                CDWHCIFrameSchedulerNoSplit::CDWHCIFrameSchedulerNoSplit(bool)
                0x00000000000102a8                CDWHCIFrameSchedulerNoSplit::CDWHCIFrameSchedulerNoSplit(bool)
                0x00000000000102c4                CDWHCIFrameSchedulerNoSplit::operator new(unsigned int)
                0x000000000001031c                CDWHCIFrameSchedulerNoSplit::operator delete(void*, unsigned int)
                0x0000000000010378                CDWHCIFrameSchedulerNoSplit::~CDWHCIFrameSchedulerNoSplit()
                0x0000000000010390                CDWHCIFrameSchedulerNoSplit::InitAllocator(unsigned int)
                0x00000000000103fc                CDWHCIFrameSchedulerNoSplit::InitProtectedAllocator(unsigned int, unsigned int)
 .text          0x000000000001047c      0x49c ../../lib/usb/libusb.a(dwhciframeschedper.o)
                0x000000000001047c                CDWHCIFrameSchedulerPeriodic::~CDWHCIFrameSchedulerPeriodic()
                0x000000000001047c                CDWHCIFrameSchedulerPeriodic::~CDWHCIFrameSchedulerPeriodic()
                0x0000000000010480                CDWHCIFrameSchedulerPeriodic::StartSplit()
                0x00000000000104a0                CDWHCIFrameSchedulerPeriodic::PeriodicDelay(unsigned short)
                0x00000000000104b8                CDWHCIFrameSchedulerPeriodic::IsOddFrame() const
                0x00000000000104c4                CDWHCIFrameSchedulerPeriodic::GetFrameNumber()
                0x000000000001055c                CDWHCIFrameSchedulerPeriodic::CompleteSplit()
                0x0000000000010604                CDWHCIFrameSchedulerPeriodic::TransactionComplete(unsigned int)
                0x0000000000010708                CDWHCIFrameSchedulerPeriodic::CDWHCIFrameSchedulerPeriodic()
                0x0000000000010708                CDWHCIFrameSchedulerPeriodic::CDWHCIFrameSchedulerPeriodic()
                0x0000000000010760                CDWHCIFrameSchedulerPeriodic::operator new(unsigned int)
                0x00000000000107b8                CDWHCIFrameSchedulerPeriodic::operator delete(void*, unsigned int)
                0x0000000000010814                CDWHCIFrameSchedulerPeriodic::~CDWHCIFrameSchedulerPeriodic()
                0x000000000001082c                CDWHCIFrameSchedulerPeriodic::InitAllocator(unsigned int)
                0x0000000000010898                CDWHCIFrameSchedulerPeriodic::InitProtectedAllocator(unsigned int, unsigned int)
 .text          0x0000000000010918      0x2c4 ../../lib/usb/libusb.a(dwhciregister.o)
                0x0000000000010918                CDWHCIRegister::CDWHCIRegister(unsigned int)
                0x0000000000010918                CDWHCIRegister::CDWHCIRegister(unsigned int)
                0x0000000000010928                CDWHCIRegister::CDWHCIRegister(unsigned int, unsigned int)
                0x0000000000010928                CDWHCIRegister::CDWHCIRegister(unsigned int, unsigned int)
                0x000000000001093c                CDWHCIRegister::~CDWHCIRegister()
                0x000000000001093c                CDWHCIRegister::~CDWHCIRegister()
                0x0000000000010940                CDWHCIRegister::Read()
                0x000000000001095c                CDWHCIRegister::Write()
                0x0000000000010994                CDWHCIRegister::Get() const
                0x00000000000109c4                CDWHCIRegister::Set(unsigned int)
                0x00000000000109d4                CDWHCIRegister::IsSet(unsigned int) const
                0x0000000000010a10                CDWHCIRegister::And(unsigned int)
                0x0000000000010a48                CDWHCIRegister::Or(unsigned int)
                0x0000000000010a80                CDWHCIRegister::ClearBit(unsigned int)
                0x0000000000010adc                CDWHCIRegister::SetBit(unsigned int)
                0x0000000000010b38                CDWHCIRegister::ClearAll()
                0x0000000000010b4c                CDWHCIRegister::SetAll()
                0x0000000000010b60                CDWHCIRegister::Dump() const
 .text          0x0000000000010bdc      0x348 ../../lib/usb/libusb.a(dwhcirootport.o)
                0x0000000000010bdc                CDWHCIRootPort::~CDWHCIRootPort()
                0x0000000000010bdc                CDWHCIRootPort::~CDWHCIRootPort()
                0x0000000000010c10                CDWHCIRootPort::~CDWHCIRootPort()
                0x0000000000010c50                CDWHCIRootPort::RemoveDevice()
                0x0000000000010cac                CDWHCIRootPort::ReScanDevices()
                0x0000000000010cec                CDWHCIRootPort::HandlePortStatusChange()
                0x0000000000010d58                CDWHCIRootPort::CDWHCIRootPort(CDWHCIDevice*)
                0x0000000000010d58                CDWHCIRootPort::CDWHCIRootPort(CDWHCIDevice*)
                0x0000000000010d94                CDWHCIRootPort::Initialize()
 .text          0x0000000000010f24      0x49c ../../lib/usb/libusb.a(dwhcixactqueue.o)
                0x0000000000010f24                CDWHCITransactionQueue::CDWHCITransactionQueue()
                0x0000000000010f24                CDWHCITransactionQueue::CDWHCITransactionQueue()
                0x0000000000010f40                CDWHCITransactionQueue::Flush()
                0x0000000000011000                CDWHCITransactionQueue::~CDWHCITransactionQueue()
                0x0000000000011000                CDWHCITransactionQueue::~CDWHCITransactionQueue()
                0x000000000001101c                CDWHCITransactionQueue::FlushDevice(CUSBDevice*)
                0x0000000000011140                CDWHCITransactionQueue::Enqueue(CDWHCITransferStageData*, unsigned short)
                0x00000000000112a0                CDWHCITransactionQueue::Dequeue(unsigned short)
 .text          0x00000000000113c0      0xb3c ../../lib/usb/libusb.a(dwhcixferstagedata.o)
                0x00000000000113c0                CDWHCITransferStageData::~CDWHCITransferStageData()
                0x00000000000113c0                CDWHCITransferStageData::~CDWHCITransferStageData()
                0x0000000000011404                CDWHCITransferStageData::SetChannelNumber(unsigned int)
                0x000000000001140c                CDWHCITransferStageData::TransactionComplete(unsigned int, unsigned int, unsigned int)
                0x00000000000115b0                CDWHCITransferStageData::SetSplitComplete(bool)
                0x00000000000115e0                CDWHCITransferStageData::SetState(unsigned int)
                0x00000000000115e8                CDWHCITransferStageData::GetState() const
                0x00000000000115f0                CDWHCITransferStageData::SetSubState(unsigned int)
                0x00000000000115f8                CDWHCITransferStageData::GetSubState() const
                0x0000000000011600                CDWHCITransferStageData::BeginSplitCycle()
                0x0000000000011608                CDWHCITransferStageData::GetChannelNumber() const
                0x0000000000011610                CDWHCITransferStageData::IsPeriodic() const
                0x0000000000011654                CDWHCITransferStageData::CDWHCITransferStageData(unsigned int, CUSBRequest*, bool, bool, unsigned int)
                0x0000000000011654                CDWHCITransferStageData::CDWHCITransferStageData(unsigned int, CUSBRequest*, bool, bool, unsigned int)
                0x0000000000011994                CDWHCITransferStageData::GetDeviceAddress() const
                0x00000000000119c0                CDWHCITransferStageData::GetEndpointType() const
                0x0000000000011a1c                CDWHCITransferStageData::GetEndpointNumber() const
                0x0000000000011a48                CDWHCITransferStageData::GetMaxPacketSize() const
                0x0000000000011a50                CDWHCITransferStageData::GetSpeed() const
                0x0000000000011a58                CDWHCITransferStageData::GetPID() const
                0x0000000000011ac0                CDWHCITransferStageData::IsDirectionIn() const
                0x0000000000011ac8                CDWHCITransferStageData::IsStatusStage() const
                0x0000000000011ad0                CDWHCITransferStageData::GetDMAAddress() const
                0x0000000000011af8                CDWHCITransferStageData::GetBytesToTransfer() const
                0x0000000000011b00                CDWHCITransferStageData::GetPacketsToTransfer() const
                0x0000000000011b08                CDWHCITransferStageData::IsSplit() const
                0x0000000000011b10                CDWHCITransferStageData::IsSplitComplete() const
                0x0000000000011b40                CDWHCITransferStageData::GetHubAddress() const
                0x0000000000011b94                CDWHCITransferStageData::GetHubPortAddress() const
                0x0000000000011be8                CDWHCITransferStageData::GetSplitPosition() const
                0x0000000000011bf0                CDWHCITransferStageData::GetStatusMask() const
                0x0000000000011c1c                CDWHCITransferStageData::GetTransactionStatus() const
                0x0000000000011c44                CDWHCITransferStageData::GetUSBError() const
                0x0000000000011ca8                CDWHCITransferStageData::IsStageComplete() const
                0x0000000000011cb8                CDWHCITransferStageData::GetResultLen() const
                0x0000000000011ccc                CDWHCITransferStageData::IsTimeout() const
                0x0000000000011d04                CDWHCITransferStageData::GetURB() const
                0x0000000000011d2c                CDWHCITransferStageData::GetDevice() const
                0x0000000000011d54                CDWHCITransferStageData::GetFrameScheduler() const
                0x0000000000011d5c                CDWHCITransferStageData::operator new(unsigned int)
                0x0000000000011db4                CDWHCITransferStageData::operator delete(void*, unsigned int)
                0x0000000000011e10                CDWHCITransferStageData::InitAllocator(unsigned int)
                0x0000000000011e7c                CDWHCITransferStageData::InitProtectedAllocator(unsigned int, unsigned int)
 .text          0x0000000000011efc     0x10e8 ../../lib/usb/libusb.a(usbdevice.o)
                0x0000000000011efc                CUSBDevice::CUSBDevice(CUSBHostController*, TUSBSpeed, CUSBHCIRootPort*)
                0x0000000000011efc                CUSBDevice::CUSBDevice(CUSBHostController*, TUSBSpeed, CUSBHCIRootPort*)
                0x0000000000011fd0                CUSBDevice::CUSBDevice(CUSBHostController*, TUSBSpeed, CUSBStandardHub*, unsigned int)
                0x0000000000011fd0                CUSBDevice::CUSBDevice(CUSBHostController*, TUSBSpeed, CUSBStandardHub*, unsigned int)
                0x000000000001214c                CUSBDevice::ReScanDevices()
                0x000000000001218c                CUSBDevice::RemoveDevice()
                0x00000000000121d8                CUSBDevice::GetName(TDeviceNameSelector) const
                0x00000000000122f4                CUSBDevice::GetNames() const
                0x00000000000123f4                CUSBDevice::SetAddress(unsigned char)
                0x0000000000012420                CUSBDevice::GetAddress() const
                0x0000000000012428                CUSBDevice::GetSpeed() const
                0x0000000000012430                CUSBDevice::IsSplit() const
                0x0000000000012438                CUSBDevice::GetHubAddress() const
                0x0000000000012440                CUSBDevice::GetHubPortNumber() const
                0x0000000000012448                CUSBDevice::GetTTHubDevice() const
                0x0000000000012450                CUSBDevice::GetEndpoint0() const
                0x0000000000012478                CUSBDevice::GetHost() const
                0x00000000000124a0                CUSBDevice::GetDeviceDescriptor() const
                0x00000000000124c8                CUSBDevice::GetConfigurationDescriptor() const
                0x00000000000124f0                CUSBDevice::GetDescriptor(unsigned char)
                0x000000000001251c                CUSBDevice::ConfigurationError(char const*) const
                0x0000000000012548                CUSBDevice::LogWrite(TLogSeverity, char const*, ...)
                0x0000000000012604                CUSBDevice::~CUSBDevice()
                0x0000000000012604                CUSBDevice::~CUSBDevice()
                0x0000000000012794                CUSBDevice::~CUSBDevice()
                0x00000000000127b4                CUSBDevice::Initialize()
                0x0000000000012ef4                CUSBDevice::Configure()
 .text.startup  0x0000000000012fe4       0x38 ../../lib/usb/libusb.a(usbdevice.o)
 .text          0x000000000001301c      0x52c ../../lib/usb/libusb.a(usbdevicefactory.o)
                0x000000000001301c                CUSBDeviceFactory::GetDevice(CUSBFunction*, CString*)
 .text          0x0000000000013548      0x360 ../../lib/usb/libusb.a(usbendpoint.o)
                0x0000000000013548                CUSBEndpoint::CUSBEndpoint(CUSBDevice*)
                0x0000000000013548                CUSBEndpoint::CUSBEndpoint(CUSBDevice*)
                0x0000000000013590                CUSBEndpoint::CUSBEndpoint(CUSBDevice*, TUSBEndpointDescriptor const*)
                0x0000000000013590                CUSBEndpoint::CUSBEndpoint(CUSBDevice*, TUSBEndpointDescriptor const*)
                0x0000000000013700                CUSBEndpoint::~CUSBEndpoint()
                0x0000000000013700                CUSBEndpoint::~CUSBEndpoint()
                0x0000000000013704                CUSBEndpoint::GetDevice() const
                0x000000000001372c                CUSBEndpoint::GetNumber() const
                0x0000000000013734                CUSBEndpoint::GetType() const
                0x000000000001373c                CUSBEndpoint::IsDirectionIn() const
                0x0000000000013744                CUSBEndpoint::SetMaxPacketSize(unsigned int)
                0x0000000000013750                CUSBEndpoint::GetMaxPacketSize() const
                0x0000000000013758                CUSBEndpoint::GetInterval() const
                0x0000000000013788                CUSBEndpoint::GetNextPID(bool)
                0x00000000000137c8                CUSBEndpoint::SkipPID(unsigned int, bool)
                0x0000000000013878                CUSBEndpoint::ResetPID()
 .text          0x00000000000138a8      0x6d4 ../../lib/usb/libusb.a(usbfunction.o)
                0x00000000000138a8                CUSBFunction::Initialize()
                0x00000000000138b0                CUSBFunction::ReScanDevices()
                0x00000000000138b8                CUSBFunction::~CUSBFunction()
                0x00000000000138b8                CUSBFunction::~CUSBFunction()
                0x0000000000013910                CUSBFunction::~CUSBFunction()
                0x0000000000013930                CUSBFunction::RemoveDevice()
                0x000000000001395c                CUSBFunction::Configure()
                0x0000000000013a5c                CUSBFunction::CUSBFunction(CUSBDevice*, CUSBConfigurationParser*)
                0x0000000000013a5c                CUSBFunction::CUSBFunction(CUSBDevice*, CUSBConfigurationParser*)
                0x0000000000013b34                CUSBFunction::CUSBFunction(CUSBFunction*)
                0x0000000000013b34                CUSBFunction::CUSBFunction(CUSBFunction*)
                0x0000000000013c34                CUSBFunction::GetInterfaceName() const
                0x0000000000013cbc                CUSBFunction::GetNumEndpoints() const
                0x0000000000013cec                CUSBFunction::GetDevice() const
                0x0000000000013d14                CUSBFunction::GetEndpoint0() const
                0x0000000000013d40                CUSBFunction::GetHost() const
                0x0000000000013d6c                CUSBFunction::GetDescriptor(unsigned char)
                0x0000000000013d98                CUSBFunction::ConfigurationError(char const*) const
                0x0000000000013de8                CUSBFunction::SelectInterfaceByClass(unsigned char, unsigned char, unsigned char)
                0x0000000000013ebc                CUSBFunction::GetInterfaceNumber() const
                0x0000000000013eec                CUSBFunction::GetInterfaceClass() const
                0x0000000000013f1c                CUSBFunction::GetInterfaceSubClass() const
                0x0000000000013f4c                CUSBFunction::GetInterfaceProtocol() const
 .text          0x0000000000013f7c      0x554 ../../lib/usb/libusb.a(usbgamepadps3.o)
                0x0000000000013f7c                CUSBGamePadPS3Device::~CUSBGamePadPS3Device()
                0x0000000000013f7c                CUSBGamePadPS3Device::~CUSBGamePadPS3Device()
                0x0000000000013f9c                CUSBGamePadPS3Device::~CUSBGamePadPS3Device()
                0x0000000000013fc8                CUSBGamePadPS3Device::SetRumbleMode(TGamePadRumbleMode)
                0x00000000000140c8                CUSBGamePadPS3Device::SetLEDMode(TGamePadLEDMode)
                0x000000000001415c                CUSBGamePadPS3Device::CUSBGamePadPS3Device(CUSBFunction*)
                0x000000000001415c                CUSBGamePadPS3Device::CUSBGamePadPS3Device(CUSBFunction*)
                0x00000000000141b8                CUSBGamePadPS3Device::PS3Enable()
                0x000000000001426c                CUSBGamePadPS3Device::Configure()
                0x0000000000014388                CUSBGamePadPS3Device::DecodeReport(unsigned char const*)
 .text._ZN17CUSBGamePadDevice10SetLEDModeEjhh
                0x00000000000144d0        0x8 ../../lib/usb/libusb.a(usbgamepadps3.o)
                0x00000000000144d0                CUSBGamePadDevice::SetLEDMode(unsigned int, unsigned char, unsigned char)
 .text._ZN20CUSBGamePadPS3Device13GetPropertiesEv
                0x00000000000144d8        0x8 ../../lib/usb/libusb.a(usbgamepadps3.o)
                0x00000000000144d8                CUSBGamePadPS3Device::GetProperties()
 .text          0x00000000000144e0      0x7bc ../../lib/usb/libusb.a(usbgamepadps4.o)
                0x00000000000144e0                CUSBGamePadPS4Device::DecodeReport(unsigned char const*)
                0x0000000000014650                CUSBGamePadPS4Device::~CUSBGamePadPS4Device()
                0x0000000000014650                CUSBGamePadPS4Device::~CUSBGamePadPS4Device()
                0x000000000001469c                CUSBGamePadPS4Device::~CUSBGamePadPS4Device()
                0x00000000000146bc                CUSBGamePadPS4Device::CUSBGamePadPS4Device(CUSBFunction*)
                0x00000000000146bc                CUSBGamePadPS4Device::CUSBGamePadPS4Device(CUSBFunction*)
                0x0000000000014714                CUSBGamePadPS4Device::HandleTouchpad(unsigned char const*)
                0x00000000000148ac                CUSBGamePadPS4Device::ReportHandler(unsigned char const*, unsigned int)
                0x0000000000014918                CUSBGamePadPS4Device::SendLedRumbleCommand()
                0x00000000000149c0                CUSBGamePadPS4Device::SetLEDMode(TGamePadLEDMode)
                0x0000000000014aa0                CUSBGamePadPS4Device::SetLEDMode(unsigned int, unsigned char, unsigned char)
                0x0000000000014ac0                CUSBGamePadPS4Device::SetRumbleMode(TGamePadRumbleMode)
                0x0000000000014b24                CUSBGamePadPS4Device::DisableTouchpad()
                0x0000000000014b38                CUSBGamePadPS4Device::Configure()
 .text._ZN20CUSBGamePadPS4Device13GetPropertiesEv
                0x0000000000014c9c        0x8 ../../lib/usb/libusb.a(usbgamepadps4.o)
                0x0000000000014c9c                CUSBGamePadPS4Device::GetProperties()
 .text          0x0000000000014ca4      0x78c ../../lib/usb/libusb.a(usbgamepadstandard.o)
                0x0000000000014ca4                CUSBGamePadStandardDevice::~CUSBGamePadStandardDevice()
                0x0000000000014ca4                CUSBGamePadStandardDevice::~CUSBGamePadStandardDevice()
                0x0000000000014ce0                CUSBGamePadStandardDevice::~CUSBGamePadStandardDevice()
                0x0000000000014d00                CUSBGamePadStandardDevice::CUSBGamePadStandardDevice(CUSBFunction*, bool)
                0x0000000000014d00                CUSBGamePadStandardDevice::CUSBGamePadStandardDevice(CUSBFunction*, bool)
                0x0000000000014d38                CUSBGamePadStandardDevice::BitGetUnsigned(void const*, unsigned int, unsigned int)
                0x0000000000014e38                CUSBGamePadStandardDevice::BitGetSigned(void const*, unsigned int, unsigned int)
                0x0000000000014e60                CUSBGamePadStandardDevice::DecodeReport(unsigned char const*)
                0x0000000000015284                CUSBGamePadStandardDevice::Configure()
 .text._ZN17CUSBGamePadDevice13GetPropertiesEv
                0x0000000000015430        0x8 ../../lib/usb/libusb.a(usbgamepadstandard.o)
                0x0000000000015430                CUSBGamePadDevice::GetProperties()
 .text._ZN17CUSBGamePadDevice10SetLEDModeE15TGamePadLEDMode
                0x0000000000015438        0x8 ../../lib/usb/libusb.a(usbgamepadstandard.o)
                0x0000000000015438                CUSBGamePadDevice::SetLEDMode(TGamePadLEDMode)
 .text._ZN17CUSBGamePadDevice13SetRumbleModeE18TGamePadRumbleMode
                0x0000000000015440        0x8 ../../lib/usb/libusb.a(usbgamepadstandard.o)
                0x0000000000015440                CUSBGamePadDevice::SetRumbleMode(TGamePadRumbleMode)
 .text          0x0000000000015448      0x794 ../../lib/usb/libusb.a(usbgamepadswitchpro.o)
                0x0000000000015448                CUSBGamePadSwitchProDevice::~CUSBGamePadSwitchProDevice()
                0x0000000000015448                CUSBGamePadSwitchProDevice::~CUSBGamePadSwitchProDevice()
                0x0000000000015468                CUSBGamePadSwitchProDevice::~CUSBGamePadSwitchProDevice()
                0x0000000000015494                CUSBGamePadSwitchProDevice::DecodeReport(unsigned char const*)
                0x000000000001567c                CUSBGamePadSwitchProDevice::SetLEDMode(TGamePadLEDMode)
                0x0000000000015734                CUSBGamePadSwitchProDevice::SetRumbleMode(TGamePadRumbleMode)
                0x0000000000015820                CUSBGamePadSwitchProDevice::CUSBGamePadSwitchProDevice(CUSBFunction*)
                0x0000000000015820                CUSBGamePadSwitchProDevice::CUSBGamePadSwitchProDevice(CUSBFunction*)
                0x000000000001586c                CUSBGamePadSwitchProDevice::Configure()
 .text._ZN26CUSBGamePadSwitchProDevice13GetPropertiesEv
                0x0000000000015bdc        0x8 ../../lib/usb/libusb.a(usbgamepadswitchpro.o)
                0x0000000000015bdc                CUSBGamePadSwitchProDevice::GetProperties()
 .text          0x0000000000015be4      0x39c ../../lib/usb/libusb.a(usbgamepadxbox360.o)
                0x0000000000015be4                CUSBGamePadXbox360Device::~CUSBGamePadXbox360Device()
                0x0000000000015be4                CUSBGamePadXbox360Device::~CUSBGamePadXbox360Device()
                0x0000000000015c04                CUSBGamePadXbox360Device::~CUSBGamePadXbox360Device()
                0x0000000000015c30                CUSBGamePadXbox360Device::ReportHandler(unsigned char const*, unsigned int)
                0x0000000000015ca0                CUSBGamePadXbox360Device::DecodeReport(unsigned char const*)
                0x0000000000015db8                CUSBGamePadXbox360Device::SetLEDMode(TGamePadLEDMode)
                0x0000000000015e10                CUSBGamePadXbox360Device::SetRumbleMode(TGamePadRumbleMode)
                0x0000000000015ea0                CUSBGamePadXbox360Device::CUSBGamePadXbox360Device(CUSBFunction*)
                0x0000000000015ea0                CUSBGamePadXbox360Device::CUSBGamePadXbox360Device(CUSBFunction*)
                0x0000000000015ec0                CUSBGamePadXbox360Device::Configure()
 .text._ZN24CUSBGamePadXbox360Device13GetPropertiesEv
                0x0000000000015f80        0x8 ../../lib/usb/libusb.a(usbgamepadxbox360.o)
                0x0000000000015f80                CUSBGamePadXbox360Device::GetProperties()
 .text          0x0000000000015f88      0x4e8 ../../lib/usb/libusb.a(usbgamepadxboxone.o)
                0x0000000000015f88                CUSBGamePadXboxOneDevice::DecodeReport(unsigned char const*)
                0x00000000000160f8                CUSBGamePadXboxOneDevice::~CUSBGamePadXboxOneDevice()
                0x00000000000160f8                CUSBGamePadXboxOneDevice::~CUSBGamePadXboxOneDevice()
                0x0000000000016118                CUSBGamePadXboxOneDevice::~CUSBGamePadXboxOneDevice()
                0x0000000000016144                CUSBGamePadXboxOneDevice::ReportHandler(unsigned char const*, unsigned int)
                0x0000000000016258                CUSBGamePadXboxOneDevice::SetRumbleMode(TGamePadRumbleMode)
                0x000000000001631c                CUSBGamePadXboxOneDevice::CUSBGamePadXboxOneDevice(CUSBFunction*)
                0x000000000001631c                CUSBGamePadXboxOneDevice::CUSBGamePadXboxOneDevice(CUSBFunction*)
                0x0000000000016344                CUSBGamePadXboxOneDevice::Configure()
 .text._ZN24CUSBGamePadXboxOneDevice13GetPropertiesEv
                0x0000000000016470        0x8 ../../lib/usb/libusb.a(usbgamepadxboxone.o)
                0x0000000000016470                CUSBGamePadXboxOneDevice::GetProperties()
 .text          0x0000000000016478      0x8d0 ../../lib/usb/libusb.a(usbhiddevice.o)
                0x0000000000016478                CUSBHIDDevice::SendCompletionRoutine(CUSBRequest*, void*, void*)
                0x000000000001650c                CUSBHIDDevice::CUSBHIDDevice(CUSBFunction*, unsigned int)
                0x000000000001650c                CUSBHIDDevice::CUSBHIDDevice(CUSBFunction*, unsigned int)
                0x0000000000016570                CUSBHIDDevice::~CUSBHIDDevice()
                0x0000000000016570                CUSBHIDDevice::~CUSBHIDDevice()
                0x00000000000165fc                CUSBHIDDevice::~CUSBHIDDevice()
                0x000000000001661c                CUSBHIDDevice::Configure(unsigned int)
                0x0000000000016890                CUSBHIDDevice::SendToEndpointOut(void const*, unsigned int, unsigned int)
                0x0000000000016924                CUSBHIDDevice::SendToEndpointOutAsync(void const*, unsigned int, unsigned int)
                0x0000000000016a18                CUSBHIDDevice::ReceiveFromEndpointIn(void*, unsigned int, unsigned int)
                0x0000000000016ad8                CUSBHIDDevice::StartRequest()
                0x0000000000016be4                CUSBHIDDevice::CompletionRoutine(CUSBRequest*)
                0x0000000000016d18                CUSBHIDDevice::CompletionStub(CUSBRequest*, void*, void*)
 .text          0x0000000000016d48      0x47c ../../lib/usb/libusb.a(usbkeyboard.o)
                0x0000000000016d48                CUSBKeyboardDevice::~CUSBKeyboardDevice()
                0x0000000000016d48                CUSBKeyboardDevice::~CUSBKeyboardDevice()
                0x0000000000016db0                CUSBKeyboardDevice::~CUSBKeyboardDevice()
                0x0000000000016dd0                CUSBKeyboardDevice::ReportHandler(unsigned char const*, unsigned int)
                0x0000000000016f48                CUSBKeyboardDevice::CUSBKeyboardDevice(CUSBFunction*)
                0x0000000000016f48                CUSBKeyboardDevice::CUSBKeyboardDevice(CUSBFunction*)
                0x0000000000016fa0                CUSBKeyboardDevice::RegisterKeyPressedHandler(void (*)(char const*))
                0x0000000000016fa8                CUSBKeyboardDevice::RegisterSelectConsoleHandler(void (*)(unsigned int))
                0x0000000000016fb0                CUSBKeyboardDevice::RegisterShutdownHandler(void (*)())
                0x0000000000016fb8                CUSBKeyboardDevice::GetLEDStatus() const
                0x0000000000016fe0                CUSBKeyboardDevice::RegisterKeyStatusHandlerRaw(void (*)(unsigned char, unsigned char const*))
                0x000000000001700c                CUSBKeyboardDevice::SetLEDs(unsigned char)
                0x00000000000170a4                CUSBKeyboardDevice::Configure()
                0x000000000001713c                CUSBKeyboardDevice::UpdateLEDs()
                0x0000000000017198                CUSBKeyboardDevice::FindByte(unsigned char const*, unsigned char, unsigned int)
 .text.startup  0x00000000000171c4       0x38 ../../lib/usb/libusb.a(usbkeyboard.o)
 .text          0x00000000000171fc      0xdc4 ../../lib/usb/libusb.a(usbmassdevice.o)
                0x00000000000171fc                CUSBBulkOnlyMassStorageDevice::CUSBBulkOnlyMassStorageDevice(CUSBFunction*)
                0x00000000000171fc                CUSBBulkOnlyMassStorageDevice::CUSBBulkOnlyMassStorageDevice(CUSBFunction*)
                0x0000000000017240                CUSBBulkOnlyMassStorageDevice::~CUSBBulkOnlyMassStorageDevice()
                0x0000000000017240                CUSBBulkOnlyMassStorageDevice::~CUSBBulkOnlyMassStorageDevice()
                0x0000000000017318                CUSBBulkOnlyMassStorageDevice::~CUSBBulkOnlyMassStorageDevice()
                0x0000000000017338                CUSBBulkOnlyMassStorageDevice::Configure()
                0x00000000000177f4                CUSBBulkOnlyMassStorageDevice::Read(void*, unsigned int)
                0x000000000001785c                CUSBBulkOnlyMassStorageDevice::Write(void const*, unsigned int)
                0x00000000000178c4                CUSBBulkOnlyMassStorageDevice::Seek(unsigned long long)
                0x00000000000178d8                CUSBBulkOnlyMassStorageDevice::GetCapacity() const
                0x00000000000178e0                CUSBBulkOnlyMassStorageDevice::TryRead(void*, unsigned int)
                0x00000000000179cc                CUSBBulkOnlyMassStorageDevice::TryWrite(void const*, unsigned int)
                0x0000000000017abc                CUSBBulkOnlyMassStorageDevice::Command(void*, unsigned int, void*, unsigned int, bool)
                0x0000000000017e28                CUSBBulkOnlyMassStorageDevice::Reset()
 .text.startup  0x0000000000017fc0        0x4 ../../lib/usb/libusb.a(usbmassdevice.o)
 .text          0x0000000000017fc4      0x790 ../../lib/usb/libusb.a(usbmidi.o)
                0x0000000000017fc4                CUSBMIDIDevice::~CUSBMIDIDevice()
                0x0000000000017fc4                CUSBMIDIDevice::~CUSBMIDIDevice()
                0x000000000001808c                CUSBMIDIDevice::~CUSBMIDIDevice()
                0x00000000000180ac                CUSBMIDIDevice::CUSBMIDIDevice(CUSBFunction*)
                0x00000000000180ac                CUSBMIDIDevice::CUSBMIDIDevice(CUSBFunction*)
                0x00000000000180e8                CUSBMIDIDevice::RegisterPacketHandler(void (*)(unsigned int, unsigned char*, unsigned int))
                0x0000000000018134                CUSBMIDIDevice::StartRequest()
                0x0000000000018248                CUSBMIDIDevice::TimerStub(unsigned int, void*, void*)
                0x00000000000182a4                CUSBMIDIDevice::CompletionRoutine(CUSBRequest*)
                0x00000000000184e8                CUSBMIDIDevice::CompletionStub(CUSBRequest*, void*, void*)
                0x0000000000018518                CUSBMIDIDevice::TimerHandler(unsigned int)
                0x000000000001854c                CUSBMIDIDevice::Configure()
 .text.startup  0x0000000000018754       0x38 ../../lib/usb/libusb.a(usbmidi.o)
 .text          0x000000000001878c      0x244 ../../lib/usb/libusb.a(usbmouse.o)
                0x000000000001878c                CUSBMouseDevice::~CUSBMouseDevice()
                0x000000000001878c                CUSBMouseDevice::~CUSBMouseDevice()
                0x00000000000187e8                CUSBMouseDevice::~CUSBMouseDevice()
                0x0000000000018808                CUSBMouseDevice::Configure()
                0x0000000000018950                CUSBMouseDevice::ReportHandler(unsigned char const*, unsigned int)
                0x00000000000189a0                CUSBMouseDevice::CUSBMouseDevice(CUSBFunction*)
                0x00000000000189a0                CUSBMouseDevice::CUSBMouseDevice(CUSBFunction*)
 .text          0x00000000000189d0      0x3a4 ../../lib/usb/libusb.a(usbprinter.o)
                0x00000000000189d0                CUSBPrinterDevice::~CUSBPrinterDevice()
                0x00000000000189d0                CUSBPrinterDevice::~CUSBPrinterDevice()
                0x0000000000018a78                CUSBPrinterDevice::~CUSBPrinterDevice()
                0x0000000000018a98                CUSBPrinterDevice::Write(void const*, unsigned int)
                0x0000000000018b38                CUSBPrinterDevice::CUSBPrinterDevice(CUSBFunction*)
                0x0000000000018b38                CUSBPrinterDevice::CUSBPrinterDevice(CUSBFunction*)
                0x0000000000018b6c                CUSBPrinterDevice::Configure()
 .text.startup  0x0000000000018d74       0x38 ../../lib/usb/libusb.a(usbprinter.o)
 .text          0x0000000000018dac      0xdf4 ../../lib/usb/libusb.a(lan7800.o)
                0x0000000000018dac                CLAN7800Device::GetMACAddress() const
                0x0000000000018db4                CLAN7800Device::~CLAN7800Device()
                0x0000000000018db4                CLAN7800Device::~CLAN7800Device()
                0x0000000000018e38                non-virtual thunk to CLAN7800Device::~CLAN7800Device()
                0x0000000000018e40                CLAN7800Device::~CLAN7800Device()
                0x0000000000018e60                non-virtual thunk to CLAN7800Device::~CLAN7800Device()
                0x0000000000018e68                CLAN7800Device::ReceiveFrame(void*, unsigned int*)
                0x0000000000018fe4                non-virtual thunk to CLAN7800Device::ReceiveFrame(void*, unsigned int*)
                0x0000000000018fec                CLAN7800Device::SendFrame(void const*, unsigned int)
                0x00000000000190a0                non-virtual thunk to CLAN7800Device::SendFrame(void const*, unsigned int)
                0x00000000000190a8                non-virtual thunk to CLAN7800Device::GetMACAddress() const
                0x00000000000190b0                CLAN7800Device::CLAN7800Device(CUSBFunction*)
                0x00000000000190b0                CLAN7800Device::CLAN7800Device(CUSBFunction*)
                0x00000000000190f8                CLAN7800Device::WriteReg(unsigned int, unsigned int)
                0x0000000000019190                CLAN7800Device::ReadReg(unsigned int, unsigned int*)
                0x0000000000019224                CLAN7800Device::WaitReg(unsigned int, unsigned int, unsigned int, unsigned int, unsigned int)
                0x00000000000192d0                CLAN7800Device::PHYWrite(unsigned char, unsigned short)
                0x0000000000019390                CLAN7800Device::PHYRead(unsigned char, unsigned short*)
                0x0000000000019480                CLAN7800Device::IsLinkUp()
                0x00000000000194a8                non-virtual thunk to CLAN7800Device::IsLinkUp()
                0x00000000000194b0                CLAN7800Device::GetLinkSpeed()
                0x0000000000019544                non-virtual thunk to CLAN7800Device::GetLinkSpeed()
                0x000000000001954c                CLAN7800Device::InitPHY()
                0x00000000000195b0                CLAN7800Device::ReadWriteReg(unsigned int, unsigned int, unsigned int)
                0x00000000000195fc                CLAN7800Device::InitMACAddress()
                0x0000000000019734                CLAN7800Device::Configure()
 .text._ZN10CNetDevice7GetTypeEv
                0x0000000000019ba0        0x8 ../../lib/usb/libusb.a(lan7800.o)
                0x0000000000019ba0                CNetDevice::GetType()
 .text._ZN10CNetDevice20IsSendFrameAdvisableEv
                0x0000000000019ba8        0x8 ../../lib/usb/libusb.a(lan7800.o)
                0x0000000000019ba8                CNetDevice::IsSendFrameAdvisable()
 .text._ZN10CNetDevice9UpdatePHYEv
                0x0000000000019bb0        0x8 ../../lib/usb/libusb.a(lan7800.o)
                0x0000000000019bb0                CNetDevice::UpdatePHY()
 .text          0x0000000000019bb8      0xb60 ../../lib/usb/libusb.a(smsc951x.o)
                0x0000000000019bb8                CSMSC951xDevice::GetMACAddress() const
                0x0000000000019bc0                CSMSC951xDevice::~CSMSC951xDevice()
                0x0000000000019bc0                CSMSC951xDevice::~CSMSC951xDevice()
                0x0000000000019c44                non-virtual thunk to CSMSC951xDevice::~CSMSC951xDevice()
                0x0000000000019c4c                CSMSC951xDevice::~CSMSC951xDevice()
                0x0000000000019c6c                non-virtual thunk to CSMSC951xDevice::~CSMSC951xDevice()
                0x0000000000019c74                CSMSC951xDevice::ReceiveFrame(void*, unsigned int*)
                0x0000000000019dfc                non-virtual thunk to CSMSC951xDevice::ReceiveFrame(void*, unsigned int*)
                0x0000000000019e04                CSMSC951xDevice::SendFrame(void const*, unsigned int)
                0x0000000000019eb0                non-virtual thunk to CSMSC951xDevice::SendFrame(void const*, unsigned int)
                0x0000000000019eb8                non-virtual thunk to CSMSC951xDevice::GetMACAddress() const
                0x0000000000019ec0                CSMSC951xDevice::CSMSC951xDevice(CUSBFunction*)
                0x0000000000019ec0                CSMSC951xDevice::CSMSC951xDevice(CUSBFunction*)
                0x0000000000019f08                CSMSC951xDevice::WriteReg(unsigned int, unsigned int)
                0x0000000000019f70                CSMSC951xDevice::ReadReg(unsigned int, unsigned int*)
                0x0000000000019fd8                CSMSC951xDevice::PHYWaitNotBusy()
                0x000000000001a058                CSMSC951xDevice::PHYWrite(unsigned char, unsigned short)
                0x000000000001a0dc                CSMSC951xDevice::PHYRead(unsigned char, unsigned short*)
                0x000000000001a19c                CSMSC951xDevice::IsLinkUp()
                0x000000000001a1c4                non-virtual thunk to CSMSC951xDevice::IsLinkUp()
                0x000000000001a1cc                CSMSC951xDevice::GetLinkSpeed()
                0x000000000001a228                non-virtual thunk to CSMSC951xDevice::GetLinkSpeed()
                0x000000000001a230                CSMSC951xDevice::DumpReg(char const*, unsigned int)
                0x000000000001a2a8                CSMSC951xDevice::DumpRegs()
                0x000000000001a440                CSMSC951xDevice::Configure()
 .text          0x000000000001a718      0x688 ../../lib/usb/libusb.a(usbbluetooth.o)
                0x000000000001a718                CUSBBluetoothDevice::~CUSBBluetoothDevice()
                0x000000000001a718                CUSBBluetoothDevice::~CUSBBluetoothDevice()
                0x000000000001a808                CUSBBluetoothDevice::~CUSBBluetoothDevice()
                0x000000000001a828                CUSBBluetoothDevice::CUSBBluetoothDevice(CUSBFunction*)
                0x000000000001a828                CUSBBluetoothDevice::CUSBBluetoothDevice(CUSBFunction*)
                0x000000000001a868                CUSBBluetoothDevice::SendHCICommand(void const*, unsigned int)
                0x000000000001a8c4                CUSBBluetoothDevice::StartRequest()
                0x000000000001a9b4                CUSBBluetoothDevice::RegisterHCIEventHandler(void (*)(void const*, unsigned int))
                0x000000000001a9e0                CUSBBluetoothDevice::CompletionRoutine(CUSBRequest*)
                0x000000000001ab34                CUSBBluetoothDevice::CompletionStub(CUSBRequest*, void*, void*)
                0x000000000001ab64                CUSBBluetoothDevice::Configure()
 .text.startup  0x000000000001ada0       0x38 ../../lib/usb/libusb.a(usbbluetooth.o)
 .text          0x000000000001add8      0x610 ../../lib/usb/libusb.a(usbcdcethernet.o)
                0x000000000001add8                CUSBCDCEthernetDevice::GetMACAddress() const
                0x000000000001ade0                CUSBCDCEthernetDevice::~CUSBCDCEthernetDevice()
                0x000000000001ade0                CUSBCDCEthernetDevice::~CUSBCDCEthernetDevice()
                0x000000000001ae64                non-virtual thunk to CUSBCDCEthernetDevice::~CUSBCDCEthernetDevice()
                0x000000000001ae6c                CUSBCDCEthernetDevice::~CUSBCDCEthernetDevice()
                0x000000000001ae8c                non-virtual thunk to CUSBCDCEthernetDevice::~CUSBCDCEthernetDevice()
                0x000000000001ae94                CUSBCDCEthernetDevice::ReceiveFrame(void*, unsigned int*)
                0x000000000001af88                non-virtual thunk to CUSBCDCEthernetDevice::ReceiveFrame(void*, unsigned int*)
                0x000000000001af90                CUSBCDCEthernetDevice::SendFrame(void const*, unsigned int)
                0x000000000001b034                non-virtual thunk to CUSBCDCEthernetDevice::SendFrame(void const*, unsigned int)
                0x000000000001b03c                non-virtual thunk to CUSBCDCEthernetDevice::GetMACAddress() const
                0x000000000001b044                CUSBCDCEthernetDevice::CUSBCDCEthernetDevice(CUSBFunction*)
                0x000000000001b044                CUSBCDCEthernetDevice::CUSBCDCEthernetDevice(CUSBFunction*)
                0x000000000001b08c                CUSBCDCEthernetDevice::InitMACAddress(unsigned char)
                0x000000000001b190                CUSBCDCEthernetDevice::Configure()
 .text._ZN10CNetDevice8IsLinkUpEv
                0x000000000001b3e8        0x8 ../../lib/usb/libusb.a(usbcdcethernet.o)
                0x000000000001b3e8                CNetDevice::IsLinkUp()
 .text._ZN10CNetDevice12GetLinkSpeedEv
                0x000000000001b3f0        0x8 ../../lib/usb/libusb.a(usbcdcethernet.o)
                0x000000000001b3f0                CNetDevice::GetLinkSpeed()
 .text          0x000000000001b3f8      0x324 ../../lib/usb/libusb.a(usbconfigparser.o)
                0x000000000001b3f8                CUSBConfigurationParser::CUSBConfigurationParser(void const*, unsigned int)
                0x000000000001b3f8                CUSBConfigurationParser::CUSBConfigurationParser(void const*, unsigned int)
                0x000000000001b550                CUSBConfigurationParser::CUSBConfigurationParser(CUSBConfigurationParser*)
                0x000000000001b550                CUSBConfigurationParser::CUSBConfigurationParser(CUSBConfigurationParser*)
                0x000000000001b5b0                CUSBConfigurationParser::~CUSBConfigurationParser()
                0x000000000001b5b0                CUSBConfigurationParser::~CUSBConfigurationParser()
                0x000000000001b5b4                CUSBConfigurationParser::IsValid() const
                0x000000000001b5bc                CUSBConfigurationParser::GetDescriptor(unsigned char)
                0x000000000001b668                CUSBConfigurationParser::GetCurrentDescriptor()
                0x000000000001b6b4                CUSBConfigurationParser::Error(char const*) const
 .text          0x000000000001b71c      0x23c ../../lib/usb/libusb.a(usbgamepad.o)
                0x000000000001b71c                CUSBGamePadDevice::GetInitialState()
                0x000000000001b724                CUSBGamePadDevice::ReportHandler(unsigned char const*, unsigned int)
                0x000000000001b778                CUSBGamePadDevice::RegisterStatusHandler(void (*)(unsigned int, TGamePadState const*))
                0x000000000001b7c4                CUSBGamePadDevice::Configure()
                0x000000000001b894                CUSBGamePadDevice::CUSBGamePadDevice(CUSBFunction*)
                0x000000000001b894                CUSBGamePadDevice::CUSBGamePadDevice(CUSBFunction*)
                0x000000000001b8d8                CUSBGamePadDevice::~CUSBGamePadDevice()
                0x000000000001b8d8                CUSBGamePadDevice::~CUSBGamePadDevice()
                0x000000000001b938                CUSBGamePadDevice::~CUSBGamePadDevice()
 .text.startup  0x000000000001b958       0x38 ../../lib/usb/libusb.a(usbgamepad.o)
 .text          0x000000000001b990      0x578 ../../lib/usb/libusb.a(usbstring.o)
                0x000000000001b990                CUSBString::CUSBString(CUSBDevice*)
                0x000000000001b990                CUSBString::CUSBString(CUSBDevice*)
                0x000000000001b9f4                CUSBString::CUSBString(CUSBString*)
                0x000000000001b9f4                CUSBString::CUSBString(CUSBString*)
                0x000000000001bac8                CUSBString::~CUSBString()
                0x000000000001bac8                CUSBString::~CUSBString()
                0x000000000001bb08                CUSBString::GetFromDescriptor(unsigned char, unsigned short)
                0x000000000001bd68                CUSBString::Get() const
                0x000000000001bd70                CUSBString::GetLanguageID()
 .text          0x000000000001bf08      0x310 ../../lib/input/libinput.a(keyboardbehaviour.o)
                0x000000000001bf08                CKeyboardBehaviour::CKeyboardBehaviour()
                0x000000000001bf08                CKeyboardBehaviour::CKeyboardBehaviour()
                0x000000000001bf38                CKeyboardBehaviour::~CKeyboardBehaviour()
                0x000000000001bf38                CKeyboardBehaviour::~CKeyboardBehaviour()
                0x000000000001bf60                CKeyboardBehaviour::RegisterKeyPressedHandler(void (*)(char const*))
                0x000000000001bf8c                CKeyboardBehaviour::RegisterSelectConsoleHandler(void (*)(unsigned int))
                0x000000000001bfb8                CKeyboardBehaviour::RegisterShutdownHandler(void (*)())
                0x000000000001bfe4                CKeyboardBehaviour::GetLEDStatus() const
                0x000000000001bfec                CKeyboardBehaviour::GenerateKeyEvent(unsigned char)
                0x000000000001c0b8                CKeyboardBehaviour::KeyPressed(unsigned char)
                0x000000000001c0f8                CKeyboardBehaviour::KeyReleased(unsigned char)
                0x000000000001c160                CKeyboardBehaviour::TimerHandler(unsigned int)
                0x000000000001c1e8                CKeyboardBehaviour::TimerStub(unsigned int, void*, void*)
 .text          0x000000000001c218      0x390 ../../lib/input/libinput.a(keymap.o)
                0x000000000001c218                CKeyMap::~CKeyMap()
                0x000000000001c218                CKeyMap::~CKeyMap()
                0x000000000001c21c                CKeyMap::ClearTable(unsigned char)
                0x000000000001c254                CKeyMap::SetEntry(unsigned char, unsigned char, unsigned short)
                0x000000000001c2a4                CKeyMap::Translate(unsigned char, unsigned char)
                0x000000000001c3a8                CKeyMap::GetString(unsigned short, unsigned char, char*) const
                0x000000000001c468                CKeyMap::GetLEDStatus() const
                0x000000000001c498                CKeyMap::LookupDefaultMap(char const*)
                0x000000000001c518                CKeyMap::CKeyMap()
                0x000000000001c518                CKeyMap::CKeyMap()
 .text          0x000000000001c5a8      0x1c8 ../../lib/input/libinput.a(mouse.o)
                0x000000000001c5a8                CMouseDevice::~CMouseDevice()
                0x000000000001c5a8                CMouseDevice::~CMouseDevice()
                0x000000000001c604                CMouseDevice::~CMouseDevice()
                0x000000000001c624                CMouseDevice::CMouseDevice()
                0x000000000001c624                CMouseDevice::CMouseDevice()
                0x000000000001c6b4                CMouseDevice::Setup(unsigned int, unsigned int)
                0x000000000001c6bc                CMouseDevice::RegisterEventHandler(void (*)(TMouseEvent, unsigned int, unsigned int, unsigned int))
                0x000000000001c6c4                CMouseDevice::SetCursor(unsigned int, unsigned int)
                0x000000000001c6cc                CMouseDevice::ShowCursor(bool)
                0x000000000001c6d4                CMouseDevice::UpdateCursor()
                0x000000000001c6e8                CMouseDevice::RegisterStatusHandler(void (*)(unsigned int, int, int))
                0x000000000001c734                CMouseDevice::ReportHandler(unsigned int, int, int)
 .text.startup  0x000000000001c770       0x38 ../../lib/input/libinput.a(mouse.o)
 .text          0x000000000001c7a8      0x4e4 ../../lib/input/libinput.a(mousebehaviour.o)
                0x000000000001c7a8                CMouseBehaviour::CMouseBehaviour()
                0x000000000001c7a8                CMouseBehaviour::CMouseBehaviour()
                0x000000000001c7cc                CMouseBehaviour::Setup(unsigned int, unsigned int)
                0x000000000001c900                CMouseBehaviour::RegisterEventHandler(void (*)(TMouseEvent, unsigned int, unsigned int, unsigned int))
                0x000000000001c94c                CMouseBehaviour::MouseStatusChanged(unsigned int, int, int)
                0x000000000001caa0                CMouseBehaviour::SetCursorState(unsigned int, unsigned int, bool)
                0x000000000001cb20                CMouseBehaviour::~CMouseBehaviour()
                0x000000000001cb20                CMouseBehaviour::~CMouseBehaviour()
                0x000000000001cb58                CMouseBehaviour::SetCursor(unsigned int, unsigned int)
                0x000000000001cbec                CMouseBehaviour::ShowCursor(bool)
                0x000000000001cc5c                CMouseBehaviour::UpdateCursor()
 .text          0x000000000001cc8c      0x310 ../../lib/fs/libfs.a(partitionmanager.o)
                0x000000000001cc8c                CPartitionManager::CPartitionManager(CDevice*, char const*)
                0x000000000001cc8c                CPartitionManager::CPartitionManager(CDevice*, char const*)
                0x000000000001ccc0                CPartitionManager::~CPartitionManager()
                0x000000000001ccc0                CPartitionManager::~CPartitionManager()
                0x000000000001cd84                CPartitionManager::Initialize()
 .text          0x000000000001cf9c      0x2c0 ../../lib/fs/libfs.a(partition.o)
                0x000000000001cf9c                CPartition::~CPartition()
                0x000000000001cf9c                CPartition::~CPartition()
                0x000000000001cfc4                CPartition::~CPartition()
                0x000000000001cff8                CPartition::Read(void*, unsigned int)
                0x000000000001d08c                CPartition::Write(void const*, unsigned int)
                0x000000000001d120                CPartition::Seek(unsigned long long)
                0x000000000001d1e8                CPartition::CPartition(CDevice*, unsigned int, unsigned int)
                0x000000000001d1e8                CPartition::CPartition(CDevice*, unsigned int, unsigned int)
 .text          0x000000000001d25c      0x184 ../../lib/libcircle.a(actled.o)
                0x000000000001d25c                CActLED::CActLED(bool)
                0x000000000001d25c                CActLED::CActLED(bool)
                0x000000000001d310                CActLED::~CActLED()
                0x000000000001d310                CActLED::~CActLED()
                0x000000000001d324                CActLED::On()
                0x000000000001d350                CActLED::Off()
                0x000000000001d384                CActLED::Blink(unsigned int, unsigned int, unsigned int)
                0x000000000001d3d0                CActLED::Get()
 .text          0x000000000001d3e0       0x90 ../../lib/libcircle.a(assert.o)
                0x000000000001d3e0                assertion_failed
 .text          0x000000000001d470      0x198 ../../lib/libcircle.a(bcmpropertytags.o)
                0x000000000001d470                CBcmPropertyTags::CBcmPropertyTags(bool)
                0x000000000001d470                CBcmPropertyTags::CBcmPropertyTags(bool)
                0x000000000001d48c                CBcmPropertyTags::~CBcmPropertyTags()
                0x000000000001d48c                CBcmPropertyTags::~CBcmPropertyTags()
                0x000000000001d4a0                CBcmPropertyTags::GetTag(unsigned int, void*, unsigned int, unsigned int)
                0x000000000001d520                CBcmPropertyTags::GetTags(void*, unsigned int)
 .text          0x000000000001d608      0x310 ../../lib/libcircle.a(classallocator.o)
                0x000000000001d608                CClassAllocator::~CClassAllocator()
                0x000000000001d608                CClassAllocator::~CClassAllocator()
                0x000000000001d630                CClassAllocator::Init(unsigned int, unsigned int)
                0x000000000001d6f4                CClassAllocator::CClassAllocator(unsigned int, unsigned int, char const*)
                0x000000000001d6f4                CClassAllocator::CClassAllocator(unsigned int, unsigned int, char const*)
                0x000000000001d724                CClassAllocator::CClassAllocator(unsigned int, unsigned int, unsigned int, char const*)
                0x000000000001d724                CClassAllocator::CClassAllocator(unsigned int, unsigned int, unsigned int, char const*)
                0x000000000001d758                CClassAllocator::Allocate()
                0x000000000001d844                CClassAllocator::Free(void*)
 .text          0x000000000001d918      0x19c ../../lib/libcircle.a(debug.o)
                0x000000000001d918                debug_hexdump(void const*, unsigned int, char const*)
                0x000000000001da24                debug_stacktrace(unsigned int const*, char const*)
 .text          0x000000000001dab4       0xa4 ../../lib/libcircle.a(device.o)
                0x000000000001dab4                CDevice::~CDevice()
                0x000000000001dab4                CDevice::~CDevice()
                0x000000000001dae4                CDevice::Read(void*, unsigned int)
                0x000000000001dae4                CDevice::Write(void const*, unsigned int)
                0x000000000001daec                CDevice::Seek(unsigned long long)
                0x000000000001daf8                CDevice::RemoveDevice()
                0x000000000001db00                CDevice::~CDevice()
                0x000000000001db3c                CDevice::CDevice()
                0x000000000001db3c                CDevice::CDevice()
                0x000000000001db50                CDevice::RegisterRemovedHandler(void (*)(CDevice*, void*), void*)
 .text          0x000000000001db58      0x60c ../../lib/libcircle.a(devicenameservice.o)
                0x000000000001db58                CDeviceNameService::CDeviceNameService()
                0x000000000001db58                CDeviceNameService::CDeviceNameService()
                0x000000000001db9c                CDeviceNameService::~CDeviceNameService()
                0x000000000001db9c                CDeviceNameService::~CDeviceNameService()
                0x000000000001dbf8                CDeviceNameService::AddDevice(char const*, CDevice*, bool)
                0x000000000001dcb0                CDeviceNameService::RemoveDevice(char const*, bool)
                0x000000000001ddc4                CDeviceNameService::GetDevice(char const*, bool)
                0x000000000001dec8                CDeviceNameService::Get()
                0x000000000001def8                CDeviceNameService::AddDevice(char const*, unsigned int, CDevice*, bool)
                0x000000000001df6c                CDeviceNameService::RemoveDevice(char const*, unsigned int, bool)
                0x000000000001dfd8                CDeviceNameService::GetDevice(char const*, unsigned int, bool)
                0x000000000001e04c                CDeviceNameService::ListDevices(CDevice*)
 .text          0x000000000001e164      0xbd4 ../../lib/libcircle.a(gpiopin.o)
                0x000000000001e164                CGPIOPin::CGPIOPin()
                0x000000000001e164                CGPIOPin::CGPIOPin()
                0x000000000001e19c                CGPIOPin::CGPIOPin(unsigned int, TGPIOMode, CGPIOManager*)
                0x000000000001e19c                CGPIOPin::CGPIOPin(unsigned int, TGPIOMode, CGPIOManager*)
                0x000000000001e1f8                CGPIOPin::~CGPIOPin()
                0x000000000001e1f8                CGPIOPin::~CGPIOPin()
                0x000000000001e1fc                CGPIOPin::~CGPIOPin()
                0x000000000001e214                CGPIOPin::AssignPin(unsigned int)
                0x000000000001e298                CGPIOPin::SetMode(TGPIOMode, bool)
                0x000000000001e438                CGPIOPin::Write(unsigned int)
                0x000000000001e4bc                CGPIOPin::Read() const
                0x000000000001e528                CGPIOPin::Invert()
                0x000000000001e558                CGPIOPin::ConnectInterrupt(void (*)(void*), void*, bool)
                0x000000000001e628                CGPIOPin::DisconnectInterrupt()
                0x000000000001e6d8                CGPIOPin::EnableInterrupt(TGPIOInterrupt)
                0x000000000001e7d0                CGPIOPin::DisableInterrupt()
                0x000000000001e880                CGPIOPin::EnableInterrupt2(TGPIOInterrupt)
                0x000000000001e978                CGPIOPin::DisableInterrupt2()
                0x000000000001ea28                CGPIOPin::AcknowledgeInterrupt()
                0x000000000001ea80                CGPIOPin::WriteAll(unsigned int, unsigned int)
                0x000000000001eaa4                CGPIOPin::ReadAll()
                0x000000000001eab4                CGPIOPin::SetPullMode(TGPIOPullMode)
                0x000000000001eb4c                CGPIOPin::SetAlternateFunction(unsigned int)
                0x000000000001ec0c                CGPIOPin::InterruptHandler()
                0x000000000001ec88                CGPIOPin::DisableAllInterrupts(unsigned int)
 .text.startup  0x000000000001ed38       0x14 ../../lib/libcircle.a(gpiopin.o)
 .text          0x000000000001ed4c      0x5bc ../../lib/libcircle.a(koptions.o)
                0x000000000001edac                CKernelOptions::~CKernelOptions()
                0x000000000001edac                CKernelOptions::~CKernelOptions()
                0x000000000001edc0                CKernelOptions::GetWidth() const
                0x000000000001edc8                CKernelOptions::GetHeight() const
                0x000000000001edd0                CKernelOptions::GetLogDevice() const
                0x000000000001eddc                CKernelOptions::GetLogLevel() const
                0x000000000001ede4                CKernelOptions::GetKeyMap() const
                0x000000000001edec                CKernelOptions::GetUSBPowerDelay() const
                0x000000000001edf4                CKernelOptions::GetUSBFullSpeed() const
                0x000000000001edfc                CKernelOptions::GetSoundDevice() const
                0x000000000001ee08                CKernelOptions::GetSoundOption() const
                0x000000000001ee10                CKernelOptions::GetCPUSpeed() const
                0x000000000001ee18                CKernelOptions::GetSoCMaxTemp() const
                0x000000000001ee20                CKernelOptions::Get()
                0x000000000001ee30                CKernelOptions::GetToken()
                0x000000000001eeb0                CKernelOptions::CKernelOptions()
                0x000000000001eeb0                CKernelOptions::CKernelOptions()
                0x000000000001f2b0                CKernelOptions::GetOptionValue(char*)
                0x000000000001f2e8                CKernelOptions::GetDecimal(char*)
 .text          0x000000000001f308      0x7dc ../../lib/libcircle.a(logger.o)
                0x000000000001f308                CLogger::CLogger(unsigned int, CTimer*)
                0x000000000001f308                CLogger::CLogger(unsigned int, CTimer*)
                0x000000000001f36c                CLogger::~CLogger()
                0x000000000001f36c                CLogger::~CLogger()
                0x000000000001f3e8                CLogger::Initialize(CDevice*)
                0x000000000001f42c                CLogger::SetNewTarget(CDevice*)
                0x000000000001f434                CLogger::Write(char const*, TLogSeverity, char const*, ...)
                0x000000000001f464                CLogger::WriteV(char const*, TLogSeverity, char const*, std::__va_list)
                0x000000000001f5f8                CLogger::WriteNoAlloc(char const*, TLogSeverity, char const*)
                0x000000000001f6d8                CLogger::Get()
                0x000000000001f6e8                CLogger::Write(char const*)
                0x000000000001f7b0                CLogger::Read(void*, unsigned int)
                0x000000000001f870                CLogger::WriteEvent(char const*, TLogSeverity, char const*)
                0x000000000001f9f4                CLogger::ReadEvent(TLogSeverity*, char*, char*, long*, unsigned int*, int*)
                0x000000000001fad4                CLogger::RegisterEventNotificationHandler(void (*)())
                0x000000000001fadc                CLogger::RegisterPanicHandler(void (*)())
 .text          0x000000000001fae4      0x838 ../../lib/libcircle.a(machineinfo.o)
                0x000000000001fae4                CMachineInfo::CMachineInfo()
                0x000000000001fae4                CMachineInfo::CMachineInfo()
                0x000000000001ff3c                CMachineInfo::~CMachineInfo()
                0x000000000001ff3c                CMachineInfo::~CMachineInfo()
                0x000000000001ff58                CMachineInfo::GetMachineModel() const
                0x000000000001ff60                CMachineInfo::GetMachineName() const
                0x000000000001ff78                CMachineInfo::GetModelMajor() const
                0x000000000001ff80                CMachineInfo::GetModelRevision() const
                0x000000000001ff88                CMachineInfo::GetSoCType() const
                0x000000000001ff90                CMachineInfo::GetRAMSize() const
                0x000000000001ff98                CMachineInfo::GetSoCName() const
                0x000000000001ffb0                CMachineInfo::GetRevisionRaw() const
                0x000000000001ffb8                CMachineInfo::GetActLEDInfo() const
                0x000000000001ffd0                CMachineInfo::GetClockRate(unsigned int) const
                0x000000000002009c                CMachineInfo::GetGPIOPin(TGPIOVirtualPin) const
                0x0000000000020100                CMachineInfo::GetGPIOClockSourceRate(unsigned int)
                0x000000000002015c                CMachineInfo::GetDevice(TDeviceId) const
                0x000000000002018c                CMachineInfo::ArePWMChannelsSwapped() const
                0x00000000000201a8                CMachineInfo::AllocateDMAChannel(unsigned int)
                0x000000000002026c                CMachineInfo::FreeDMAChannel(unsigned int)
                0x00000000000202f0                CMachineInfo::Get()
 .text          0x000000000002031c      0x44c ../../lib/libcircle.a(ptrlist.o)
                0x000000000002031c                CPtrList::CPtrList()
                0x000000000002031c                CPtrList::CPtrList()
                0x0000000000020328                CPtrList::~CPtrList()
                0x0000000000020328                CPtrList::~CPtrList()
                0x0000000000020350                CPtrList::GetFirst()
                0x0000000000020358                CPtrList::GetNext(TPtrListElement*)
                0x00000000000203b0                CPtrList::GetPtr(TPtrListElement*)
                0x0000000000020408                CPtrList::InsertBefore(TPtrListElement*, void*)
                0x00000000000204f8                CPtrList::InsertAfter(TPtrListElement*, void*)
                0x00000000000205e8                CPtrList::Remove(TPtrListElement*)
                0x0000000000020710                CPtrList::Find(void*)
 .text          0x0000000000020768     0x124c ../../lib/libcircle.a(screen.o)
                0x0000000000020768                CScreenDevice::CScreenDevice(unsigned int, unsigned int, bool)
                0x0000000000020768                CScreenDevice::CScreenDevice(unsigned int, unsigned int, bool)
                0x0000000000020810                CScreenDevice::~CScreenDevice()
                0x0000000000020810                CScreenDevice::~CScreenDevice()
                0x0000000000020890                CScreenDevice::~CScreenDevice()
                0x00000000000208b0                CScreenDevice::Initialize()
                0x0000000000020a30                CScreenDevice::GetWidth() const
                0x0000000000020a38                CScreenDevice::GetHeight() const
                0x0000000000020a40                CScreenDevice::GetColumns() const
                0x0000000000020a58                CScreenDevice::GetRows() const
                0x0000000000020a70                CScreenDevice::GetFrameBuffer()
                0x0000000000020a78                CScreenDevice::GetStatus()
                0x0000000000020ae8                CScreenDevice::SetStatus(TScreenStatus const&)
                0x0000000000020bec                CScreenDevice::Write(void const*, unsigned int)
                0x0000000000020ca0                CScreenDevice::Write(char)
                0x0000000000021198                CScreenDevice::CarriageReturn()
                0x00000000000211a4                CScreenDevice::ClearDisplayEnd()
                0x0000000000021224                CScreenDevice::ClearLineEnd()
                0x000000000002126c                CScreenDevice::CursorDown()
                0x00000000000212b8                CScreenDevice::CursorHome()
                0x00000000000212c8                CScreenDevice::CursorLeft()
                0x0000000000021338                CScreenDevice::CursorMove(unsigned int, unsigned int)
                0x000000000002139c                CScreenDevice::CursorRight()
                0x00000000000213d8                CScreenDevice::CursorUp()
                0x0000000000021408                CScreenDevice::DeleteChars(unsigned int)
                0x000000000002140c                CScreenDevice::DeleteLines(unsigned int)
                0x0000000000021410                CScreenDevice::DisplayChar(char)
                0x000000000002144c                CScreenDevice::EraseChars(unsigned int)
                0x0000000000021458                CScreenDevice::InsertLines(unsigned int)
                0x000000000002145c                CScreenDevice::InsertMode(bool)
                0x0000000000021464                CScreenDevice::NewLine()
                0x0000000000021470                CScreenDevice::ReverseScroll()
                0x0000000000021474                CScreenDevice::SetCursorMode(bool)
                0x000000000002147c                CScreenDevice::SetScrollRegion(unsigned int, unsigned int)
                0x0000000000021500                CScreenDevice::SetStandoutMode(unsigned int)
                0x00000000000215a0                CScreenDevice::Tabulator()
                0x00000000000215e8                CScreenDevice::Scroll()
                0x00000000000216b8                CScreenDevice::DisplayChar(char, unsigned int, unsigned int, unsigned short)
                0x0000000000021760                CScreenDevice::EraseChar(unsigned int, unsigned int)
                0x00000000000217e4                CScreenDevice::InvertCursor()
                0x00000000000217f4                CScreenDevice::SetPixel(unsigned int, unsigned int, unsigned short)
                0x0000000000021820                CScreenDevice::GetPixel(unsigned int, unsigned int)
                0x0000000000021858                CScreenDevice::Rotor(unsigned int, unsigned int)
 .text          0x00000000000219b4      0xe38 ../../lib/libcircle.a(serial.o)
                0x00000000000219b4                CSerialDevice::CSerialDevice(CInterruptSystem*, bool, unsigned int)
                0x00000000000219b4                CSerialDevice::CSerialDevice(CInterruptSystem*, bool, unsigned int)
                0x0000000000021bc0                CSerialDevice::~CSerialDevice()
                0x0000000000021bc0                CSerialDevice::~CSerialDevice()
                0x0000000000021cf4                CSerialDevice::~CSerialDevice()
                0x0000000000021d14                CSerialDevice::Initialize(unsigned int)
                0x0000000000021f38                CSerialDevice::Write(void const*, unsigned int)
                0x00000000000220d8                CSerialDevice::Read(void*, unsigned int)
                0x0000000000022254                CSerialDevice::GetOptions() const
                0x0000000000022260                CSerialDevice::SetOptions(unsigned int)
                0x000000000002226c                CSerialDevice::RegisterMagicReceivedHandler(char const*, void (*)())
                0x000000000002230c                CSerialDevice::AvailableForWrite()
                0x00000000000223a8                CSerialDevice::AvailableForRead()
                0x0000000000022448                CSerialDevice::Peek()
                0x0000000000022504                CSerialDevice::Flush()
                0x000000000002251c                CSerialDevice::Write(unsigned char)
                0x00000000000225ec                CSerialDevice::InterruptHandler()
                0x00000000000227ac                CSerialDevice::InterruptStub(void*)
 *fill*         0x00000000000227ec        0x4 
 .text          0x00000000000227f0     0x156c ../../lib/libcircle.a(string.o)
                0x00000000000227f0                CString::~CString()
                0x00000000000227f0                CString::~CString()
                0x000000000002281c                CString::~CString()
                0x00000000000228bc                CString::CString()
                0x00000000000228bc                CString::CString()
                0x00000000000228d4                CString::CString(char const*)
                0x00000000000228d4                CString::CString(char const*)
                0x0000000000022914                CString::operator char const*() const
                0x000000000002292c                CString::operator=(char const*)
                0x0000000000022970                CString::operator=(CString const&)
                0x00000000000229cc                CString::GetLength() const
                0x00000000000229dc                CString::Append(char const*)
                0x0000000000022a60                CString::Compare(char const*) const
                0x0000000000022a68                CString::Find(char) const
                0x0000000000022a9c                CString::PutChar(char, unsigned int)
                0x0000000000022adc                CString::PutString(char const*)
                0x0000000000022b20                CString::Replace(char const*, char const*)
                0x0000000000022c9c                CString::ReserveSpace(unsigned int)
                0x0000000000022ca8                CString::ntoa(char*, unsigned long, unsigned int, bool)
                0x0000000000022d2c                CString::lltoa(char*, unsigned long long, unsigned int, bool)
                0x0000000000022e8c                CString::ftoa(char*, double, unsigned int)
                0x00000000000230d8                CString::FormatV(char const*, std::__va_list)
                0x0000000000023d30                CString::Format(char const*, ...)
 .text          0x0000000000023d5c      0x148 ../../lib/libcircle.a(sysinit.o)
                0x0000000000023d5c                __aeabi_atexit
                0x0000000000023d60                __sync_synchronize
                0x0000000000023d68                set_qemu_exit_status
                0x0000000000023d78                halt
                0x0000000000023d8c                reboot
                0x0000000000023dd4                sysinit
 .text          0x0000000000023ea4      0xd70 ../../lib/libcircle.a(timer.o)
                0x0000000000023ec8                CTimer::CTimer(CInterruptSystem*)
                0x0000000000023ec8                CTimer::CTimer(CInterruptSystem*)
                0x0000000000023f5c                CTimer::~CTimer()
                0x0000000000023f5c                CTimer::~CTimer()
                0x0000000000024048                CTimer::SetTimeZone(int)
                0x0000000000024068                CTimer::GetTimeZone() const
                0x0000000000024070                CTimer::SetTime(unsigned int, bool)