Archive member included to satisfy reference by file (symbol)

../../lib/libcircle.a(actled.o)
                              kernel.o (CActLED::CActLED(bool))
../../lib/libcircle.a(devicenameservice.o)
                              kernel.o (CDeviceNameService::CDeviceNameService())
../../lib/libcircle.a(gpiopin.o)
                              ../../lib/libcircle.a(actled.o) (CGPIOPin::CGPIOPin(unsigned int, TGPIOMode, CGPIOManager*))
../../lib/libcircle.a(koptions.o)
                              kernel.o (CKernelOptions::~CKernelOptions())
../../lib/libcircle.a(logger.o)
                              kernel.o (CLogger::CLogger(unsigned int, CTimer*))
../../lib/libcircle.a(machineinfo.o)
                              ../../lib/libcircle.a(logger.o) (CMachineInfo::GetMachineName() const)
../../lib/libcircle.a(screen.o)
                              kernel.o (CScreenDevice::CScreenDevice(unsigned int, unsigned int, bool))
../../lib/libcircle.a(serial.o)
                              kernel.o (CSerialDevice::CSerialDevice(CInterruptSystem*, bool, unsigned int))
../../lib/libcircle.a(string.o)
                              ../../lib/libcircle.a(devicenameservice.o) (CString::~CString())
../../lib/libcircle.a(sysinit.o)
                              ../../lib/libcircle.a(logger.o) (set_qemu_exit_status)
../../lib/libcircle.a(timer.o)
                              kernel.o (CTimer::CTimer(CInterruptSystem*))
../../lib/libcircle.a(util.o)
                              ../../lib/libcircle.a(screen.o) (memset)
../../lib/libcircle.a(util_fast.o)
                              ../../lib/libcircle.a(screen.o) (memcpy)
../../lib/libcircle.a(virtualgpiopin.o)
                              ../../lib/libcircle.a(actled.o) (CVirtualGPIOPin::Write(unsigned int))
../../lib/libcircle.a(chainboot.o)
                              ../../lib/libcircle.a(sysinit.o) (IsChainBootEnabled)
../../lib/libcircle.a(cache-v7.o)
                              ../../lib/libcircle.a(sysinit.o) (InvalidateDataCacheL1Only)
../../lib/libcircle.a(exceptionhandler.o)
                              kernel.o (CExceptionHandler::CExceptionHandler())
../../lib/libcircle.a(exceptionstub.o)
                              ../../lib/libcircle.a(exceptionhandler.o) (PrefetchAbortStub)
../../lib/libcircle.a(memory.o)
                              kernel.o (CMemorySystem::CMemorySystem(bool))
../../lib/libcircle.a(pagetable.o)
                              ../../lib/libcircle.a(memory.o) (CPageTable::CPageTable(unsigned int))
../../lib/libcircle.a(startup.o)
                              (_start)
../../lib/libcircle.a(synchronize.o)
                              ../../lib/libcircle.a(devicenameservice.o) (EnterCritical)
../../lib/libcircle.a(interrupt.o)
                              kernel.o (CInterruptSystem::CInterruptSystem())
../../lib/libcircle.a(assert.o)
                              ../../lib/libcircle.a(devicenameservice.o) (assertion_failed)
../../lib/libcircle.a(bcmframebuffer.o)
                              ../../lib/libcircle.a(screen.o) (CBcmFrameBuffer::CBcmFrameBuffer(unsigned int, unsigned int, unsigned int, unsigned int, unsigned int))
../../lib/libcircle.a(bcmpropertytags.o)
                              ../../lib/libcircle.a(koptions.o) (CBcmPropertyTags::CBcmPropertyTags(bool))
../../lib/libcircle.a(chargenerator.o)
                              ../../lib/libcircle.a(screen.o) (CCharGenerator::CCharGenerator())
../../lib/libcircle.a(debug.o)
                              ../../lib/libcircle.a(exceptionhandler.o) (debug_stacktrace(unsigned int const*, char const*))
../../lib/libcircle.a(delayloop.o)
                              ../../lib/libcircle.a(timer.o) (DelayLoop)
../../lib/libcircle.a(device.o)
                              ../../lib/libcircle.a(screen.o) (CDevice::~CDevice())
../../lib/libcircle.a(dmachannel.o)
                              ../../lib/libcircle.a(screen.o) (CDMAChannel::CDMAChannel(unsigned int, CInterruptSystem*))
../../lib/libcircle.a(gpiomanager.o)
                              ../../lib/libcircle.a(gpiopin.o) (CGPIOManager::ConnectInterrupt(CGPIOPin*))
../../lib/libcircle.a(ptrlist.o)
                              ../../lib/libcircle.a(timer.o) (CPtrList::CPtrList())
../../lib/libcircle.a(new.o)  ../../lib/libcircle.a(dmachannel.o) (operator new[](unsigned int, int))
../../lib/libcircle.a(heapallocator.o)
                              ../../lib/libcircle.a(memory.o) (CHeapAllocator::CHeapAllocator(char const*))
../../lib/libcircle.a(pageallocator.o)
                              ../../lib/libcircle.a(memory.o) (CPageAllocator::CPageAllocator())
../../lib/libcircle.a(bcmmailbox.o)
                              ../../lib/libcircle.a(bcmpropertytags.o) (CBcmMailBox::CBcmMailBox(unsigned int, bool))
/home/olf/projects/circle/gcc-arm-9.2-2019.12-x86_64-arm-none-eabi/bin/../lib/gcc/arm-none-eabi/9.2.1/../../../../arm-none-eabi/lib/thumb/v7ve+simd/hard/libstdc++.a(class_type_info.o)
[...]
Memory Configuration

Name             Origin             Length             Attributes
*default*        0x0000000000000000 0xffffffffffffffff

Linker script and memory map

Address of section .init set to 0x8000

.init           0x0000000000008000       0x70
 *(.init)
 .init          0x0000000000008000       0x70 ../../lib/libcircle.a(startup.o)
                0x0000000000008000                _start
                0x0000000000008064                _start_secondary

.text           0x0000000000008070    0x145a0
 *(.text*)
 .text          0x0000000000008070        0x0 main.o
 .text.startup  0x0000000000008070       0x4c main.o
                0x0000000000008070                main
 .text          0x00000000000080bc      0x318 kernel.o
                0x00000000000080bc                CKernel::CKernel()
                0x00000000000080bc                CKernel::CKernel()
                0x0000000000008268                CKernel::~CKernel()
                0x0000000000008268                CKernel::~CKernel()
                0x00000000000082f0                CKernel::Initialize()
                0x0000000000008394                CKernel::Run()
 .text          0x00000000000083d4      0x17c mandelbrot.o
                0x00000000000083d4                CMandelbrotCalculator::CMandelbrotCalculator(CScreenDevice*, CMemorySystem*)
                0x00000000000083d4                CMandelbrotCalculator::CMandelbrotCalculator(CScreenDevice*, CMemorySystem*)
                0x00000000000083dc                CMandelbrotCalculator::~CMandelbrotCalculator()
                0x00000000000083dc                CMandelbrotCalculator::~CMandelbrotCalculator()
                0x00000000000083e0                CMandelbrotCalculator::Run(unsigned int)
                0x0000000000008418                CMandelbrotCalculator::Calculate(float, float, float, float, unsigned int, unsigned int, unsigned int)
 .text          0x0000000000008550      0x184 ../../lib/libcircle.a(actled.o)
                0x0000000000008550                CActLED::CActLED(bool)
                0x0000000000008550                CActLED::CActLED(bool)
                0x0000000000008604                CActLED::~CActLED()
                0x0000000000008604                CActLED::~CActLED()
                0x0000000000008618                CActLED::On()
                0x0000000000008644                CActLED::Off()
                0x0000000000008678                CActLED::Blink(unsigned int, unsigned int, unsigned int)
                0x00000000000086c4                CActLED::Get()
 .text          0x00000000000086d4      0x60c ../../lib/libcircle.a(devicenameservice.o)
                0x00000000000086d4                CDeviceNameService::CDeviceNameService()
                0x00000000000086d4                CDeviceNameService::CDeviceNameService()
                0x0000000000008718                CDeviceNameService::~CDeviceNameService()
                0x0000000000008718                CDeviceNameService::~CDeviceNameService()
                0x0000000000008774                CDeviceNameService::AddDevice(char const*, CDevice*, bool)
                0x000000000000882c                CDeviceNameService::RemoveDevice(char const*, bool)
                0x0000000000008940                CDeviceNameService::GetDevice(char const*, bool)
                0x0000000000008a44                CDeviceNameService::Get()
                0x0000000000008a74                CDeviceNameService::AddDevice(char const*, unsigned int, CDevice*, bool)
                0x0000000000008ae8                CDeviceNameService::RemoveDevice(char const*, unsigned int, bool)
                0x0000000000008b54                CDeviceNameService::GetDevice(char const*, unsigned int, bool)
                0x0000000000008bc8                CDeviceNameService::ListDevices(CDevice*)
 .text          0x0000000000008ce0      0xbd4 ../../lib/libcircle.a(gpiopin.o)
                0x0000000000008ce0                CGPIOPin::CGPIOPin()
                0x0000000000008ce0                CGPIOPin::CGPIOPin()
                0x0000000000008d18                CGPIOPin::CGPIOPin(unsigned int, TGPIOMode, CGPIOManager*)
                0x0000000000008d18                CGPIOPin::CGPIOPin(unsigned int, TGPIOMode, CGPIOManager*)
                0x0000000000008d74                CGPIOPin::~CGPIOPin()
                0x0000000000008d74                CGPIOPin::~CGPIOPin()
                0x0000000000008d78                CGPIOPin::~CGPIOPin()
                0x0000000000008d90                CGPIOPin::AssignPin(unsigned int)
                0x0000000000008e14                CGPIOPin::SetMode(TGPIOMode, bool)
                0x0000000000008fb4                CGPIOPin::Write(unsigned int)
                0x0000000000009038                CGPIOPin::Read() const
                0x00000000000090a4                CGPIOPin::Invert()
                0x00000000000090d4                CGPIOPin::ConnectInterrupt(void (*)(void*), void*, bool)
                0x00000000000091a4                CGPIOPin::DisconnectInterrupt()
                0x0000000000009254                CGPIOPin::EnableInterrupt(TGPIOInterrupt)
                0x000000000000934c                CGPIOPin::DisableInterrupt()
                0x00000000000093fc                CGPIOPin::EnableInterrupt2(TGPIOInterrupt)
                0x00000000000094f4                CGPIOPin::DisableInterrupt2()
                0x00000000000095a4                CGPIOPin::AcknowledgeInterrupt()
                0x00000000000095fc                CGPIOPin::WriteAll(unsigned int, unsigned int)
                0x0000000000009620                CGPIOPin::ReadAll()
                0x0000000000009630                CGPIOPin::SetPullMode(TGPIOPullMode)
                0x00000000000096c8                CGPIOPin::SetAlternateFunction(unsigned int)
                0x0000000000009788                CGPIOPin::InterruptHandler()
                0x0000000000009804                CGPIOPin::DisableAllInterrupts(unsigned int)
 .text.startup  0x00000000000098b4       0x14 ../../lib/libcircle.a(gpiopin.o)
 .text          0x00000000000098c8      0x5bc ../../lib/libcircle.a(koptions.o)
                0x0000000000009928                CKernelOptions::~CKernelOptions()
                0x0000000000009928                CKernelOptions::~CKernelOptions()
                0x000000000000993c                CKernelOptions::GetWidth() const
                0x0000000000009944                CKernelOptions::GetHeight() const
                0x000000000000994c                CKernelOptions::GetLogDevice() const
                0x0000000000009958                CKernelOptions::GetLogLevel() const
                0x0000000000009960                CKernelOptions::GetKeyMap() const
                0x0000000000009968                CKernelOptions::GetUSBPowerDelay() const
                0x0000000000009970                CKernelOptions::GetUSBFullSpeed() const
                0x0000000000009978                CKernelOptions::GetSoundDevice() const
                0x0000000000009984                CKernelOptions::GetSoundOption() const
                0x000000000000998c                CKernelOptions::GetCPUSpeed() const
                0x0000000000009994                CKernelOptions::GetSoCMaxTemp() const
                0x000000000000999c                CKernelOptions::Get()
                0x00000000000099ac                CKernelOptions::GetToken()
                0x0000000000009a2c                CKernelOptions::CKernelOptions()
                0x0000000000009a2c                CKernelOptions::CKernelOptions()
                0x0000000000009e2c                CKernelOptions::GetOptionValue(char*)
                0x0000000000009e64                CKernelOptions::GetDecimal(char*)
 .text          0x0000000000009e84      0x7dc ../../lib/libcircle.a(logger.o)
                0x0000000000009e84                CLogger::CLogger(unsigned int, CTimer*)
                0x0000000000009e84                CLogger::CLogger(unsigned int, CTimer*)
                0x0000000000009ee8                CLogger::~CLogger()
                0x0000000000009ee8                CLogger::~CLogger()
                0x0000000000009f64                CLogger::Initialize(CDevice*)
                0x0000000000009fa8                CLogger::SetNewTarget(CDevice*)
                0x0000000000009fb0                CLogger::Write(char const*, TLogSeverity, char const*, ...)
                0x0000000000009fe0                CLogger::WriteV(char const*, TLogSeverity, char const*, std::__va_list)
                0x000000000000a174                CLogger::WriteNoAlloc(char const*, TLogSeverity, char const*)
                0x000000000000a254                CLogger::Get()
                0x000000000000a264                CLogger::Write(char const*)
                0x000000000000a32c                CLogger::Read(void*, unsigned int)
                0x000000000000a3ec                CLogger::WriteEvent(char const*, TLogSeverity, char const*)
                0x000000000000a570                CLogger::ReadEvent(TLogSeverity*, char*, char*, long*, unsigned int*, int*)
                0x000000000000a650                CLogger::RegisterEventNotificationHandler(void (*)())
                0x000000000000a658                CLogger::RegisterPanicHandler(void (*)())
 .text          0x000000000000a660      0x838 ../../lib/libcircle.a(machineinfo.o)
                0x000000000000a660                CMachineInfo::CMachineInfo()
                0x000000000000a660                CMachineInfo::CMachineInfo()
                0x000000000000aab8                CMachineInfo::~CMachineInfo()
                0x000000000000aab8                CMachineInfo::~CMachineInfo()
                0x000000000000aad4                CMachineInfo::GetMachineModel() const
                0x000000000000aadc                CMachineInfo::GetMachineName() const
                0x000000000000aaf4                CMachineInfo::GetModelMajor() const
                0x000000000000aafc                CMachineInfo::GetModelRevision() const
                0x000000000000ab04                CMachineInfo::GetSoCType() const
                0x000000000000ab0c                CMachineInfo::GetRAMSize() const
                0x000000000000ab14                CMachineInfo::GetSoCName() const
                0x000000000000ab2c                CMachineInfo::GetRevisionRaw() const
                0x000000000000ab34                CMachineInfo::GetActLEDInfo() const
                0x000000000000ab4c                CMachineInfo::GetClockRate(unsigned int) const
                0x000000000000ac18                CMachineInfo::GetGPIOPin(TGPIOVirtualPin) const
                0x000000000000ac7c                CMachineInfo::GetGPIOClockSourceRate(unsigned int)
                0x000000000000acd8                CMachineInfo::GetDevice(TDeviceId) const
                0x000000000000ad08                CMachineInfo::ArePWMChannelsSwapped() const
                0x000000000000ad24                CMachineInfo::AllocateDMAChannel(unsigned int)
                0x000000000000ade8                CMachineInfo::FreeDMAChannel(unsigned int)
                0x000000000000ae6c                CMachineInfo::Get()
 .text          0x000000000000ae98     0x124c ../../lib/libcircle.a(screen.o)
                0x000000000000ae98                CScreenDevice::CScreenDevice(unsigned int, unsigned int, bool)
                0x000000000000ae98                CScreenDevice::CScreenDevice(unsigned int, unsigned int, bool)
                0x000000000000af40                CScreenDevice::~CScreenDevice()
                0x000000000000af40                CScreenDevice::~CScreenDevice()
                0x000000000000afc0                CScreenDevice::~CScreenDevice()
                0x000000000000afe0                CScreenDevice::Initialize()
                0x000000000000b160                CScreenDevice::GetWidth() const
                0x000000000000b168                CScreenDevice::GetHeight() const
                0x000000000000b170                CScreenDevice::GetColumns() const
                0x000000000000b188                CScreenDevice::GetRows() const
                0x000000000000b1a0                CScreenDevice::GetFrameBuffer()
                0x000000000000b1a8                CScreenDevice::GetStatus()
                0x000000000000b218                CScreenDevice::SetStatus(TScreenStatus const&)
                0x000000000000b31c                CScreenDevice::Write(void const*, unsigned int)
                0x000000000000b3d0                CScreenDevice::Write(char)
                0x000000000000b8c8                CScreenDevice::CarriageReturn()
                0x000000000000b8d4                CScreenDevice::ClearDisplayEnd()
                0x000000000000b954                CScreenDevice::ClearLineEnd()
                0x000000000000b99c                CScreenDevice::CursorDown()
                0x000000000000b9e8                CScreenDevice::CursorHome()
                0x000000000000b9f8                CScreenDevice::CursorLeft()
                0x000000000000ba68                CScreenDevice::CursorMove(unsigned int, unsigned int)
                0x000000000000bacc                CScreenDevice::CursorRight()
                0x000000000000bb08                CScreenDevice::CursorUp()
                0x000000000000bb38                CScreenDevice::DeleteChars(unsigned int)
                0x000000000000bb3c                CScreenDevice::DeleteLines(unsigned int)
                0x000000000000bb40                CScreenDevice::DisplayChar(char)
                0x000000000000bb7c                CScreenDevice::EraseChars(unsigned int)
                0x000000000000bb88                CScreenDevice::InsertLines(unsigned int)
                0x000000000000bb8c                CScreenDevice::InsertMode(bool)
                0x000000000000bb94                CScreenDevice::NewLine()
                0x000000000000bba0                CScreenDevice::ReverseScroll()
                0x000000000000bba4                CScreenDevice::SetCursorMode(bool)
                0x000000000000bbac                CScreenDevice::SetScrollRegion(unsigned int, unsigned int)
                0x000000000000bc30                CScreenDevice::SetStandoutMode(unsigned int)
                0x000000000000bcd0                CScreenDevice::Tabulator()
                0x000000000000bd18                CScreenDevice::Scroll()
                0x000000000000bde8                CScreenDevice::DisplayChar(char, unsigned int, unsigned int, unsigned short)
                0x000000000000be90                CScreenDevice::EraseChar(unsigned int, unsigned int)
                0x000000000000bf14                CScreenDevice::InvertCursor()
                0x000000000000bf24                CScreenDevice::SetPixel(unsigned int, unsigned int, unsigned short)
                0x000000000000bf50                CScreenDevice::GetPixel(unsigned int, unsigned int)
                0x000000000000bf88                CScreenDevice::Rotor(unsigned int, unsigned int)
 .text          0x000000000000c0e4      0xe38 ../../lib/libcircle.a(serial.o)
                0x000000000000c0e4                CSerialDevice::CSerialDevice(CInterruptSystem*, bool, unsigned int)
                0x000000000000c0e4                CSerialDevice::CSerialDevice(CInterruptSystem*, bool, unsigned int)
                0x000000000000c2f0                CSerialDevice::~CSerialDevice()
                0x000000000000c2f0                CSerialDevice::~CSerialDevice()
                0x000000000000c424                CSerialDevice::~CSerialDevice()
                0x000000000000c444                CSerialDevice::Initialize(unsigned int)
                0x000000000000c668                CSerialDevice::Write(void const*, unsigned int)
                0x000000000000c808                CSerialDevice::Read(void*, unsigned int)
                0x000000000000c984                CSerialDevice::GetOptions() const
                0x000000000000c990                CSerialDevice::SetOptions(unsigned int)
                0x000000000000c99c                CSerialDevice::RegisterMagicReceivedHandler(char const*, void (*)())
                0x000000000000ca3c                CSerialDevice::AvailableForWrite()
                0x000000000000cad8                CSerialDevice::AvailableForRead()
                0x000000000000cb78                CSerialDevice::Peek()
                0x000000000000cc34                CSerialDevice::Flush()
                0x000000000000cc4c                CSerialDevice::Write(unsigned char)
                0x000000000000cd1c                CSerialDevice::InterruptHandler()
                0x000000000000cedc                CSerialDevice::InterruptStub(void*)
 *fill*         0x000000000000cf1c        0x4 
 .text          0x000000000000cf20     0x156c ../../lib/libcircle.a(string.o)
                0x000000000000cf20                CString::~CString()
                0x000000000000cf20                CString::~CString()
                0x000000000000cf4c                CString::~CString()
                0x000000000000cfec                CString::CString()
                0x000000000000cfec                CString::CString()
                0x000000000000d004                CString::CString(char const*)
                0x000000000000d004                CString::CString(char const*)
                0x000000000000d044                CString::operator char const*() const
                0x000000000000d05c                CString::operator=(char const*)
                0x000000000000d0a0                CString::operator=(CString const&)
                0x000000000000d0fc                CString::GetLength() const
                0x000000000000d10c                CString::Append(char const*)
                0x000000000000d190                CString::Compare(char const*) const
                0x000000000000d198                CString::Find(char) const
                0x000000000000d1cc                CString::PutChar(char, unsigned int)
                0x000000000000d20c                CString::PutString(char const*)
                0x000000000000d250                CString::Replace(char const*, char const*)
                0x000000000000d3cc                CString::ReserveSpace(unsigned int)
                0x000000000000d3d8                CString::ntoa(char*, unsigned long, unsigned int, bool)
                0x000000000000d45c                CString::lltoa(char*, unsigned long long, unsigned int, bool)
                0x000000000000d5bc                CString::ftoa(char*, double, unsigned int)
                0x000000000000d808                CString::FormatV(char const*, std::__va_list)
                0x000000000000e460                CString::Format(char const*, ...)
 .text          0x000000000000e48c      0x148 ../../lib/libcircle.a(sysinit.o)
                0x000000000000e48c                __aeabi_atexit
                0x000000000000e490                __sync_synchronize
                0x000000000000e498                set_qemu_exit_status
                0x000000000000e4a8                halt
                0x000000000000e4bc                reboot
                0x000000000000e504                sysinit
 .text          0x000000000000e5d4      0xd70 ../../lib/libcircle.a(timer.o)
                0x000000000000e5f8                CTimer::CTimer(CInterruptSystem*)
                0x000000000000e5f8                CTimer::CTimer(CInterruptSystem*)
                0x000000000000e68c                CTimer::~CTimer()
                0x000000000000e68c                CTimer::~CTimer()
                0x000000000000e778                CTimer::SetTimeZone(int)
                0x000000000000e798                CTimer::GetTimeZone() const
                0x000000000000e7a0                CTimer::SetTime(unsigned int, bool)
                0x000000000000e818                CTimer::GetClockTicks()
                0x000000000000e824                CTimer::GetTicks() const
                0x000000000000e82c                CTimer::GetUptime() const
                0x000000000000e834                CTimer::GetTime() const
                0x000000000000e83c                CTimer::GetLocalTime(unsigned int*, unsigned int*)
                0x000000000000e8f4                CTimer::GetUniversalTime() const
                0x000000000000e914                CTimer::GetUniversalTime(unsigned int*, unsigned int*)
                0x000000000000e9e8                CTimer::GetTimeString()
                0x000000000000ebdc                CTimer::StartKernelTimer(unsigned int, void (*)(unsigned int, void*, void*), void*, void*)
                0x000000000000ed28                CTimer::CancelKernelTimer(unsigned int)
                0x000000000000edd0                CTimer::PollKernelTimers()
                0x000000000000ef18                CTimer::InterruptHandler()
                0x000000000000f01c                CTimer::InterruptHandler(void*)
                0x000000000000f044                CTimer::TuneMsDelay()
                0x000000000000f0e4                CTimer::Initialize()
                0x000000000000f1d8                CTimer::RegisterPeriodicHandler(void (*)())
                0x000000000000f240                CTimer::SimpleMsDelay(unsigned int)
                0x000000000000f25c                CTimer::SimpleusDelay(unsigned int)
                0x000000000000f268                CTimer::IsLeapYear(unsigned int)
                0x000000000000f2ac                CTimer::GetDaysOfMonth(unsigned int, unsigned int)
                0x000000000000f314                CTimer::Get()
 .text          0x000000000000f344       0xb4 ../../lib/libcircle.a(util.o)
                0x000000000000f344                memset
                0x000000000000f3f4                char2int
 .text          0x000000000000f3f8       0x5c ../../lib/libcircle.a(util_fast.o)
                0x000000000000f3f8                memcpy
 .text          0x000000000000f454      0x2f0 ../../lib/libcircle.a(virtualgpiopin.o)
                0x000000000000f454                CVirtualGPIOPin::CVirtualGPIOPin(unsigned int, bool)
                0x000000000000f454                CVirtualGPIOPin::CVirtualGPIOPin(unsigned int, bool)
                0x000000000000f5ac                CVirtualGPIOPin::~CVirtualGPIOPin()
                0x000000000000f5ac                CVirtualGPIOPin::~CVirtualGPIOPin()
                0x000000000000f5b0                CVirtualGPIOPin::~CVirtualGPIOPin()
                0x000000000000f5c8                CVirtualGPIOPin::Write(unsigned int)
                0x000000000000f718                CVirtualGPIOPin::Invert()
 .text.startup  0x000000000000f744       0x14 ../../lib/libcircle.a(virtualgpiopin.o)
 .text          0x000000000000f758       0xb8 ../../lib/libcircle.a(chainboot.o)
                0x000000000000f7a0                EnableChainBoot
                0x000000000000f7e4                IsChainBootEnabled
                0x000000000000f7fc                DoChainBoot
 .text          0x000000000000f810      0x1f4 ../../lib/libcircle.a(cache-v7.o)
                0x000000000000f810                InvalidateDataCacheL1Only
                0x000000000000f87c                InvalidateDataCache
                0x000000000000f924                CleanDataCache
                0x000000000000f9cc                CleanAndInvalidateDataCacheRange
 .text          0x000000000000fa04      0x260 ../../lib/libcircle.a(exceptionhandler.o)
                0x000000000000fa04                CExceptionHandler::CExceptionHandler()
                0x000000000000fa04                CExceptionHandler::CExceptionHandler()
                0x000000000000fa9c                CExceptionHandler::~CExceptionHandler()
                0x000000000000fa9c                CExceptionHandler::~CExceptionHandler()
                0x000000000000fab0                CExceptionHandler::Throw(unsigned int)
                0x000000000000faf0                CExceptionHandler::Throw(unsigned int, TAbortFrame*)
                0x000000000000fbe4                CExceptionHandler::Get()
                0x000000000000fc14                ExceptionHandler
 .text          0x000000000000fc64      0x164 ../../lib/libcircle.a(exceptionstub.o)
                0x000000000000fc64                UndefinedInstructionInternal
                0x000000000000fcb4                PrefetchAbortStub
                0x000000000000fd04                DataAbortStub
                0x000000000000fd54                UndefinedInstructionStub
                0x000000000000fd70                IRQStub
                0x000000000000fd88                FIQStub
 .text          0x000000000000fdc8      0x330 ../../lib/libcircle.a(memory.o)
                0x000000000000fdc8                CMemorySystem::CMemorySystem(bool)
                0x000000000000fdc8                CMemorySystem::CMemorySystem(bool)
                0x000000000000ff38                CMemorySystem::~CMemorySystem()
                0x000000000000ff38                CMemorySystem::~CMemorySystem()
                0x000000000000ff88                CMemorySystem::Destructor()
                0x000000000000ffb4                CMemorySystem::GetMemSize() const
                0x000000000000ffec                CMemorySystem::Get()
                0x0000000000010018                CMemorySystem::EnableMMU()
                0x00000000000100c4                CMemorySystem::GetCoherentPage(unsigned int)
 .text          0x00000000000100f8       0xa0 ../../lib/libcircle.a(pagetable.o)
                0x00000000000100f8                CPageTable::CPageTable(unsigned int)
                0x00000000000100f8                CPageTable::CPageTable(unsigned int)
                0x0000000000010188                CPageTable::~CPageTable()
                0x0000000000010188                CPageTable::~CPageTable()
                0x000000000001018c                CPageTable::GetBaseAddress() const
 .text          0x0000000000010198        0x0 ../../lib/libcircle.a(startup.o)
 .text          0x0000000000010198      0x134 ../../lib/libcircle.a(synchronize.o)
                0x0000000000010198                CurrentExecutionLevel
                0x00000000000101ac                EnterCritical
                0x0000000000010258                LeaveCritical
                0x00000000000102ac                SyncDataAndInstructionCache
 .text          0x00000000000102cc      0x5a0 ../../lib/libcircle.a(interrupt.o)
                0x00000000000102cc                CInterruptSystem::CInterruptSystem()
                0x00000000000102cc                CInterruptSystem::CInterruptSystem()
                0x00000000000102f8                CInterruptSystem::~CInterruptSystem()
                0x00000000000102f8                CInterruptSystem::~CInterruptSystem()
                0x0000000000010338                CInterruptSystem::Initialize()
                0x00000000000103ac                CInterruptSystem::ConnectFIQ(unsigned int, void (*)(void*), void*)
                0x0000000000010438                CInterruptSystem::DisconnectFIQ()
                0x000000000001049c                CInterruptSystem::EnableIRQ(unsigned int)
                0x0000000000010538                CInterruptSystem::ConnectIRQ(unsigned int, void (*)(void*), void*)
                0x0000000000010598                CInterruptSystem::DisableIRQ(unsigned int)
                0x0000000000010634                CInterruptSystem::DisconnectIRQ(unsigned int)
                0x00000000000106a0                CInterruptSystem::EnableFIQ(unsigned int)
                0x00000000000106d8                CInterruptSystem::DisableFIQ()
                0x00000000000106ec                CInterruptSystem::Get()
                0x000000000001071c                CInterruptSystem::CallIRQHandler(unsigned int)
                0x0000000000010770                CInterruptSystem::InterruptHandler()
                0x0000000000010868                InterruptHandler
 .text          0x000000000001086c       0x90 ../../lib/libcircle.a(assert.o)
                0x000000000001086c                assertion_failed
 .text          0x00000000000108fc      0x4bc ../../lib/libcircle.a(bcmframebuffer.o)
                0x00000000000108fc                CBcmFrameBuffer::CBcmFrameBuffer(unsigned int, unsigned int, unsigned int, unsigned int, unsigned int)
                0x00000000000108fc                CBcmFrameBuffer::CBcmFrameBuffer(unsigned int, unsigned int, unsigned int, unsigned int, unsigned int)
                0x0000000000010a4c                CBcmFrameBuffer::~CBcmFrameBuffer()
                0x0000000000010a4c                CBcmFrameBuffer::~CBcmFrameBuffer()
                0x0000000000010a70                CBcmFrameBuffer::SetPalette(unsigned char, unsigned short)
                0x0000000000010aac                CBcmFrameBuffer::SetPalette32(unsigned char, unsigned int)
                0x0000000000010ac4                CBcmFrameBuffer::GetWidth() const
                0x0000000000010acc                CBcmFrameBuffer::GetHeight() const
                0x0000000000010ad4                CBcmFrameBuffer::GetVirtWidth() const
                0x0000000000010adc                CBcmFrameBuffer::GetVirtHeight() const
                0x0000000000010ae4                CBcmFrameBuffer::GetPitch() const
                0x0000000000010aec                CBcmFrameBuffer::GetDepth() const
                0x0000000000010af4                CBcmFrameBuffer::GetBuffer() const
                0x0000000000010afc                CBcmFrameBuffer::GetSize() const
                0x0000000000010b04                CBcmFrameBuffer::UpdatePalette()
                0x0000000000010bbc                CBcmFrameBuffer::Initialize()
                0x0000000000010c78                CBcmFrameBuffer::SetVirtualOffset(unsigned int, unsigned int)
                0x0000000000010d00                CBcmFrameBuffer::WaitForVerticalSync()
                0x0000000000010d58                CBcmFrameBuffer::SetBacklightBrightness(unsigned int)
 .text          0x0000000000010db8      0x198 ../../lib/libcircle.a(bcmpropertytags.o)
                0x0000000000010db8                CBcmPropertyTags::CBcmPropertyTags(bool)
                0x0000000000010db8                CBcmPropertyTags::CBcmPropertyTags(bool)
                0x0000000000010dd4                CBcmPropertyTags::~CBcmPropertyTags()
                0x0000000000010dd4                CBcmPropertyTags::~CBcmPropertyTags()
                0x0000000000010de8                CBcmPropertyTags::GetTag(unsigned int, void*, unsigned int, unsigned int)
                0x0000000000010e68                CBcmPropertyTags::GetTags(void*, unsigned int)
 .text          0x0000000000010f50       0x94 ../../lib/libcircle.a(chargenerator.o)
                0x0000000000010f50                CCharGenerator::CCharGenerator()
                0x0000000000010f50                CCharGenerator::CCharGenerator()
                0x0000000000010f5c                CCharGenerator::~CCharGenerator()
                0x0000000000010f5c                CCharGenerator::~CCharGenerator()
                0x0000000000010f60                CCharGenerator::GetCharWidth() const
                0x0000000000010f68                CCharGenerator::GetCharHeight() const
                0x0000000000010f70                CCharGenerator::GetUnderline() const
                0x0000000000010f78                CCharGenerator::GetPixel(char, unsigned int, unsigned int) const
 .text          0x0000000000010fe4      0x19c ../../lib/libcircle.a(debug.o)
                0x0000000000010fe4                debug_hexdump(void const*, unsigned int, char const*)
                0x00000000000110f0                debug_stacktrace(unsigned int const*, char const*)
 .text          0x0000000000011180       0x14 ../../lib/libcircle.a(delayloop.o)
                0x0000000000011180                DelayLoop
 .text          0x0000000000011194       0xa4 ../../lib/libcircle.a(device.o)
                0x0000000000011194                CDevice::~CDevice()
                0x0000000000011194                CDevice::~CDevice()
                0x00000000000111c4                CDevice::Read(void*, unsigned int)
                0x00000000000111c4                CDevice::Write(void const*, unsigned int)
                0x00000000000111cc                CDevice::Seek(unsigned long long)
                0x00000000000111d8                CDevice::RemoveDevice()
                0x00000000000111e0                CDevice::~CDevice()
                0x000000000001121c                CDevice::CDevice()
                0x000000000001121c                CDevice::CDevice()
                0x0000000000011230                CDevice::RegisterRemovedHandler(void (*)(CDevice*, void*), void*)
 .text          0x0000000000011238      0xb4c ../../lib/libcircle.a(dmachannel.o)
                0x0000000000011238                CDMAChannel::CDMAChannel(unsigned int, CInterruptSystem*)
                0x0000000000011238                CDMAChannel::CDMAChannel(unsigned int, CInterruptSystem*)
                0x0000000000011334                CDMAChannel::~CDMAChannel()
                0x0000000000011334                CDMAChannel::~CDMAChannel()
                0x0000000000011420                CDMAChannel::SetupMemCopy(void*, void const*, unsigned int, unsigned int, bool)
                0x0000000000011598                CDMAChannel::SetupIORead(void*, unsigned int, unsigned int, TDREQ)
                0x00000000000116d0                CDMAChannel::SetupIOWrite(unsigned int, void const*, unsigned int, TDREQ)
                0x0000000000011808                CDMAChannel::SetupMemCopy2D(void*, void const*, unsigned int, unsigned int, unsigned int, unsigned int)
                0x00000000000119a0                CDMAChannel::SetCompletionRoutine(void (*)(unsigned int, bool, void*), void*)
                0x0000000000011a44                CDMAChannel::Start()
                0x0000000000011b6c                CDMAChannel::Wait()
                0x0000000000011bf8                CDMAChannel::GetStatus()
                0x0000000000011c50                CDMAChannel::InterruptHandler()
                0x0000000000011d60                CDMAChannel::InterruptStub(void*)
 .text          0x0000000000011d84      0x340 ../../lib/libcircle.a(gpiomanager.o)
                0x0000000000011d84                CGPIOManager::CGPIOManager(CInterruptSystem*)
                0x0000000000011d84                CGPIOManager::CGPIOManager(CInterruptSystem*)
                0x0000000000011db0                CGPIOManager::~CGPIOManager()
                0x0000000000011db0                CGPIOManager::~CGPIOManager()
                0x0000000000011e30                CGPIOManager::Initialize()
                0x0000000000011ea0                CGPIOManager::ConnectInterrupt(CGPIOPin*)
                0x0000000000011f3c                CGPIOManager::DisconnectInterrupt(CGPIOPin*)
                0x0000000000011fdc                CGPIOManager::InterruptHandler()
                0x000000000001209c                CGPIOManager::InterruptStub(void*)
 .text          0x00000000000120c4      0x44c ../../lib/libcircle.a(ptrlist.o)
                0x00000000000120c4                CPtrList::CPtrList()
                0x00000000000120c4                CPtrList::CPtrList()
                0x00000000000120d0                CPtrList::~CPtrList()
                0x00000000000120d0                CPtrList::~CPtrList()
                0x00000000000120f8                CPtrList::GetFirst()
                0x0000000000012100                CPtrList::GetNext(TPtrListElement*)
                0x0000000000012158                CPtrList::GetPtr(TPtrListElement*)
                0x00000000000121b0                CPtrList::InsertBefore(TPtrListElement*, void*)
                0x00000000000122a0                CPtrList::InsertAfter(TPtrListElement*, void*)
                0x0000000000012390                CPtrList::Remove(TPtrListElement*)
                0x00000000000124b8                CPtrList::Find(void*)
 .text          0x0000000000012510       0x2c ../../lib/libcircle.a(new.o)
                0x0000000000012510                operator new(unsigned int, int)
                0x0000000000012538                operator new[](unsigned int, int)
 .text          0x000000000001253c      0x374 ../../lib/libcircle.a(heapallocator.o)
                0x000000000001253c                CHeapAllocator::CHeapAllocator(char const*)
                0x000000000001253c                CHeapAllocator::CHeapAllocator(char const*)
                0x0000000000012598                CHeapAllocator::~CHeapAllocator()
                0x0000000000012598                CHeapAllocator::~CHeapAllocator()
                0x000000000001259c                CHeapAllocator::Setup(unsigned int, unsigned int, unsigned int)
                0x00000000000125b0                CHeapAllocator::GetFreeSpace() const
                0x00000000000125bc                CHeapAllocator::Allocate(unsigned int)
                0x0000000000012768                CHeapAllocator::Free(void*)
                0x0000000000012810                CHeapAllocator::ReAllocate(void*, unsigned int)
 .text          0x00000000000128b0      0x1b0 ../../lib/libcircle.a(pageallocator.o)
                0x00000000000128b0                CPageAllocator::CPageAllocator()
                0x00000000000128b0                CPageAllocator::CPageAllocator()
                0x00000000000128cc                CPageAllocator::~CPageAllocator()
                0x00000000000128cc                CPageAllocator::~CPageAllocator()
                0x00000000000128d0                CPageAllocator::Setup(unsigned int, unsigned int)
                0x0000000000012938                CPageAllocator::GetFreeSpace() const
                0x0000000000012944                CPageAllocator::Allocate()
                0x0000000000012a10                CPageAllocator::Free(void*)
 .text          0x0000000000012a60      0x1c8 ../../lib/libcircle.a(bcmmailbox.o)
                0x0000000000012a60                CBcmMailBox::CBcmMailBox(unsigned int, bool)
                0x0000000000012a60                CBcmMailBox::CBcmMailBox(unsigned int, bool)
                0x0000000000012a6c                CBcmMailBox::~CBcmMailBox()
                0x0000000000012a6c                CBcmMailBox::~CBcmMailBox()
                0x0000000000012a70                CBcmMailBox::WriteRead(unsigned int)
                0x0000000000012b7c                CBcmMailBox::Flush()
                0x0000000000012bb0                CBcmMailBox::Read()
                0x0000000000012be0                CBcmMailBox::Write(unsigned int)
 .text.startup  0x0000000000012c28       0x14 ../../lib/libcircle.a(bcmmailbox.o)
 .text          0x0000000000012c3c        0x0 /home/olf/projects/circle/gcc-arm-9.2-2019.12-x86_64-arm-none-eabi/bin/../lib/gcc/arm-none-eabi/9.2.1/../../../../arm-none-eabi/lib/thumb/v7ve+simd/hard/libstdc++.a(class_type_info.o)
 .text._ZNK10__cxxabiv117__class_type_info11__do_upcastEPKS0_PPv
                0x0000000000012c3c       0x38 /home/olf/projects/circle/gcc-arm-9.2-2019.12-x86_64-arm-none-eabi/bin/../lib/gcc/arm-none-eabi/9.2.1/../../../../arm-none-eabi/lib/thumb/v7ve+simd/hard/libstdc++.a(class_type_info.o)
                0x0000000000012c3c                __cxxabiv1::__class_type_info::__do_upcast(__cxxabiv1::__class_type_info const*, void**) const
 .text._ZNK10__cxxabiv117__class_type_info20__do_find_public_srcEiPKvPKS0_S2_
                0x0000000000012c74        0xc /home/olf/projects/circle/gcc-arm-9.2-2019.12-x86_64-arm-none-eabi/bin/../lib/gcc/arm-none-eabi/9.2.1/../../../../arm-none-eabi/lib/thumb/v7ve+simd/hard/libstdc++.a(class_type_info.o)
                0x0000000000012c74                __cxxabiv1::__class_type_info::__do_find_public_src(int, void const*, __cxxabiv1::__class_type_info const*, void const*) const
 .text._ZN10__cxxabiv117__class_type_infoD2Ev
                0x0000000000012c80       0x14 /home/olf/projects/circle/gcc-arm-9.2-2019.12-x86_64-arm-none-eabi/bin/../lib/gcc/arm-none-eabi/9.2.1/../../../../arm-none-eabi/lib/thumb/v7ve+simd/hard/libstdc++.a(class_type_info.o)
                0x0000000000012c80                __cxxabiv1::__class_type_info::~__class_type_info()
                0x0000000000012c80                __cxxabiv1::__class_type_info::~__class_type_info()
 .text._ZN10__cxxabiv117__class_type_infoD0Ev
                0x0000000000012c94       0x1c /home/olf/projects/circle/gcc-arm-9.2-2019.12-x86_64-arm-none-eabi/bin/../lib/gcc/arm-none-eabi/9.2.1/../../../../arm-none-eabi/lib/thumb/v7ve+simd/hard/libstdc++.a(class_type_info.o)
                0x0000000000012c94                __cxxabiv1::__class_type_info::~__class_type_info()
 .text._ZNK10__cxxabiv117__class_type_info12__do_dyncastEiNS0_10__sub_kindEPKS0_PKvS3_S5_RNS0_16__dyncast_resultE
                0x0000000000012cb0       0x44 /home/olf/projects/circle/gcc-arm-9.2-2019.12-x86_64-arm-none-eabi/bin/../lib/gcc/arm-none-eabi/9.2.1/../../../../arm-none-eabi/lib/thumb/v7ve+simd/hard/libstdc++.a(class_type_info.o)
                0x0000000000012cb0                __cxxabiv1::__class_type_info::__do_dyncast(int, __cxxabiv1::__class_type_info::__sub_kind, __cxxabiv1::__class_type_info const*, void const*, __cxxabiv1::__class_type_info const*, void const*, __cxxabiv1::__class_type_info::__dyncast_result&) const
 .text._ZNK10__cxxabiv117__class_type_info11__do_upcastEPKS0_PKvRNS0_15__upcast_resultE
                0x0000000000012cf4       0x1c /home/olf/projects/circle/gcc-arm-9.2-2019.12-x86_64-arm-none-eabi/bin/../lib/gcc/arm-none-eabi/9.2.1/../../../../arm-none-eabi/lib/thumb/v7ve+simd/hard/libstdc++.a(class_type_info.o)
                0x0000000000012cf4                __cxxabiv1::__class_type_info::__do_upcast(__cxxabiv1::__class_type_info const*, void const*, __cxxabiv1::__class_type_info::__upcast_result&) const
 .text._ZNK10__cxxabiv117__class_type_info10__do_catchEPKSt9type_infoPPvj
                0x0000000000012d10       0x2c /home/olf/projects/circle/gcc-arm-9.2-2019.12-x86_64-arm-none-eabi/bin/../lib/gcc/arm-none-eabi/9.2.1/../../../../arm-none-eabi/lib/thumb/v7ve+simd/hard/libstdc++.a(class_type_info.o)
                0x0000000000012d10                __cxxabiv1::__class_type_info::__do_catch(std::type_info const*, void**, unsigned int) const
 .text          0x0000000000012d3c        0x0 /home/olf/projects/circle/gcc-arm-9.2-2019.12-x86_64-arm-none-eabi/bin/../lib/gcc/arm-none-eabi/9.2.1/../../../../arm-none-eabi/lib/thumb/v7ve+simd/hard/libstdc++.a(del_ops.o)
 .text._ZdlPvj  0x0000000000012d3c        0x4 /home/olf/projects/circle/gcc-arm-9.2-2019.12-x86_64-arm-none-eabi/bin/../lib/gcc/arm-none-eabi/9.2.1/../../../../arm-none-eabi/lib/thumb/v7ve+simd/hard/libstdc++.a(del_ops.o)
                0x0000000000012d3c                operator delete(void*, unsigned int)
 .text          0x0000000000012d40        0x0 /home/olf/projects/circle/gcc-arm-9.2-2019.12-x86_64-arm-none-eabi/bin/../lib/gcc/arm-none-eabi/9.2.1/../../../../arm-none-eabi/lib/thumb/v7ve+simd/hard/libstdc++.a(del_opv.o)
 .text._ZdaPv   0x0000000000012d40        0x4 /home/olf/projects/circle/gcc-arm-9.2-2019.12-x86_64-arm-none-eabi/bin/../lib/gcc/arm-none-eabi/9.2.1/../../../../arm-none-eabi/lib/thumb/v7ve+simd/hard/libstdc++.a(del_opv.o)
                0x0000000000012d40                operator delete[](void*)
 .text          0x0000000000012d44        0x0 /home/olf/projects/circle/gcc-arm-9.2-2019.12-x86_64-arm-none-eabi/bin/../lib/gcc/arm-none-eabi/9.2.1/../../../../arm-none-eabi/lib/thumb/v7ve+simd/hard/libstdc++.a(eh_arm.o)
 .text.__cxa_end_cleanup
                0x0000000000012d44        0xc /home/olf/projects/circle/gcc-arm-9.2-2019.12-x86_64-arm-none-eabi/bin/../lib/gcc/arm-none-eabi/9.2.1/../../../../arm-none-eabi/lib/thumb/v7ve+simd/hard/libstdc++.a(eh_arm.o)
                0x0000000000012d44                __cxa_end_cleanup
 .text.__cxa_type_match
                0x0000000000012d50       0xc0 /home/olf/projects/circle/gcc-arm-9.2-2019.12-x86_64-arm-none-eabi/bin/../lib/gcc/arm-none-eabi/9.2.1/../../../../arm-none-eabi/lib/thumb/v7ve+simd/hard/libstdc++.a(eh_arm.o)
                0x0000000000012d50                __cxa_type_match
 .text.__cxa_begin_cleanup
                0x0000000000012e10       0x64 /home/olf/projects/circle/gcc-arm-9.2-2019.12-x86_64-arm-none-eabi/bin/../lib/gcc/arm-none-eabi/9.2.1/../../../../arm-none-eabi/lib/thumb/v7ve+simd/hard/libstdc++.a(eh_arm.o)
                0x0000000000012e10                __cxa_begin_cleanup
 .text.__gnu_end_cleanup
                0x0000000000012e74       0x70 /home/olf/projects/circle/gcc-arm-9.2-2019.12-x86_64-arm-none-eabi/bin/../lib/gcc/arm-none-eabi/9.2.1/../../../../arm-none-eabi/lib/thumb/v7ve+simd/hard/libstdc++.a(eh_arm.o)
                0x0000000000012e74                __gnu_end_cleanup
 .text          0x0000000000012ee4        0x0 /home/olf/projects/circle/gcc-arm-9.2-2019.12-x86_64-arm-none-eabi/bin/../lib/gcc/arm-none-eabi/9.2.1/../../../../arm-none-eabi/lib/thumb/v7ve+simd/hard/libstdc++.a(eh_aux_runtime.o)
 .text.unlikely.__cxa_bad_cast
                0x0000000000012ee4       0x24 /home/olf/projects/circle/gcc-arm-9.2-2019.12-x86_64-arm-none-eabi/bin/../lib/gcc/arm-none-eabi/9.2.1/../../../../arm-none-eabi/lib/thumb/v7ve+simd/hard/libstdc++.a(eh_aux_runtime.o)
                0x0000000000012ee4                __cxa_bad_cast
 .text.unlikely.__cxa_bad_typeid
                0x0000000000012f08       0x24 /home/olf/projects/circle/gcc-arm-9.2-2019.12-x86_64-arm-none-eabi/bin/../lib/gcc/arm-none-eabi/9.2.1/../../../../arm-none-eabi/lib/thumb/v7ve+simd/hard/libstdc++.a(eh_aux_runtime.o)
                0x0000000000012f08                __cxa_bad_typeid
 .text.unlikely.__cxa_throw_bad_array_new_length
                0x0000000000012f2c       0x24 /home/olf/projects/circle/gcc-arm-9.2-2019.12-x86_64-arm-none-eabi/bin/../lib/gcc/arm-none-eabi/9.2.1/../../../../arm-none-eabi/lib/thumb/v7ve+simd/hard/libstdc++.a(eh_aux_runtime.o)
                0x0000000000012f2c                __cxa_throw_bad_array_new_length
 .text          0x0000000000012f50        0x0 /home/olf/projects/circle/gcc-arm-9.2-2019.12-x86_64-arm-none-eabi/bin/../lib/gcc/arm-none-eabi/9.2.1/../../../../arm-none-eabi/lib/thumb/v7ve+simd/hard/libstdc++.a(eh_exception.o)
 .text._ZNSt9exceptionD2Ev
                0x0000000000012f50        0x4 /home/olf/projects/circle/gcc-arm-9.2-2019.12-x86_64-arm-none-eabi/bin/../lib/gcc/arm-none-eabi/9.2.1/../../../../arm-none-eabi/lib/thumb/v7ve+simd/hard/libstdc++.a(eh_exception.o)
                0x0000000000012f50                std::exception::~exception()
                0x0000000000012f50                std::exception::~exception()
 .text._ZNSt13bad_exceptionD2Ev
                0x0000000000012f54        0x4 /home/olf/projects/circle/gcc-arm-9.2-2019.12-x86_64-arm-none-eabi/bin/../lib/gcc/arm-none-eabi/9.2.1/../../../../arm-none-eabi/lib/thumb/v7ve+simd/hard/libstdc++.a(eh_exception.o)
                0x0000000000012f54                std::bad_exception::~bad_exception()
                0x0000000000012f54                std::bad_exception::~bad_exception()
 .text._ZNKSt9exception4whatEv
                0x0000000000012f58        0xc /home/olf/projects/circle/gcc-arm-9.2-2019.12-x86_64-arm-none-eabi/bin/../lib/gcc/arm-none-eabi/9.2.1/../../../../arm-none-eabi/lib/thumb/v7ve+simd/hard/libstdc++.a(eh_exception.o)
                0x0000000000012f58                transaction clone for std::exception::what() const
                0x0000000000012f58                std::exception::what() const
 .text._ZNKSt13bad_exception4whatEv
                0x0000000000012f64        0xc /home/olf/projects/circle/gcc-arm-9.2-2019.12-x86_64-arm-none-eabi/bin/../lib/gcc/arm-none-eabi/9.2.1/../../../../arm-none-eabi/lib/thumb/v7ve+simd/hard/libstdc++.a(eh_exception.o)
                0x0000000000012f64                transaction clone for std::bad_exception::what() const
                0x0000000000012f64                std::bad_exception::what() const
 .text._ZNSt9exceptionD0Ev
                0x0000000000012f70       0x10 /home/olf/projects/circle/gcc-arm-9.2-2019.12-x86_64-arm-none-eabi/bin/../lib/gcc/arm-none-eabi/9.2.1/../../../../arm-none-eabi/lib/thumb/v7ve+simd/hard/libstdc++.a(eh_exception.o)
                0x0000000000012f70                std::exception::~exception()
 .text._ZNSt13bad_exceptionD0Ev
                0x0000000000012f80       0x10 /home/olf/projects/circle/gcc-arm-9.2-2019.12-x86_64-arm-none-eabi/bin/../lib/gcc/arm-none-eabi/9.2.1/../../../../arm-none-eabi/lib/thumb/v7ve+simd/hard/libstdc++.a(eh_exception.o)
                0x0000000000012f80                std::bad_exception::~bad_exception()
 .text._ZN10__cxxabiv115__forced_unwindD2Ev
                0x0000000000012f90        0x4 /home/olf/projects/circle/gcc-arm-9.2-2019.12-x86_64-arm-none-eabi/bin/../lib/gcc/arm-none-eabi/9.2.1/../../../../arm-none-eabi/lib/thumb/v7ve+simd/hard/libstdc++.a(eh_exception.o)
                0x0000000000012f90                __cxxabiv1::__forced_unwind::~__forced_unwind()
                0x0000000000012f90                __cxxabiv1::__forced_unwind::~__forced_unwind()
 .text._ZN10__cxxabiv115__forced_unwindD0Ev
                0x0000000000012f94       0x10 /home/olf/projects/circle/gcc-arm-9.2-2019.12-x86_64-arm-none-eabi/bin/../lib/gcc/arm-none-eabi/9.2.1/../../../../arm-none-eabi/lib/thumb/v7ve+simd/hard/libstdc++.a(eh_exception.o)
                0x0000000000012f94                __cxxabiv1::__forced_unwind::~__forced_unwind()
 .text._ZN10__cxxabiv119__foreign_exceptionD2Ev
                0x0000000000012fa4        0x4 /home/olf/projects/circle/gcc-arm-9.2-2019.12-x86_64-arm-none-eabi/bin/../lib/gcc/arm-none-eabi/9.2.1/../../../../arm-none-eabi/lib/thumb/v7ve+simd/hard/libstdc++.a(eh_exception.o)
                0x0000000000012fa4                __cxxabiv1::__foreign_exception::~__foreign_exception()
                0x0000000000012fa4                __cxxabiv1::__foreign_exception::~__foreign_exception()
 .text._ZN10__cxxabiv119__foreign_exceptionD0Ev
                0x0000000000012fa8       0x10 /home/olf/projects/circle/gcc-arm-9.2-2019.12-x86_64-arm-none-eabi/bin/../lib/gcc/arm-none-eabi/9.2.1/../../../../arm-none-eabi/lib/thumb/v7ve+simd/hard/libstdc++.a(eh_exception.o)
                0x0000000000012fa8                __cxxabiv1::__foreign_exception::~__foreign_exception()
 .text._ZGTtNKSt9exceptionD1Ev
                0x0000000000012fb8        0x4 /home/olf/projects/circle/gcc-arm-9.2-2019.12-x86_64-arm-none-eabi/bin/../lib/gcc/arm-none-eabi/9.2.1/../../../../arm-none-eabi/lib/thumb/v7ve+simd/hard/libstdc++.a(eh_exception.o)
                0x0000000000012fb8                transaction clone for std::exception::~exception() const
 .text._ZGTtNKSt13bad_exceptionD1Ev
                0x0000000000012fbc        0x4 /home/olf/projects/circle/gcc-arm-9.2-2019.12-x86_64-arm-none-eabi/bin/../lib/gcc/arm-none-eabi/9.2.1/../../../../arm-none-eabi/lib/thumb/v7ve+simd/hard/libstdc++.a(eh_exception.o)
                0x0000000000012fbc                transaction clone for std::bad_exception::~bad_exception() const
 .text          0x0000000000012fc0        0x0 /home/olf/projects/circle/gcc-arm-9.2-2019.12-x86_64-arm-none-eabi/bin/../lib/gcc/arm-none-eabi/9.2.1/../../../../arm-none-eabi/lib/thumb/v7ve+simd/hard/libstdc++.a(eh_globals.o)
 .text.__cxa_get_globals_fast
                0x0000000000012fc0        0xc /home/olf/projects/circle/gcc-arm-9.2-2019.12-x86_64-arm-none-eabi/bin/../lib/gcc/arm-none-eabi/9.2.1/../../../../arm-none-eabi/lib/thumb/v7ve+simd/hard/libstdc++.a(eh_globals.o)
                0x0000000000012fc0                __cxa_get_globals_fast
 .text.__cxa_get_globals
                0x0000000000012fcc        0xc /home/olf/projects/circle/gcc-arm-9.2-2019.12-x86_64-arm-none-eabi/bin/../lib/gcc/arm-none-eabi/9.2.1/../../../../arm-none-eabi/lib/thumb/v7ve+simd/hard/libstdc++.a(eh_globals.o)
                0x0000000000012fcc                __cxa_get_globals
 .text          0x0000000000012fd8        0x0 /home/olf/projects/circle/gcc-arm-9.2-2019.12-x86_64-arm-none-eabi/bin/../lib/gcc/arm-none-eabi/9.2.1/../../../../arm-none-eabi/lib/thumb/v7ve+simd/hard/libstdc++.a(eh_personality.o)
 .text._ZL28read_encoded_value_with_basehjPKhPj
                0x0000000000012fd8       0xc8 /home/olf/projects/circle/gcc-arm-9.2-2019.12-x86_64-arm-none-eabi/bin/../lib/gcc/arm-none-eabi/9.2.1/../../../../arm-none-eabi/lib/thumb/v7ve+simd/hard/libstdc++.a(eh_personality.o)
 .text._ZL21base_of_encoded_valuehP15_Unwind_Context
                0x00000000000130a0       0x48 /home/olf/projects/circle/gcc-arm-9.2-2019.12-x86_64-arm-none-eabi/bin/../lib/gcc/arm-none-eabi/9.2.1/../../../../arm-none-eabi/lib/thumb/v7ve+simd/hard/libstdc++.a(eh_personality.o)
 .text._ZL17parse_lsda_headerP15_Unwind_ContextPKhP16lsda_header_info
                0x00000000000130e8       0x8c /home/olf/projects/circle/gcc-arm-9.2-2019.12-x86_64-arm-none-eabi/bin/../lib/gcc/arm-none-eabi/9.2.1/../../../../arm-none-eabi/lib/thumb/v7ve+simd/hard/libstdc++.a(eh_personality.o)
 .text.__gxx_personality_v0
                0x0000000000013174      0x4c4 /home/olf/projects/circle/gcc-arm-9.2-2019.12-x86_64-arm-none-eabi/bin/../lib/gcc/arm-none-eabi/9.2.1/../../../../arm-none-eabi/lib/thumb/v7ve+simd/hard/libstdc++.a(eh_personality.o)
                0x0000000000013174                __gxx_personality_v0
 .text          0x0000000000013638        0x0 /home/olf/projects/circle/gcc-arm-9.2-2019.12-x86_64-arm-none-eabi/bin/../lib/gcc/arm-none-eabi/9.2.1/../../../../arm-none-eabi/lib/thumb/v7ve+simd/hard/libstdc++.a(eh_terminate.o)
 .text._ZN10__cxxabiv111__terminateEPFvvE
                0x0000000000013638       0x28 /home/olf/projects/circle/gcc-arm-9.2-2019.12-x86_64-arm-none-eabi/bin/../lib/gcc/arm-none-eabi/9.2.1/../../../../arm-none-eabi/lib/thumb/v7ve+simd/hard/libstdc++.a(eh_terminate.o)
                0x0000000000013638                __cxxabiv1::__terminate(void (*)())
 .text._ZSt9terminatev
                0x0000000000013660       0x14 /home/olf/projects/circle/gcc-arm-9.2-2019.12-x86_64-arm-none-eabi/bin/../lib/gcc/arm-none-eabi/9.2.1/../../../../arm-none-eabi/lib/thumb/v7ve+simd/hard/libstdc++.a(eh_terminate.o)
                0x0000000000013660                std::terminate()
 .text._ZN10__cxxabiv112__unexpectedEPFvvE
                0x0000000000013674        0x8 /home/olf/projects/circle/gcc-arm-9.2-2019.12-x86_64-arm-none-eabi/bin/../lib/gcc/arm-none-eabi/9.2.1/../../../../arm-none-eabi/lib/thumb/v7ve+simd/hard/libstdc++.a(eh_terminate.o)
                0x0000000000013674                __cxxabiv1::__unexpected(void (*)())
 .text._ZSt10unexpectedv
                0x000000000001367c       0x14 /home/olf/projects/circle/gcc-arm-9.2-2019.12-x86_64-arm-none-eabi/bin/../lib/gcc/arm-none-eabi/9.2.1/../../../../arm-none-eabi/lib/thumb/v7ve+simd/hard/libstdc++.a(eh_terminate.o)
                0x000000000001367c                std::unexpected()
 .text._ZSt13set_terminatePFvvE
                0x0000000000013690       0x30 /home/olf/projects/circle/gcc-arm-9.2-2019.12-x86_64-arm-none-eabi/bin/../lib/gcc/arm-none-eabi/9.2.1/../../../../arm-none-eabi/lib/thumb/v7ve+simd/hard/libstdc++.a(eh_terminate.o)
                0x0000000000013690                std::set_terminate(void (*)())
 .text._ZSt13get_terminatev
                0x00000000000136c0       0x10 /home/olf/projects/circle/gcc-arm-9.2-2019.12-x86_64-arm-none-eabi/bin/../lib/gcc/arm-none-eabi/9.2.1/../../../../arm-none-eabi/lib/thumb/v7ve+simd/hard/libstdc++.a(eh_terminate.o)
                0x00000000000136c0                std::get_terminate()
 .text._ZSt14set_unexpectedPFvvE
                0x00000000000136d0       0x30 /home/olf/projects/circle/gcc-arm-9.2-2019.12-x86_64-arm-none-eabi/bin/../lib/gcc/arm-none-eabi/9.2.1/../../../../arm-none-eabi/lib/thumb/v7ve+simd/hard/libstdc++.a(eh_terminate.o)
                0x00000000000136d0                std::set_unexpected(void (*)())
 .text._ZSt14get_unexpectedv
                0x0000000000013700       0x10 /home/olf/projects/circle/gcc-arm-9.2-2019.12-x86_64-arm-none-eabi/bin/../lib/gcc/arm-none-eabi/9.2.1/../../../../arm-none-eabi/lib/thumb/v7ve+simd/hard/libstdc++.a(eh_terminate.o)
                0x0000000000013700                std::get_unexpected()
 .text          0x0000000000013710        0x0 /home/olf/projects/circle/gcc-arm-9.2-2019.12-x86_64-arm-none-eabi/bin/../lib/gcc/arm-none-eabi/9.2.1/../../../../arm-none-eabi/lib/thumb/v7ve+simd/hard/libstdc++.a(eh_throw.o)
 .text._ZL23__gxx_exception_cleanup19_Unwind_Reason_CodeP21_Unwind_Control_Block
                0x0000000000013710       0x44 /home/olf/projects/circle/gcc-arm-9.2-2019.12-x86_64-arm-none-eabi/bin/../lib/gcc/arm-none-eabi/9.2.1/../../../../arm-none-eabi/lib/thumb/v7ve+simd/hard/libstdc++.a(eh_throw.o)
 .text.__cxa_init_primary_exception
                0x0000000000013754       0x60 /home/olf/projects/circle/gcc-arm-9.2-2019.12-x86_64-arm-none-eabi/bin/../lib/gcc/arm-none-eabi/9.2.1/../../../../arm-none-eabi/lib/thumb/v7ve+simd/hard/libstdc++.a(eh_throw.o)
                0x0000000000013754                __cxa_init_primary_exception
 .text.__cxa_throw
                0x00000000000137b4       0x38 /home/olf/projects/circle/gcc-arm-9.2-2019.12-x86_64-arm-none-eabi/bin/../lib/gcc/arm-none-eabi/9.2.1/../../../../arm-none-eabi/lib/thumb/v7ve+simd/hard/libstdc++.a(eh_throw.o)
                0x00000000000137b4                __cxa_throw
 .text.__cxa_rethrow
                0x00000000000137ec       0x70 /home/olf/projects/circle/gcc-arm-9.2-2019.12-x86_64-arm-none-eabi/bin/../lib/gcc/arm-none-eabi/9.2.1/../../../../arm-none-eabi/lib/thumb/v7ve+simd/hard/libstdc++.a(eh_throw.o)
                0x00000000000137ec                __cxa_rethrow
 .text          0x000000000001385c        0x0 /home/olf/projects/circle/gcc-arm-9.2-2019.12-x86_64-arm-none-eabi/bin/../lib/gcc/arm-none-eabi/9.2.1/../../../../arm-none-eabi/lib/thumb/v7ve+simd/hard/libstdc++.a(eh_unex_handler.o)
 .text          0x000000000001385c        0x0 /home/olf/projects/circle/gcc-arm-9.2-2019.12-x86_64-arm-none-eabi/bin/../lib/gcc/arm-none-eabi/9.2.1/../../../../arm-none-eabi/lib/thumb/v7ve+simd/hard/libstdc++.a(new_op.o)
 .text._Znwj    0x000000000001385c       0x40 /home/olf/projects/circle/gcc-arm-9.2-2019.12-x86_64-arm-none-eabi/bin/../lib/gcc/arm-none-eabi/9.2.1/../../../../arm-none-eabi/lib/thumb/v7ve+simd/hard/libstdc++.a(new_op.o)
                0x000000000001385c                operator new(unsigned int)
 .text          0x000000000001389c        0x0 /home/olf/projects/circle/gcc-arm-9.2-2019.12-x86_64-arm-none-eabi/bin/../lib/gcc/arm-none-eabi/9.2.1/../../../../arm-none-eabi/lib/thumb/v7ve+simd/hard/libstdc++.a(new_opv.o)
 .text._Znaj    0x000000000001389c        0x4 /home/olf/projects/circle/gcc-arm-9.2-2019.12-x86_64-arm-none-eabi/bin/../lib/gcc/arm-none-eabi/9.2.1/../../../../arm-none-eabi/lib/thumb/v7ve+simd/hard/libstdc++.a(new_opv.o)
                0x000000000001389c                operator new[](unsigned int)
 .text          0x00000000000138a0        0x0 /home/olf/projects/circle/gcc-arm-9.2-2019.12-x86_64-arm-none-eabi/bin/../lib/gcc/arm-none-eabi/9.2.1/../../../../arm-none-eabi/lib/thumb/v7ve+simd/hard/libstdc++.a(pure.o)
 .text.__cxa_pure_virtual
                0x00000000000138a0       0x18 /home/olf/projects/circle/gcc-arm-9.2-2019.12-x86_64-arm-none-eabi/bin/../lib/gcc/arm-none-eabi/9.2.1/../../../../arm-none-eabi/lib/thumb/v7ve+simd/hard/libstdc++.a(pure.o)
                0x00000000000138a0                __cxa_pure_virtual
 .text.__cxa_deleted_virtual
                0x00000000000138b8       0x18 /home/olf/projects/circle/gcc-arm-9.2-2019.12-x86_64-arm-none-eabi/bin/../lib/gcc/arm-none-eabi/9.2.1/../../../../arm-none-eabi/lib/thumb/v7ve+simd/hard/libstdc++.a(pure.o)
                0x00000000000138b8                __cxa_deleted_virtual
 .text          0x00000000000138d0        0x0 /home/olf/projects/circle/gcc-arm-9.2-2019.12-x86_64-arm-none-eabi/bin/../lib/gcc/arm-none-eabi/9.2.1/../../../../arm-none-eabi/lib/thumb/v7ve+simd/hard/libstdc++.a(si_class_type_info.o)
 .text._ZN10__cxxabiv120__si_class_type_infoD2Ev
                0x00000000000138d0       0x14 /home/olf/projects/circle/gcc-arm-9.2-2019.12-x86_64-arm-none-eabi/bin/../lib/gcc/arm-none-eabi/9.2.1/../../../../arm-none-eabi/lib/thumb/v7ve+simd/hard/libstdc++.a(si_class_type_info.o)
                0x00000000000138d0                __cxxabiv1::__si_class_type_info::~__si_class_type_info()
                0x00000000000138d0                __cxxabiv1::__si_class_type_info::~__si_class_type_info()
 .text._ZN10__cxxabiv120__si_class_type_infoD0Ev
                0x00000000000138e4       0x1c /home/olf/projects/circle/gcc-arm-9.2-2019.12-x86_64-arm-none-eabi/bin/../lib/gcc/arm-none-eabi/9.2.1/../../../../arm-none-eabi/lib/thumb/v7ve+simd/hard/libstdc++.a(si_class_type_info.o)
                0x00000000000138e4                __cxxabiv1::__si_class_type_info::~__si_class_type_info()
 .text._ZNK10__cxxabiv120__si_class_type_info20__do_find_public_srcEiPKvPKNS_17__class_type_infoES2_
                0x0000000000013900       0x3c /home/olf/projects/circle/gcc-arm-9.2-2019.12-x86_64-arm-none-eabi/bin/../lib/gcc/arm-none-eabi/9.2.1/../../../../arm-none-eabi/lib/thumb/v7ve+simd/hard/libstdc++.a(si_class_type_info.o)
                0x0000000000013900                __cxxabiv1::__si_class_type_info::__do_find_public_src(int, void const*, __cxxabiv1::__class_type_info const*, void const*) const
 .text._ZNK10__cxxabiv120__si_class_type_info12__do_dyncastEiNS_17__class_type_info10__sub_kindEPKS1_PKvS4_S6_RNS1_16__dyncast_resultE
                0x000000000001393c       0x8c /home/olf/projects/circle/gcc-arm-9.2-2019.12-x86_64-arm-none-eabi/bin/../lib/gcc/arm-none-eabi/9.2.1/../../../../arm-none-eabi/lib/thumb/v7ve+simd/hard/libstdc++.a(si_class_type_info.o)
                0x000000000001393c                __cxxabiv1::__si_class_type_info::__do_dyncast(int, __cxxabiv1::__class_type_info::__sub_kind, __cxxabiv1::__class_type_info const*, void const*, __cxxabiv1::__class_type_info const*, void const*, __cxxabiv1::__class_type_info::__dyncast_result&) const
 .text._ZNK10__cxxabiv120__si_class_type_info11__do_upcastEPKNS_17__class_type_infoEPKvRNS1_15__upcast_resultE
                0x00000000000139c8       0x2c /home/olf/projects/circle/gcc-arm-9.2-2019.12-x86_64-arm-none-eabi/bin/../lib/gcc/arm-none-eabi/9.2.1/../../../../arm-none-eabi/lib/thumb/v7ve+simd/hard/libstdc++.a(si_class_type_info.o)
                0x00000000000139c8                __cxxabiv1::__si_class_type_info::__do_upcast(__cxxabiv1::__class_type_info const*, void const*, __cxxabiv1::__class_type_info::__upcast_result&) const
 .text          0x00000000000139f4        0x0 /home/olf/projects/circle/gcc-arm-9.2-2019.12-x86_64-arm-none-eabi/bin/../lib/gcc/arm-none-eabi/9.2.1/../../../../arm-none-eabi/lib/thumb/v7ve+simd/hard/libstdc++.a(tinfo.o)
 .text._ZNSt9type_infoD2Ev
                0x00000000000139f4        0x4 /home/olf/projects/circle/gcc-arm-9.2-2019.12-x86_64-arm-none-eabi/bin/../lib/gcc/arm-none-eabi/9.2.1/../../../../arm-none-eabi/lib/thumb/v7ve+simd/hard/libstdc++.a(tinfo.o)
                0x00000000000139f4                std::type_info::~type_info()
                0x00000000000139f4                std::type_info::~type_info()
 .text._ZNKSt9type_info14__is_pointer_pEv
                0x00000000000139f8        0x4 /home/olf/projects/circle/gcc-arm-9.2-2019.12-x86_64-arm-none-eabi/bin/../lib/gcc/arm-none-eabi/9.2.1/../../../../arm-none-eabi/lib/thumb/v7ve+simd/hard/libstdc++.a(tinfo.o)
                0x00000000000139f8                std::type_info::__is_function_p() const
                0x00000000000139f8                std::type_info::__is_pointer_p() const
 .text._ZNKSt9type_info11__do_upcastEPKN10__cxxabiv117__class_type_infoEPPv
                0x00000000000139fc        0x4 /home/olf/projects/circle/gcc-arm-9.2-2019.12-x86_64-arm-none-eabi/bin/../lib/gcc/arm-none-eabi/9.2.1/../../../../arm-none-eabi/lib/thumb/v7ve+simd/hard/libstdc++.a(tinfo.o)
                0x00000000000139fc                std::type_info::__do_upcast(__cxxabiv1::__class_type_info const*, void**) const
 .text._ZNSt9type_infoD0Ev
                0x0000000000013a00       0x10 /home/olf/projects/circle/gcc-arm-9.2-2019.12-x86_64-arm-none-eabi/bin/../lib/gcc/arm-none-eabi/9.2.1/../../../../arm-none-eabi/lib/thumb/v7ve+simd/hard/libstdc++.a(tinfo.o)
                0x0000000000013a00                std::type_info::~type_info()
 .text._ZNKSt9type_infoeqERKS_
                0x0000000000013a10       0x2c /home/olf/projects/circle/gcc-arm-9.2-2019.12-x86_64-arm-none-eabi/bin/../lib/gcc/arm-none-eabi/9.2.1/../../../../arm-none-eabi/lib/thumb/v7ve+simd/hard/libstdc++.a(tinfo.o)
                0x0000000000013a10                std::type_info::operator==(std::type_info const&) const
 .text._ZNKSt9type_info10__do_catchEPKS_PPvj
                0x0000000000013a3c        0x4 /home/olf/projects/circle/gcc-arm-9.2-2019.12-x86_64-arm-none-eabi/bin/../lib/gcc/arm-none-eabi/9.2.1/../../../../arm-none-eabi/lib/thumb/v7ve+simd/hard/libstdc++.a(tinfo.o)
                0x0000000000013a3c                std::type_info::__do_catch(std::type_info const*, void**, unsigned int) const
 .text          0x0000000000013a40        0x0 /home/olf/projects/circle/gcc-arm-9.2-2019.12-x86_64-arm-none-eabi/bin/../lib/gcc/arm-none-eabi/9.2.1/../../../../arm-none-eabi/lib/thumb/v7ve+simd/hard/libstdc++.a(vterminate.o)
 .text._ZN9__gnu_cxx27__verbose_terminate_handlerEv
                0x0000000000013a40      0x128 /home/olf/projects/circle/gcc-arm-9.2-2019.12-x86_64-arm-none-eabi/bin/../lib/gcc/arm-none-eabi/9.2.1/../../../../arm-none-eabi/lib/thumb/v7ve+simd/hard/libstdc++.a(vterminate.o)
                0x0000000000013a40                __gnu_cxx::__verbose_terminate_handler()
 .text          0x0000000000013b68        0x0 /home/olf/projects/circle/gcc-arm-9.2-2019.12-x86_64-arm-none-eabi/bin/../lib/gcc/arm-none-eabi/9.2.1/../../../../arm-none-eabi/lib/thumb/v7ve+simd/hard/libstdc++.a(bad_alloc.o)
 .text._ZNKSt9bad_alloc4whatEv
                0x0000000000013b68        0xc /home/olf/projects/circle/gcc-arm-9.2-2019.12-x86_64-arm-none-eabi/bin/../lib/gcc/arm-none-eabi/9.2.1/../../../../arm-none-eabi/lib/thumb/v7ve+simd/hard/libstdc++.a(bad_alloc.o)
                0x0000000000013b68                std::bad_alloc::what() const
 .text._ZNSt9bad_allocD2Ev
                0x0000000000013b74       0x14 /home/olf/projects/circle/gcc-arm-9.2-2019.12-x86_64-arm-none-eabi/bin/../lib/gcc/arm-none-eabi/9.2.1/../../../../arm-none-eabi/lib/thumb/v7ve+simd/hard/libstdc++.a(bad_alloc.o)
                0x0000000000013b74                std::bad_alloc::~bad_alloc()
                0x0000000000013b74                std::bad_alloc::~bad_alloc()
 .text._ZNSt9bad_allocD0Ev
                0x0000000000013b88       0x1c /home/olf/projects/circle/gcc-arm-9.2-2019.12-x86_64-arm-none-eabi/bin/../lib/gcc/arm-none-eabi/9.2.1/../../../../arm-none-eabi/lib/thumb/v7ve+simd/hard/libstdc++.a(bad_alloc.o)
                0x0000000000013b88                std::bad_alloc::~bad_alloc()
 .text          0x0000000000013ba4        0x0 /home/olf/projects/circle/gcc-arm-9.2-2019.12-x86_64-arm-none-eabi/bin/../lib/gcc/arm-none-eabi/9.2.1/../../../../arm-none-eabi/lib/thumb/v7ve+simd/hard/libstdc++.a(bad_array_new.o)
 .text._ZNKSt20bad_array_new_length4whatEv
                0x0000000000013ba4        0xc /home/olf/projects/circle/gcc-arm-9.2-2019.12-x86_64-arm-none-eabi/bin/../lib/gcc/arm-none-eabi/9.2.1/../../../../arm-none-eabi/lib/thumb/v7ve+simd/hard/libstdc++.a(bad_array_new.o)
                0x0000000000013ba4                std::bad_array_new_length::what() const
 .text._ZNSt20bad_array_new_lengthD2Ev
                0x0000000000013bb0       0x14 /home/olf/projects/circle/gcc-arm-9.2-2019.12-x86_64-arm-none-eabi/bin/../lib/gcc/arm-none-eabi/9.2.1/../../../../arm-none-eabi/lib/thumb/v7ve+simd/hard/libstdc++.a(bad_array_new.o)
                0x0000000000013bb0                std::bad_array_new_length::~bad_array_new_length()
                0x0000000000013bb0                std::bad_array_new_length::~bad_array_new_length()
 .text._ZNSt20bad_array_new_lengthD0Ev
                0x0000000000013bc4       0x1c /home/olf/projects/circle/gcc-arm-9.2-2019.12-x86_64-arm-none-eabi/bin/../lib/gcc/arm-none-eabi/9.2.1/../../../../arm-none-eabi/lib/thumb/v7ve+simd/hard/libstdc++.a(bad_array_new.o)
                0x0000000000013bc4                std::bad_array_new_length::~bad_array_new_length()
 .text          0x0000000000013be0        0x0 /home/olf/projects/circle/gcc-arm-9.2-2019.12-x86_64-arm-none-eabi/bin/../lib/gcc/arm-none-eabi/9.2.1/../../../../arm-none-eabi/lib/thumb/v7ve+simd/hard/libstdc++.a(bad_cast.o)
 .text._ZNKSt8bad_cast4whatEv
                0x0000000000013be0        0xc /home/olf/projects/circle/gcc-arm-9.2-2019.12-x86_64-arm-none-eabi/bin/../lib/gcc/arm-none-eabi/9.2.1/../../../../arm-none-eabi/lib/thumb/v7ve+simd/hard/libstdc++.a(bad_cast.o)
                0x0000000000013be0                std::bad_cast::what() const
 .text._ZNSt8bad_castD2Ev
                0x0000000000013bec       0x14 /home/olf/projects/circle/gcc-arm-9.2-2019.12-x86_64-arm-none-eabi/bin/../lib/gcc/arm-none-eabi/9.2.1/../../../../arm-none-eabi/lib/thumb/v7ve+simd/hard/libstdc++.a(bad_cast.o)
                0x0000000000013bec                std::bad_cast::~bad_cast()
                0x0000000000013bec                std::bad_cast::~bad_cast()
 .text._ZNSt8bad_castD0Ev
                0x0000000000013c00       0x1c /home/olf/projects/circle/gcc-arm-9.2-2019.12-x86_64-arm-none-eabi/bin/../lib/gcc/arm-none-eabi/9.2.1/../../../../arm-none-eabi/lib/thumb/v7ve+simd/hard/libstdc++.a(bad_cast.o)
                0x0000000000013c00                std::bad_cast::~bad_cast()
 .text          0x0000000000013c1c        0x0 /home/olf/projects/circle/gcc-arm-9.2-2019.12-x86_64-arm-none-eabi/bin/../lib/gcc/arm-none-eabi/9.2.1/../../../../arm-none-eabi/lib/thumb/v7ve+simd/hard/libstdc++.a(bad_typeid.o)
 .text._ZNKSt10bad_typeid4whatEv
                0x0000000000013c1c        0xc /home/olf/projects/circle/gcc-arm-9.2-2019.12-x86_64-arm-none-eabi/bin/../lib/gcc/arm-none-eabi/9.2.1/../../../../arm-none-eabi/lib/thumb/v7ve+simd/hard/libstdc++.a(bad_typeid.o)
                0x0000000000013c1c                std::bad_typeid::what() const
 .text._ZNSt10bad_typeidD2Ev
                0x0000000000013c28       0x14 /home/olf/projects/circle/gcc-arm-9.2-2019.12-x86_64-arm-none-eabi/bin/../lib/gcc/arm-none-eabi/9.2.1/../../../../arm-none-eabi/lib/thumb/v7ve+simd/hard/libstdc++.a(bad_typeid.o)
                0x0000000000013c28                std::bad_typeid::~bad_typeid()
                0x0000000000013c28                std::bad_typeid::~bad_typeid()
 .text._ZNSt10bad_typeidD0Ev
                0x0000000000013c3c       0x1c /home/olf/projects/circle/gcc-arm-9.2-2019.12-x86_64-arm-none-eabi/bin/../lib/gcc/arm-none-eabi/9.2.1/../../../../arm-none-eabi/lib/thumb/v7ve+simd/hard/libstdc++.a(bad_typeid.o)
                0x0000000000013c3c                std::bad_typeid::~bad_typeid()
 .text          0x0000000000013c58        0x0 /home/olf/projects/circle/gcc-arm-9.2-2019.12-x86_64-arm-none-eabi/bin/../lib/gcc/arm-none-eabi/9.2.1/../../../../arm-none-eabi/lib/thumb/v7ve+simd/hard/libstdc++.a(cp-demangle.o)
 .text.d_make_comp
                0x0000000000013c58       0x98 /home/olf/projects/circle/gcc-arm-9.2-2019.12-x86_64-arm-none-eabi/bin/../lib/gcc/arm-none-eabi/9.2.1/../../../../arm-none-eabi/lib/thumb/v7ve+simd/hard/libstdc++.a(cp-demangle.o)
 .text.d_ref_qualifier
                0x0000000000013cf0       0x38 /home/olf/projects/circle/gcc-arm-9.2-2019.12-x86_64-arm-none-eabi/bin/../lib/gcc/arm-none-eabi/9.2.1/../../../../arm-none-eabi/lib/thumb/v7ve+simd/hard/libstdc++.a(cp-demangle.o)
 .text.d_count_templates_scopes
                0x0000000000013d28       0xd0 /home/olf/projects/circle/gcc-arm-9.2-2019.12-x86_64-arm-none-eabi/bin/../lib/gcc/arm-none-eabi/9.2.1/../../../../arm-none-eabi/lib/thumb/v7ve+simd/hard/libstdc++.a(cp-demangle.o)
 .text.d_append_buffer
                0x0000000000013df8       0x58 /home/olf/projects/circle/gcc-arm-9.2-2019.12-x86_64-arm-none-eabi/bin/../lib/gcc/arm-none-eabi/9.2.1/../../../../arm-none-eabi/lib/thumb/v7ve+simd/hard/libstdc++.a(cp-demangle.o)
 .text.d_number.isra.0
                0x0000000000013e50       0x84 /home/olf/projects/circle/gcc-arm-9.2-2019.12-x86_64-arm-none-eabi/bin/../lib/gcc/arm-none-eabi/9.2.1/../../../../arm-none-eabi/lib/thumb/v7ve+simd/hard/libstdc++.a(cp-demangle.o)
 .text.d_number_component
                0x0000000000013ed4       0x30 /home/olf/projects/circle/gcc-arm-9.2-2019.12-x86_64-arm-none-eabi/bin/../lib/gcc/arm-none-eabi/9.2.1/../../../../arm-none-eabi/lib/thumb/v7ve+simd/hard/libstdc++.a(cp-demangle.o)
 .text.d_compact_number
                0x0000000000013f04       0x34 /home/olf/projects/circle/gcc-arm-9.2-2019.12-x86_64-arm-none-eabi/bin/../lib/gcc/arm-none-eabi/9.2.1/../../../../arm-none-eabi/lib/thumb/v7ve+simd/hard/libstdc++.a(cp-demangle.o)
 .text.d_template_param
                0x0000000000013f38       0x3c /home/olf/projects/circle/gcc-arm-9.2-2019.12-x86_64-arm-none-eabi/bin/../lib/gcc/arm-none-eabi/9.2.1/../../../../arm-none-eabi/lib/thumb/v7ve+simd/hard/libstdc++.a(cp-demangle.o)
 .text.d_source_name
                0x0000000000013f74       0xdc /home/olf/projects/circle/gcc-arm-9.2-2019.12-x86_64-arm-none-eabi/bin/../lib/gcc/arm-none-eabi/9.2.1/../../../../arm-none-eabi/lib/thumb/v7ve+simd/hard/libstdc++.a(cp-demangle.o)
 .text.d_abi_tags
                0x0000000000014050       0x38 /home/olf/projects/circle/gcc-arm-9.2-2019.12-x86_64-arm-none-eabi/bin/../lib/gcc/arm-none-eabi/9.2.1/../../../../arm-none-eabi/lib/thumb/v7ve+simd/hard/libstdc++.a(cp-demangle.o)
 .text.d_substitution
                0x0000000000014088      0x170 /home/olf/projects/circle/gcc-arm-9.2-2019.12-x86_64-arm-none-eabi/bin/../lib/gcc/arm-none-eabi/9.2.1/../../../../arm-none-eabi/lib/thumb/v7ve+simd/hard/libstdc++.a(cp-demangle.o)
 .text.d_call_offset
                0x00000000000141f8       0x54 /home/olf/projects/circle/gcc-arm-9.2-2019.12-x86_64-arm-none-eabi/bin/../lib/gcc/arm-none-eabi/9.2.1/../../../../arm-none-eabi/lib/thumb/v7ve+simd/hard/libstdc++.a(cp-demangle.o)
 .text.next_is_type_qual.isra.0
                0x000000000001424c       0x3c /home/olf/projects/circle/gcc-arm-9.2-2019.12-x86_64-arm-none-eabi/bin/../lib/gcc/arm-none-eabi/9.2.1/../../../../arm-none-eabi/lib/thumb/v7ve+simd/hard/libstdc++.a(cp-demangle.o)
 .text.d_discriminator
                0x0000000000014288       0x50 /home/olf/projects/circle/gcc-arm-9.2-2019.12-x86_64-arm-none-eabi/bin/../lib/gcc/arm-none-eabi/9.2.1/../../../../arm-none-eabi/lib/thumb/v7ve+simd/hard/libstdc++.a(cp-demangle.o)
 .text.d_index_template_argument.part.0
                0x00000000000142d8       0x24 /home/olf/projects/circle/gcc-arm-9.2-2019.12-x86_64-arm-none-eabi/bin/../lib/gcc/arm-none-eabi/9.2.1/../../../../arm-none-eabi/lib/thumb/v7ve+simd/hard/libstdc++.a(cp-demangle.o)
 .text.d_lookup_template_argument.isra.0
                0x00000000000142fc       0x20 /home/olf/projects/circle/gcc-arm-9.2-2019.12-x86_64-arm-none-eabi/bin/../lib/gcc/arm-none-eabi/9.2.1/../../../../arm-none-eabi/lib/thumb/v7ve+simd/hard/libstdc++.a(cp-demangle.o)
 .text.d_find_pack
                0x000000000001431c       0x90 /home/olf/projects/circle/gcc-arm-9.2-2019.12-x86_64-arm-none-eabi/bin/../lib/gcc/arm-none-eabi/9.2.1/../../../../arm-none-eabi/lib/thumb/v7ve+simd/hard/libstdc++.a(cp-demangle.o)
 .text.d_growable_string_callback_adapter
                0x00000000000143ac       0x78 /home/olf/projects/circle/gcc-arm-9.2-2019.12-x86_64-arm-none-eabi/bin/../lib/gcc/arm-none-eabi/9.2.1/../../../../arm-none-eabi/lib/thumb/v7ve+simd/hard/libstdc++.a(cp-demangle.o)
 .text.d_exprlist
                0x0000000000014424      0x4e4 /home/olf/projects/circle/gcc-arm-9.2-2019.12-x86_64-arm-none-eabi/bin/../lib/gcc/arm-none-eabi/9.2.1/../../../../arm-none-eabi/lib/thumb/v7ve+simd/hard/libstdc++.a(cp-demangle.o)
 .text.d_expression_1
                0x0000000000014908      0x410 /home/olf/projects/circle/gcc-arm-9.2-2019.12-x86_64-arm-none-eabi/bin/../lib/gcc/arm-none-eabi/9.2.1/../../../../arm-none-eabi/lib/thumb/v7ve+simd/hard/libstdc++.a(cp-demangle.o)
 .text.d_template_arg
                0x0000000000014d18       0x54 /home/olf/projects/circle/gcc-arm-9.2-2019.12-x86_64-arm-none-eabi/bin/../lib/gcc/arm-none-eabi/9.2.1/../../../../arm-none-eabi/lib/thumb/v7ve+simd/hard/libstdc++.a(cp-demangle.o)
 .text.d_template_args_1
                0x0000000000014d6c       0x68 /home/olf/projects/circle/gcc-arm-9.2-2019.12-x86_64-arm-none-eabi/bin/../lib/gcc/arm-none-eabi/9.2.1/../../../../arm-none-eabi/lib/thumb/v7ve+simd/hard/libstdc++.a(cp-demangle.o)
 .text.d_template_args
                0x0000000000014dd4       0x18 /home/olf/projects/circle/gcc-arm-9.2-2019.12-x86_64-arm-none-eabi/bin/../lib/gcc/arm-none-eabi/9.2.1/../../../../arm-none-eabi/lib/thumb/v7ve+simd/hard/libstdc++.a(cp-demangle.o)
 .text.d_encoding
                0x0000000000014dec      0x598 /home/olf/projects/circle/gcc-arm-9.2-2019.12-x86_64-arm-none-eabi/bin/../lib/gcc/arm-none-eabi/9.2.1/../../../../arm-none-eabi/lib/thumb/v7ve+simd/hard/libstdc++.a(cp-demangle.o)
 .text.d_name   0x0000000000015384      0x378 /home/olf/projects/circle/gcc-arm-9.2-2019.12-x86_64-arm-none-eabi/bin/../lib/gcc/arm-none-eabi/9.2.1/../../../../arm-none-eabi/lib/thumb/v7ve+simd/hard/libstdc++.a(cp-demangle.o)
 .text.d_type   0x00000000000156fc      0x7e4 /home/olf/projects/circle/gcc-arm-9.2-2019.12-x86_64-arm-none-eabi/bin/../lib/gcc/arm-none-eabi/9.2.1/../../../../arm-none-eabi/lib/thumb/v7ve+simd/hard/libstdc++.a(cp-demangle.o)
 .text.d_operator_name
                0x0000000000015ee0       0xf8 /home/olf/projects/circle/gcc-arm-9.2-2019.12-x86_64-arm-none-eabi/bin/../lib/gcc/arm-none-eabi/9.2.1/../../../../arm-none-eabi/lib/thumb/v7ve+simd/hard/libstdc++.a(cp-demangle.o)
 .text.d_parmlist
                0x0000000000015fd8       0xa0 /home/olf/projects/circle/gcc-arm-9.2-2019.12-x86_64-arm-none-eabi/bin/../lib/gcc/arm-none-eabi/9.2.1/../../../../arm-none-eabi/lib/thumb/v7ve+simd/hard/libstdc++.a(cp-demangle.o)
 .text.d_cv_qualifiers
                0x0000000000016078      0x16c /home/olf/projects/circle/gcc-arm-9.2-2019.12-x86_64-arm-none-eabi/bin/../lib/gcc/arm-none-eabi/9.2.1/../../../../arm-none-eabi/lib/thumb/v7ve+simd/hard/libstdc++.a(cp-demangle.o)
 .text.d_bare_function_type
                0x00000000000161e4       0x48 /home/olf/projects/circle/gcc-arm-9.2-2019.12-x86_64-arm-none-eabi/bin/../lib/gcc/arm-none-eabi/9.2.1/../../../../arm-none-eabi/lib/thumb/v7ve+simd/hard/libstdc++.a(cp-demangle.o)
 .text.d_function_type
                0x000000000001622c       0x6c /home/olf/projects/circle/gcc-arm-9.2-2019.12-x86_64-arm-none-eabi/bin/../lib/gcc/arm-none-eabi/9.2.1/../../../../arm-none-eabi/lib/thumb/v7ve+simd/hard/libstdc++.a(cp-demangle.o)
 .text.d_unqualified_name
                0x0000000000016298      0x2a8 /home/olf/projects/circle/gcc-arm-9.2-2019.12-x86_64-arm-none-eabi/bin/../lib/gcc/arm-none-eabi/9.2.1/../../../../arm-none-eabi/lib/thumb/v7ve+simd/hard/libstdc++.a(cp-demangle.o)
 .text.d_expr_primary
                0x0000000000016540       0xdc /home/olf/projects/circle/gcc-arm-9.2-2019.12-x86_64-arm-none-eabi/bin/../lib/gcc/arm-none-eabi/9.2.1/../../../../arm-none-eabi/lib/thumb/v7ve+simd/hard/libstdc++.a(cp-demangle.o)
 .text.d_print_comp
                0x000000000001661c     0x326c /home/olf/projects/circle/gcc-arm-9.2-2019.12-x86_64-arm-none-eabi/bin/../lib/gcc/arm-none-eabi/9.2.1/../../../../arm-none-eabi/lib/thumb/v7ve+simd/hard/libstdc++.a(cp-demangle.o)
 .text.d_print_mod
                0x0000000000019888      0x680 /home/olf/projects/circle/gcc-arm-9.2-2019.12-x86_64-arm-none-eabi/bin/../lib/gcc/arm-none-eabi/9.2.1/../../../../arm-none-eabi/lib/thumb/v7ve+simd/hard/libstdc++.a(cp-demangle.o)
 .text.d_print_function_type.isra.0
                0x0000000000019f08      0x1ec /home/olf/projects/circle/gcc-arm-9.2-2019.12-x86_64-arm-none-eabi/bin/../lib/gcc/arm-none-eabi/9.2.1/../../../../arm-none-eabi/lib/thumb/v7ve+simd/hard/libstdc++.a(cp-demangle.o)
 .text.d_print_mod_list
                0x000000000001a0f4      0x2a0 /home/olf/projects/circle/gcc-arm-9.2-2019.12-x86_64-arm-none-eabi/bin/../lib/gcc/arm-none-eabi/9.2.1/../../../../arm-none-eabi/lib/thumb/v7ve+simd/hard/libstdc++.a(cp-demangle.o)
 .text.d_print_array_type.isra.0
                0x000000000001a394      0x1bc /home/olf/projects/circle/gcc-arm-9.2-2019.12-x86_64-arm-none-eabi/bin/../lib/gcc/arm-none-eabi/9.2.1/../../../../arm-none-eabi/lib/thumb/v7ve+simd/hard/libstdc++.a(cp-demangle.o)
 .text.d_print_expr_op
                0x000000000001a550       0x68 /home/olf/projects/circle/gcc-arm-9.2-2019.12-x86_64-arm-none-eabi/bin/../lib/gcc/arm-none-eabi/9.2.1/../../../../arm-none-eabi/lib/thumb/v7ve+simd/hard/libstdc++.a(cp-demangle.o)
 .text.d_print_subexpr
                0x000000000001a5b8       0xa0 /home/olf/projects/circle/gcc-arm-9.2-2019.12-x86_64-arm-none-eabi/bin/../lib/gcc/arm-none-eabi/9.2.1/../../../../arm-none-eabi/lib/thumb/v7ve+simd/hard/libstdc++.a(cp-demangle.o)
 .text.d_maybe_print_fold_expression.isra.0
                0x000000000001a658      0x25c /home/olf/projects/circle/gcc-arm-9.2-2019.12-x86_64-arm-none-eabi/bin/../lib/gcc/arm-none-eabi/9.2.1/../../../../arm-none-eabi/lib/thumb/v7ve+simd/hard/libstdc++.a(cp-demangle.o)
 .text.d_demangle_callback.constprop.0
                0x000000000001a8b4      0x344 /home/olf/projects/circle/gcc-arm-9.2-2019.12-x86_64-arm-none-eabi/bin/../lib/gcc/arm-none-eabi/9.2.1/../../../../arm-none-eabi/lib/thumb/v7ve+simd/hard/libstdc++.a(cp-demangle.o)
 .text.__cxa_demangle
                0x000000000001abf8       0xd4 /home/olf/projects/circle/gcc-arm-9.2-2019.12-x86_64-arm-none-eabi/bin/../lib/gcc/arm-none-eabi/9.2.1/../../../../arm-none-eabi/lib/thumb/v7ve+simd/hard/libstdc++.a(cp-demangle.o)
                0x000000000001abf8                __cxa_demangle
 .text.__gcclibcxx_demangle_callback
                0x000000000001accc       0x20 /home/olf/projects/circle/gcc-arm-9.2-2019.12-x86_64-arm-none-eabi/bin/../lib/gcc/arm-none-eabi/9.2.1/../../../../arm-none-eabi/lib/thumb/v7ve+simd/hard/libstdc++.a(cp-demangle.o)
                0x000000000001accc                __gcclibcxx_demangle_callback
 .text          0x000000000001acec        0x0 /home/olf/projects/circle/gcc-arm-9.2-2019.12-x86_64-arm-none-eabi/bin/../lib/gcc/arm-none-eabi/9.2.1/../../../../arm-none-eabi/lib/thumb/v7ve+simd/hard/libstdc++.a(del_op.o)
 .text._ZdlPv   0x000000000001acec        0x4 /home/olf/projects/circle/gcc-arm-9.2-2019.12-x86_64-arm-none-eabi/bin/../lib/gcc/arm-none-eabi/9.2.1/../../../../arm-none-eabi/lib/thumb/v7ve+simd/hard/libstdc++.a(del_op.o)
                0x000000000001acec                operator delete(void*)
 .text          0x000000000001acf0        0x0 /home/olf/projects/circle/gcc-arm-9.2-2019.12-x86_64-arm-none-eabi/bin/../lib/gcc/arm-none-eabi/9.2.1/../../../../arm-none-eabi/lib/thumb/v7ve+simd/hard/libstdc++.a(eh_alloc.o)
 .text._ZN12_GLOBAL__N_14pool4freeEPv.constprop.0
                0x000000000001acf0       0x7c /home/olf/projects/circle/gcc-arm-9.2-2019.12-x86_64-arm-none-eabi/bin/../lib/gcc/arm-none-eabi/9.2.1/../../../../arm-none-eabi/lib/thumb/v7ve+simd/hard/libstdc++.a(eh_alloc.o)
 .text._ZN12_GLOBAL__N_14pool8allocateEj.constprop.0
                0x000000000001ad6c       0x54 /home/olf/projects/circle/gcc-arm-9.2-2019.12-x86_64-arm-none-eabi/bin/../lib/gcc/arm-none-eabi/9.2.1/../../../../arm-none-eabi/lib/thumb/v7ve+simd/hard/libstdc++.a(eh_alloc.o)
 .text._ZN9__gnu_cxx9__freeresEv
                0x000000000001adc0       0x18 /home/olf/projects/circle/gcc-arm-9.2-2019.12-x86_64-arm-none-eabi/bin/../lib/gcc/arm-none-eabi/9.2.1/../../../../arm-none-eabi/lib/thumb/v7ve+simd/hard/libstdc++.a(eh_alloc.o)
                0x000000000001adc0                __gnu_cxx::__freeres()
 .text.__cxa_allocate_exception
                0x000000000001add8       0x30 /home/olf/projects/circle/gcc-arm-9.2-2019.12-x86_64-arm-none-eabi/bin/../lib/gcc/arm-none-eabi/9.2.1/../../../../arm-none-eabi/lib/thumb/v7ve+simd/hard/libstdc++.a(eh_alloc.o)
                0x000000000001add8                __cxa_allocate_exception
 .text.__cxa_free_exception
                0x000000000001ae08       0x20 /home/olf/projects/circle/gcc-arm-9.2-2019.12-x86_64-arm-none-eabi/bin/../lib/gcc/arm-none-eabi/9.2.1/../../../../arm-none-eabi/lib/thumb/v7ve+simd/hard/libstdc++.a(eh_alloc.o)
                0x000000000001ae08                __cxa_free_exception
 .text.__cxa_allocate_dependent_exception
                0x000000000001ae28       0x28 /home/olf/projects/circle/gcc-arm-9.2-2019.12-x86_64-arm-none-eabi/bin/../lib/gcc/arm-none-eabi/9.2.1/../../../../arm-none-eabi/lib/thumb/v7ve+simd/hard/libstdc++.a(eh_alloc.o)
                0x000000000001ae28                __cxa_allocate_dependent_exception
 .text.__cxa_free_dependent_exception
                0x000000000001ae50       0x24 /home/olf/projects/circle/gcc-arm-9.2-2019.12-x86_64-arm-none-eabi/bin/../lib/gcc/arm-none-eabi/9.2.1/../../../../arm-none-eabi/lib/thumb/v7ve+simd/hard/libstdc++.a(eh_alloc.o)
                0x000000000001ae50                __cxa_free_dependent_exception
 .text.startup._GLOBAL__sub_I__ZN9__gnu_cxx9__freeresEv
                0x000000000001ae74       0x2c /home/olf/projects/circle/gcc-arm-9.2-2019.12-x86_64-arm-none-eabi/bin/../lib/gcc/arm-none-eabi/9.2.1/../../../../arm-none-eabi/lib/thumb/v7ve+simd/hard/libstdc++.a(eh_alloc.o)
 .text          0x000000000001aea0        0x0 /home/olf/projects/circle/gcc-arm-9.2-2019.12-x86_64-arm-none-eabi/bin/../lib/gcc/arm-none-eabi/9.2.1/../../../../arm-none-eabi/lib/thumb/v7ve+simd/hard/libstdc++.a(eh_call.o)
 .text._ZN10__cxxabiv1L24__is_gxx_exception_classEPc
                0x000000000001aea0       0x3c /home/olf/projects/circle/gcc-arm-9.2-2019.12-x86_64-arm-none-eabi/bin/../lib/gcc/arm-none-eabi/9.2.1/../../../../arm-none-eabi/lib/thumb/v7ve+simd/hard/libstdc++.a(eh_call.o)
 .text.__cxa_call_terminate
                0x000000000001aedc       0x20 /home/olf/projects/circle/gcc-arm-9.2-2019.12-x86_64-arm-none-eabi/bin/../lib/gcc/arm-none-eabi/9.2.1/../../../../arm-none-eabi/lib/thumb/v7ve+simd/hard/libstdc++.a(eh_call.o)
                0x000000000001aedc                __cxa_call_terminate
 .text.unlikely.__cxa_call_unexpected
                0x000000000001aefc       0xf8 /home/olf/projects/circle/gcc-arm-9.2-2019.12-x86_64-arm-none-eabi/bin/../lib/gcc/arm-none-eabi/9.2.1/../../../../arm-none-eabi/lib/thumb/v7ve+simd/hard/libstdc++.a(eh_call.o)
                0x000000000001aefc                __cxa_call_unexpected
 .text          0x000000000001aff4        0x0 /home/olf/projects/circle/gcc-arm-9.2-2019.12-x86_64-arm-none-eabi/bin/../lib/gcc/arm-none-eabi/9.2.1/../../../../arm-none-eabi/lib/thumb/v7ve+simd/hard/libstdc++.a(eh_catch.o)
 .text.__cxa_get_exception_ptr
                0x000000000001aff4        0x4 /home/olf/projects/circle/gcc-arm-9.2-2019.12-x86_64-arm-none-eabi/bin/../lib/gcc/arm-none-eabi/9.2.1/../../../../arm-none-eabi/lib/thumb/v7ve+simd/hard/libstdc++.a(eh_catch.o)
                0x000000000001aff4                __cxa_get_exception_ptr
 .text.__cxa_begin_catch
                0x000000000001aff8       0x80 /home/olf/projects/circle/gcc-arm-9.2-2019.12-x86_64-arm-none-eabi/bin/../lib/gcc/arm-none-eabi/9.2.1/../../../../arm-none-eabi/lib/thumb/v7ve+simd/hard/libstdc++.a(eh_catch.o)
                0x000000000001aff8                __cxa_begin_catch
 .text.__cxa_end_catch
                0x000000000001b078       0x88 /home/olf/projects/circle/gcc-arm-9.2-2019.12-x86_64-arm-none-eabi/bin/../lib/gcc/arm-none-eabi/9.2.1/../../../../arm-none-eabi/lib/thumb/v7ve+simd/hard/libstdc++.a(eh_catch.o)
                0x000000000001b078                __cxa_end_catch
 .text._ZSt18uncaught_exceptionv
                0x000000000001b100       0x10 /home/olf/projects/circle/gcc-arm-9.2-2019.12-x86_64-arm-none-eabi/bin/../lib/gcc/arm-none-eabi/9.2.1/../../../../arm-none-eabi/lib/thumb/v7ve+simd/hard/libstdc++.a(eh_catch.o)
                0x000000000001b100                std::uncaught_exception()
 .text._ZSt19uncaught_exceptionsv
                0x000000000001b110        0xc /home/olf/projects/circle/gcc-arm-9.2-2019.12-x86_64-arm-none-eabi/bin/../lib/gcc/arm-none-eabi/9.2.1/../../../../arm-none-eabi/lib/thumb/v7ve+simd/hard/libstdc++.a(eh_catch.o)
                0x000000000001b110                std::uncaught_exceptions()
 .text          0x000000000001b11c        0x0 /home/olf/projects/circle/gcc-arm-9.2-2019.12-x86_64-arm-none-eabi/bin/../lib/gcc/arm-none-eabi/9.2.1/../../../../arm-none-eabi/lib/thumb/v7ve+simd/hard/libstdc++.a(eh_term_handler.o)
 .text          0x000000000001b11c        0x0 /home/olf/projects/circle/gcc-arm-9.2-2019.12-x86_64-arm-none-eabi/bin/../lib/gcc/arm-none-eabi/9.2.1/../../../../arm-none-eabi/lib/thumb/v7ve+simd/hard/libstdc++.a(eh_type.o)
 .text.__cxa_current_exception_type
                0x000000000001b11c       0x1c /home/olf/projects/circle/gcc-arm-9.2-2019.12-x86_64-arm-none-eabi/bin/../lib/gcc/arm-none-eabi/9.2.1/../../../../arm-none-eabi/lib/thumb/v7ve+simd/hard/libstdc++.a(eh_type.o)
                0x000000000001b11c                __cxa_current_exception_type
 .text          0x000000000001b138        0x0 /home/olf/projects/circle/gcc-arm-9.2-2019.12-x86_64-arm-none-eabi/bin/../lib/gcc/arm-none-eabi/9.2.1/../../../../arm-none-eabi/lib/thumb/v7ve+simd/hard/libstdc++.a(new_handler.o)
 .text._ZSt15set_new_handlerPFvvE
                0x000000000001b138       0x20 /home/olf/projects/circle/gcc-arm-9.2-2019.12-x86_64-arm-none-eabi/bin/../lib/gcc/arm-none-eabi/9.2.1/../../../../arm-none-eabi/lib/thumb/v7ve+simd/hard/libstdc++.a(new_handler.o)
                0x000000000001b138                std::set_new_handler(void (*)())
 .text._ZSt15get_new_handlerv
                0x000000000001b158       0x10 /home/olf/projects/circle/gcc-arm-9.2-2019.12-x86_64-arm-none-eabi/bin/../lib/gcc/arm-none-eabi/9.2.1/../../../../arm-none-eabi/lib/thumb/v7ve+simd/hard/libstdc++.a(new_handler.o)
                0x000000000001b158                std::get_new_handler()
 .text          0x000000000001b168       0xa0 /home/olf/projects/circle/gcc-arm-9.2-2019.12-x86_64-arm-none-eabi/bin/../lib/gcc/arm-none-eabi/9.2.1/thumb/v7ve+simd/hard/libgcc.a(_aeabi_ldivmod.o)
                0x000000000001b168                __aeabi_ldivmod
 .text          0x000000000001b208       0x30 /home/olf/projects/circle/gcc-arm-9.2-2019.12-x86_64-arm-none-eabi/bin/../lib/gcc/arm-none-eabi/9.2.1/thumb/v7ve+simd/hard/libgcc.a(_aeabi_uldivmod.o)
                0x000000000001b208                __aeabi_uldivmod
 .text          0x000000000001b238        0x0 /home/olf/projects/circle/gcc-arm-9.2-2019.12-x86_64-arm-none-eabi/bin/../lib/gcc/arm-none-eabi/9.2.1/thumb/v7ve+simd/hard/libgcc.a(_udivmoddi4.o)
 .text.__udivmoddi4
                0x000000000001b238      0x350 /home/olf/projects/circle/gcc-arm-9.2-2019.12-x86_64-arm-none-eabi/bin/../lib/gcc/arm-none-eabi/9.2.1/thumb/v7ve+simd/hard/libgcc.a(_udivmoddi4.o)
                0x000000000001b238                __udivmoddi4
 .text          0x000000000001b588        0x0 /home/olf/projects/circle/gcc-arm-9.2-2019.12-x86_64-arm-none-eabi/bin/../lib/gcc/arm-none-eabi/9.2.1/thumb/v7ve+simd/hard/libgcc.a(unwind-arm.o)
 .text.selfrel_offset31
                0x000000000001b588       0x14 /home/olf/projects/circle/gcc-arm-9.2-2019.12-x86_64-arm-none-eabi/bin/../lib/gcc/arm-none-eabi/9.2.1/thumb/v7ve+simd/hard/libgcc.a(unwind-arm.o)
 .text.search_EIT_table
                0x000000000001b59c       0x60 /home/olf/projects/circle/gcc-arm-9.2-2019.12-x86_64-arm-none-eabi/bin/../lib/gcc/arm-none-eabi/9.2.1/thumb/v7ve+simd/hard/libgcc.a(unwind-arm.o)
 .text.__gnu_unwind_get_pr_addr
                0x000000000001b5fc       0x2c /home/olf/projects/circle/gcc-arm-9.2-2019.12-x86_64-arm-none-eabi/bin/../lib/gcc/arm-none-eabi/9.2.1/thumb/v7ve+simd/hard/libgcc.a(unwind-arm.o)
 .text.get_eit_entry
                0x000000000001b628       0xa4 /home/olf/projects/circle/gcc-arm-9.2-2019.12-x86_64-arm-none-eabi/bin/../lib/gcc/arm-none-eabi/9.2.1/thumb/v7ve+simd/hard/libgcc.a(unwind-arm.o)
 .text.restore_non_core_regs
                0x000000000001b6cc       0x58 /home/olf/projects/circle/gcc-arm-9.2-2019.12-x86_64-arm-none-eabi/bin/../lib/gcc/arm-none-eabi/9.2.1/thumb/v7ve+simd/hard/libgcc.a(unwind-arm.o)
 .text._Unwind_decode_typeinfo_ptr.isra.0
                0x000000000001b724        0xc /home/olf/projects/circle/gcc-arm-9.2-2019.12-x86_64-arm-none-eabi/bin/../lib/gcc/arm-none-eabi/9.2.1/thumb/v7ve+simd/hard/libgcc.a(unwind-arm.o)
 .text.__gnu_unwind_24bit.isra.0
                0x000000000001b730        0x4 /home/olf/projects/circle/gcc-arm-9.2-2019.12-x86_64-arm-none-eabi/bin/../lib/gcc/arm-none-eabi/9.2.1/thumb/v7ve+simd/hard/libgcc.a(unwind-arm.o)
 .text._Unwind_DebugHook
                0x000000000001b734        0x4 /home/olf/projects/circle/gcc-arm-9.2-2019.12-x86_64-arm-none-eabi/bin/../lib/gcc/arm-none-eabi/9.2.1/thumb/v7ve+simd/hard/libgcc.a(unwind-arm.o)
 .text.unwind_phase2
                0x000000000001b738       0x3c /home/olf/projects/circle/gcc-arm-9.2-2019.12-x86_64-arm-none-eabi/bin/../lib/gcc/arm-none-eabi/9.2.1/thumb/v7ve+simd/hard/libgcc.a(unwind-arm.o)
 .text.unwind_phase2_forced
                0x000000000001b774       0xdc /home/olf/projects/circle/gcc-arm-9.2-2019.12-x86_64-arm-none-eabi/bin/../lib/gcc/arm-none-eabi/9.2.1/thumb/v7ve+simd/hard/libgcc.a(unwind-arm.o)
 .text._Unwind_GetCFA
                0x000000000001b850        0x4 /home/olf/projects/circle/gcc-arm-9.2-2019.12-x86_64-arm-none-eabi/bin/../lib/gcc/arm-none-eabi/9.2.1/thumb/v7ve+simd/hard/libgcc.a(unwind-arm.o)
                0x000000000001b850                _Unwind_GetCFA
 .text.__gnu_Unwind_RaiseException
                0x000000000001b854       0x60 /home/olf/projects/circle/gcc-arm-9.2-2019.12-x86_64-arm-none-eabi/bin/../lib/gcc/arm-none-eabi/9.2.1/thumb/v7ve+simd/hard/libgcc.a(unwind-arm.o)
                0x000000000001b854                __gnu_Unwind_RaiseException