Archive member included to satisfy reference by file (symbol)

../../../../install/arm-none-circle/lib/libc.a(lib_a-strtok_r.o)
                              i2cshell.o (strtok_r)
../../../../install/arm-none-circle/lib/libc.a(lib_a-strtoul.o)
                              i2cshell.o (strtoul)
../../../../install/arm-none-circle/lib/libc.a(lib_a-ctype_.o)
                              ../../../../install/arm-none-circle/lib/libc.a(lib_a-strtoul.o) (_ctype_)
../../../../install/arm-none-circle/lib/libc.a(lib_a-impure.o)
                              ../../../../install/arm-none-circle/lib/libc.a(lib_a-strtoul.o) (_impure_ptr)
../../../../install/arm-none-circle/lib/libc.a(lib_a-locale.o)
                              ../../../../install/arm-none-circle/lib/libc.a(lib_a-strtoul.o) (__global_locale)
../../../../install/arm-none-circle/lib/libc.a(lib_a-mbtowc_r.o)
                              ../../../../install/arm-none-circle/lib/libc.a(lib_a-locale.o) (__ascii_mbtowc)
../../../../install/arm-none-circle/lib/libc.a(lib_a-strcmp.o)
                              ../../../../install/arm-none-circle/lib/libc.a(lib_a-locale.o) (strcmp)
../../../../install/arm-none-circle/lib/libc.a(lib_a-wctomb_r.o)
                              ../../../../install/arm-none-circle/lib/libc.a(lib_a-locale.o) (__ascii_wctomb)
../../lib/usb/libusb.a(usbhostcontroller.o)
                              i2cshell.o (CUSBHostController::UpdatePlugAndPlay())
../../lib/usb/libusb.a(usbrequest.o)
                              ../../lib/usb/libusb.a(usbhostcontroller.o) (CUSBRequest::CUSBRequest(CUSBEndpoint*, void*, unsigned int, TSetupData*))
../../lib/usb/libusb.a(usbstandardhub.o)
                              ../../lib/usb/libusb.a(usbhostcontroller.o) (CUSBStandardHub::HandlePortStatusChange())
../../lib/usb/libusb.a(dwhcidevice.o)
                              kernel.o (CDWHCIDevice::CDWHCIDevice(CInterruptSystem*, CTimer*, bool))
../../lib/usb/libusb.a(dwhciframeschednper.o)
                              ../../lib/usb/libusb.a(dwhcidevice.o) (CDWHCIFrameSchedulerNonPeriodic::InitProtectedAllocator(unsigned int, unsigned int))
../../lib/usb/libusb.a(dwhciframeschednsplit.o)
                              ../../lib/usb/libusb.a(dwhcidevice.o) (CDWHCIFrameSchedulerNoSplit::InitProtectedAllocator(unsigned int, unsigned int))
../../lib/usb/libusb.a(dwhciframeschedper.o)
                              ../../lib/usb/libusb.a(dwhcidevice.o) (CDWHCIFrameSchedulerPeriodic::InitProtectedAllocator(unsigned int, unsigned int))
../../lib/usb/libusb.a(dwhciregister.o)
                              ../../lib/usb/libusb.a(dwhcidevice.o) (CDWHCIRegister::CDWHCIRegister(unsigned int))
../../lib/usb/libusb.a(dwhcirootport.o)
                              ../../lib/usb/libusb.a(dwhcidevice.o) (CDWHCIRootPort::~CDWHCIRootPort())
../../lib/usb/libusb.a(dwhcixactqueue.o)
                              ../../lib/usb/libusb.a(dwhcidevice.o) (CDWHCITransactionQueue::CDWHCITransactionQueue())
../../lib/usb/libusb.a(dwhcixferstagedata.o)
                              ../../lib/usb/libusb.a(dwhcidevice.o) (CDWHCITransferStageData::~CDWHCITransferStageData())
../../lib/usb/libusb.a(usbdevice.o)
                              ../../lib/usb/libusb.a(dwhcirootport.o) (CUSBDevice::CUSBDevice(CUSBHostController*, TUSBSpeed, CUSBHCIRootPort*))
../../lib/usb/libusb.a(usbdevicefactory.o)
                              ../../lib/usb/libusb.a(usbdevice.o) (CUSBDeviceFactory::GetDevice(CUSBFunction*, CString*))
../../lib/usb/libusb.a(usbendpoint.o)
                              ../../lib/usb/libusb.a(usbdevice.o) (CUSBEndpoint::CUSBEndpoint(CUSBDevice*))
../../lib/usb/libusb.a(usbfunction.o)
                              ../../lib/usb/libusb.a(usbstandardhub.o) (CUSBFunction::Initialize())
../../lib/usb/libusb.a(usbgamepadps3.o)
                              ../../lib/usb/libusb.a(usbdevicefactory.o) (CUSBGamePadPS3Device::CUSBGamePadPS3Device(CUSBFunction*))
../../lib/usb/libusb.a(usbgamepadps4.o)
                              ../../lib/usb/libusb.a(usbdevicefactory.o) (CUSBGamePadPS4Device::CUSBGamePadPS4Device(CUSBFunction*))
../../lib/usb/libusb.a(usbgamepadstandard.o)
                              ../../lib/usb/libusb.a(usbgamepadps3.o) (CUSBGamePadStandardDevice::~CUSBGamePadStandardDevice())
../../lib/usb/libusb.a(usbgamepadswitchpro.o)
                              ../../lib/usb/libusb.a(usbdevicefactory.o) (CUSBGamePadSwitchProDevice::CUSBGamePadSwitchProDevice(CUSBFunction*))
../../lib/usb/libusb.a(usbgamepadxbox360.o)
                              ../../lib/usb/libusb.a(usbdevicefactory.o) (CUSBGamePadXbox360Device::CUSBGamePadXbox360Device(CUSBFunction*))
../../lib/usb/libusb.a(usbgamepadxboxone.o)
                              ../../lib/usb/libusb.a(usbdevicefactory.o) (CUSBGamePadXboxOneDevice::CUSBGamePadXboxOneDevice(CUSBFunction*))
../../lib/usb/libusb.a(usbhiddevice.o)
[...]
Memory Configuration

Name             Origin             Length             Attributes
*default*        0x0000000000000000 0xffffffffffffffff

Linker script and memory map

Address of section .init set to 0x8000

.init           0x0000000000008000       0x70
 *(.init)
 .init          0x0000000000008000       0x70 ../../lib/libcircle.a(startup.o)
                0x0000000000008000                _start
                0x0000000000008064                _start_secondary

.text           0x0000000000008080    0x3ba20
 *(.text*)
 .text          0x0000000000008080        0x0 main.o
 .text.startup  0x0000000000008080       0x4c main.o
                0x0000000000008080                main
 .text          0x00000000000080cc      0x3cc kernel.o
                0x00000000000080cc                CKernel::CKernel()
                0x00000000000080cc                CKernel::CKernel()
                0x00000000000082c4                CKernel::~CKernel()
                0x00000000000082c4                CKernel::~CKernel()
                0x000000000000835c                CKernel::Initialize()
                0x0000000000008424                CKernel::Run()
 .text          0x0000000000008498     0x104c i2cshell.o
                0x0000000000008498                CI2CShell::CI2CShell(CConsole*, CDWHCIDevice*)
                0x0000000000008498                CI2CShell::CI2CShell(CConsole*, CDWHCIDevice*)
                0x00000000000084d4                CI2CShell::~CI2CShell()
                0x00000000000084d4                CI2CShell::~CI2CShell()
                0x0000000000008520                CI2CShell::Run()
                0x0000000000008864                CI2CShell::Master()
                0x00000000000089c4                CI2CShell::Slave()
                0x0000000000008a04                CI2CShell::Clock()
                0x0000000000008a50                CI2CShell::Detect()
                0x0000000000008be0                CI2CShell::Read()
                0x0000000000008cf8                CI2CShell::Write()
                0x0000000000008e40                CI2CShell::Delay()
                0x0000000000008e8c                CI2CShell::Help()
                0x0000000000008f64                CI2CShell::GetNumber(char const*, unsigned int, unsigned int, bool)
                0x00000000000090a8                CI2CShell::PrintI2CError(int)
                0x0000000000009114                CI2CShell::ReadLine()
                0x00000000000092e0                CI2CShell::GetToken(CString*)
                0x0000000000009384                CI2CShell::UnGetToken(CString const&)
                0x00000000000093b4                CI2CShell::ConvertNumber(CString const&)
                0x000000000000941c                CI2CShell::Print(char const*, ...)
 .text          0x00000000000094e4      0x160 ../../../../install/arm-none-circle/lib/libc.a(lib_a-strtok_r.o)
                0x00000000000094e4                __strtok_r
                0x0000000000009618                strtok_r
 .text          0x0000000000009644      0x360 ../../../../install/arm-none-circle/lib/libc.a(lib_a-strtoul.o)
                0x00000000000098b4                _strtoul_r
                0x0000000000009900                strtoul_l
                0x0000000000009950                strtoul
 .text          0x00000000000099a4        0x0 ../../../../install/arm-none-circle/lib/libc.a(lib_a-ctype_.o)
 .text          0x00000000000099a4        0x0 ../../../../install/arm-none-circle/lib/libc.a(lib_a-impure.o)
 .text          0x00000000000099a4      0x128 ../../../../install/arm-none-circle/lib/libc.a(lib_a-locale.o)
                0x00000000000099dc                _setlocale_r
                0x0000000000009a70                __locale_mb_cur_max
                0x0000000000009a8c                setlocale
 .text          0x0000000000009acc      0x12c ../../../../install/arm-none-circle/lib/libc.a(lib_a-mbtowc_r.o)
                0x0000000000009b04                _mbtowc_r
                0x0000000000009b58                __ascii_mbtowc
 *fill*         0x0000000000009bf8        0x8 
 .text          0x0000000000009c00      0x2dc ../../../../install/arm-none-circle/lib/libc.a(lib_a-strcmp.o)
                0x0000000000009c08                strcmp
 .text          0x0000000000009edc      0x100 ../../../../install/arm-none-circle/lib/libc.a(lib_a-wctomb_r.o)
                0x0000000000009f14                _wctomb_r
                0x0000000000009f60                __ascii_wctomb
 .text          0x0000000000009fdc      0x604 ../../lib/usb/libusb.a(usbhostcontroller.o)
                0x0000000000009fdc                CUSBHostController::CUSBHostController(bool)
                0x0000000000009fdc                CUSBHostController::CUSBHostController(bool)
                0x000000000000a020                CUSBHostController::~CUSBHostController()
                0x000000000000a020                CUSBHostController::~CUSBHostController()
                0x000000000000a050                CUSBHostController::~CUSBHostController()
                0x000000000000a08c                CUSBHostController::ControlMessage(CUSBEndpoint*, unsigned char, unsigned char, unsigned short, unsigned short, void*, unsigned short)
                0x000000000000a148                CUSBHostController::GetDescriptor(CUSBEndpoint*, unsigned char, unsigned char, void*, unsigned int, unsigned char, unsigned short)
                0x000000000000a180                CUSBHostController::SetAddress(CUSBEndpoint*, unsigned char)
                0x000000000000a1cc                CUSBHostController::SetConfiguration(CUSBEndpoint*, unsigned char)
                0x000000000000a218                CUSBHostController::Transfer(CUSBEndpoint*, void*, unsigned int, unsigned int)
                0x000000000000a288                CUSBHostController::IsPlugAndPlay()
                0x000000000000a298                CUSBHostController::UpdatePlugAndPlay()
                0x000000000000a3f8                CUSBHostController::PortStatusChanged(CUSBHCIRootPort*)
                0x000000000000a4d4                CUSBHostController::PortStatusChanged(CUSBStandardHub*)
                0x000000000000a5b0                CUSBHostController::Get()
 .text._ZN18CUSBHostController24CancelDeviceTransactionsEP10CUSBDevice
                0x000000000000a5e0        0x4 ../../lib/usb/libusb.a(usbhostcontroller.o)
                0x000000000000a5e0                CUSBHostController::CancelDeviceTransactions(CUSBDevice*)
 .text          0x000000000000a5e4      0x3e8 ../../lib/usb/libusb.a(usbrequest.o)
                0x000000000000a5e4                CUSBRequest::CUSBRequest(CUSBEndpoint*, void*, unsigned int, TSetupData*)
                0x000000000000a5e4                CUSBRequest::CUSBRequest(CUSBEndpoint*, void*, unsigned int, TSetupData*)
                0x000000000000a670                CUSBRequest::~CUSBRequest()
                0x000000000000a670                CUSBRequest::~CUSBRequest()
                0x000000000000a674                CUSBRequest::GetEndpoint() const
                0x000000000000a69c                CUSBRequest::SetStatus(int)
                0x000000000000a6a4                CUSBRequest::SetResultLen(unsigned int)
                0x000000000000a6ac                CUSBRequest::SetUSBError(TUSBError)
                0x000000000000a6b4                CUSBRequest::GetStatus() const
                0x000000000000a6bc                CUSBRequest::GetResultLength() const
                0x000000000000a6ec                CUSBRequest::GetUSBError() const
                0x000000000000a71c                CUSBRequest::GetSetupData()
                0x000000000000a770                CUSBRequest::GetBuffer()
                0x000000000000a7a8                CUSBRequest::GetBufLen() const
                0x000000000000a7b0                CUSBRequest::SetCompletionRoutine(void (*)(CUSBRequest*, void*, void*), void*, void*)
                0x000000000000a7dc                CUSBRequest::CallCompletionRoutine()
                0x000000000000a818                CUSBRequest::SetCompleteOnNAK()
                0x000000000000a824                CUSBRequest::IsCompleteOnNAK() const
                0x000000000000a82c                CUSBRequest::operator new(unsigned int)
                0x000000000000a884                CUSBRequest::operator delete(void*, unsigned int)
                0x000000000000a8e0                CUSBRequest::InitAllocator(unsigned int)
                0x000000000000a94c                CUSBRequest::InitProtectedAllocator(unsigned int, unsigned int)
 .text          0x000000000000a9cc     0x10ec ../../lib/usb/libusb.a(usbstandardhub.o)
                0x000000000000a9cc                CUSBStandardHub::~CUSBStandardHub()
                0x000000000000a9cc                CUSBStandardHub::~CUSBStandardHub()
                0x000000000000aae8                CUSBStandardHub::~CUSBStandardHub()
                0x000000000000ab08                CUSBStandardHub::CUSBStandardHub(CUSBFunction*)
                0x000000000000ab08                CUSBStandardHub::CUSBStandardHub(CUSBFunction*)
                0x000000000000ab68                CUSBStandardHub::DisablePort(unsigned int)
                0x000000000000ac28                CUSBStandardHub::RemoveDevice(unsigned int)
                0x000000000000ac6c                CUSBStandardHub::StartStatusChangeRequest()
                0x000000000000ad54                CUSBStandardHub::CompletionRoutine(CUSBRequest*)
                0x000000000000adf8                CUSBStandardHub::CompletionStub(CUSBRequest*, void*, void*)
                0x000000000000ae28                CUSBStandardHub::HandlePortStatusChange()
                0x000000000000b144                CUSBStandardHub::Initialize()
                0x000000000000b280                CUSBStandardHub::EnumeratePorts()
                0x000000000000b940                CUSBStandardHub::ReScanDevices()
                0x000000000000b944                CUSBStandardHub::Configure()
 .text.startup  0x000000000000bab8       0x38 ../../lib/usb/libusb.a(usbstandardhub.o)
 .text          0x000000000000baf0     0x2bec ../../lib/usb/libusb.a(dwhcidevice.o)
                0x000000000000baf0                CDWHCIDevice::CancelDeviceTransactions(CUSBDevice*)
                0x000000000000baf8                CDWHCIDevice::CompletionRoutine(CUSBRequest*, void*, void*)
                0x000000000000bb4c                CDWHCIDevice::DeviceConnected()
                0x000000000000bb90                CDWHCIDevice::GetPortSpeed()
                0x000000000000bbe4                CDWHCIDevice::OvercurrentDetected()
                0x000000000000bc28                CDWHCIDevice::DisableRootPort(bool)
                0x000000000000bca4                CDWHCIDevice::PowerOn()
                0x000000000000bd1c                CDWHCIDevice::EnableGlobalInterrupts()
                0x000000000000bd6c                CDWHCIDevice::EnableCommonInterrupts()
                0x000000000000bdb0                CDWHCIDevice::EnableHostInterrupts()
                0x000000000000be34                CDWHCIDevice::EnableChannelInterrupt(unsigned int)
                0x000000000000bec4                CDWHCIDevice::DisableChannelInterrupt(unsigned int)
                0x000000000000bf54                CDWHCIDevice::QueueTransaction(CDWHCITransferStageData*)
                0x000000000000bff8                CDWHCIDevice::TransferStageAsync(CUSBRequest*, bool, bool, unsigned int)
                0x000000000000c0f4                CDWHCIDevice::SubmitAsyncRequest(CUSBRequest*, unsigned int)
                0x000000000000c1dc                CDWHCIDevice::QueueDelayedTransaction(CDWHCITransferStageData*)
                0x000000000000c37c                CDWHCIDevice::StartChannel(CDWHCITransferStageData*)
                0x000000000000c794                CDWHCIDevice::StartTransaction(CDWHCITransferStageData*)
                0x000000000000c8c0                CDWHCIDevice::AllocateChannel()
                0x000000000000c988                CDWHCIDevice::SOFInterruptHandler()
                0x000000000000ca80                CDWHCIDevice::FreeChannel(unsigned int)
                0x000000000000cb0c                CDWHCIDevice::ChannelInterruptHandler(unsigned int)
                0x000000000000d0bc                CDWHCIDevice::InterruptHandler()
                0x000000000000d288                CDWHCIDevice::InterruptStub(void*)
                0x000000000000d2b0                CDWHCIDevice::AllocateWaitBlock()
                0x000000000000d324                CDWHCIDevice::FreeWaitBlock(unsigned int)
                0x000000000000d3ac                CDWHCIDevice::TransferStage(CUSBRequest*, bool, bool, unsigned int)
                0x000000000000d4c0                CDWHCIDevice::SubmitBlockingRequest(CUSBRequest*, unsigned int)
                0x000000000000d720                CDWHCIDevice::WaitForBit(CDWHCIRegister*, unsigned int, bool, unsigned int)
                0x000000000000d7fc                CDWHCIDevice::EnableRootPort()
                0x000000000000d8e4                CDWHCIDevice::Reset()
                0x000000000000d990                CDWHCIDevice::InitCore()
                0x000000000000dc10                CDWHCIDevice::FlushTxFIFO(unsigned int)
                0x000000000000dca8                CDWHCIDevice::FlushRxFIFO()
                0x000000000000dd24                CDWHCIDevice::InitHost()
                0x000000000000df80                CDWHCIDevice::DumpRegister(char const*, unsigned int)
                0x000000000000dfec                CDWHCIDevice::DumpStatus(unsigned int)
                0x000000000000e1e8                CDWHCIDevice::CDWHCIDevice(CInterruptSystem*, CTimer*, bool)
                0x000000000000e1e8                CDWHCIDevice::CDWHCIDevice(CInterruptSystem*, CTimer*, bool)
                0x000000000000e308                CDWHCIDevice::~CDWHCIDevice()
                0x000000000000e308                CDWHCIDevice::~CDWHCIDevice()
                0x000000000000e3f4                CDWHCIDevice::~CDWHCIDevice()
                0x000000000000e414                CDWHCIDevice::ReScanDevices()
                0x000000000000e498                CDWHCIDevice::Initialize(bool)
 .text          0x000000000000e6dc      0x450 ../../lib/usb/libusb.a(dwhciframeschednper.o)
                0x000000000000e6dc                CDWHCIFrameSchedulerNonPeriodic::~CDWHCIFrameSchedulerNonPeriodic()
                0x000000000000e6dc                CDWHCIFrameSchedulerNonPeriodic::~CDWHCIFrameSchedulerNonPeriodic()
                0x000000000000e6e0                CDWHCIFrameSchedulerNonPeriodic::StartSplit()
                0x000000000000e6fc                CDWHCIFrameSchedulerNonPeriodic::IsOddFrame() const
                0x000000000000e704                CDWHCIFrameSchedulerNonPeriodic::PeriodicDelay(unsigned short)
                0x000000000000e720                CDWHCIFrameSchedulerNonPeriodic::GetFrameNumber()
                0x000000000000e790                CDWHCIFrameSchedulerNonPeriodic::CompleteSplit()
                0x000000000000e804                CDWHCIFrameSchedulerNonPeriodic::TransactionComplete(unsigned int)
                0x000000000000e924                CDWHCIFrameSchedulerNonPeriodic::CDWHCIFrameSchedulerNonPeriodic()
                0x000000000000e924                CDWHCIFrameSchedulerNonPeriodic::CDWHCIFrameSchedulerNonPeriodic()
                0x000000000000e974                CDWHCIFrameSchedulerNonPeriodic::operator new(unsigned int)
                0x000000000000e9cc                CDWHCIFrameSchedulerNonPeriodic::operator delete(void*, unsigned int)
                0x000000000000ea28                CDWHCIFrameSchedulerNonPeriodic::~CDWHCIFrameSchedulerNonPeriodic()
                0x000000000000ea40                CDWHCIFrameSchedulerNonPeriodic::InitAllocator(unsigned int)
                0x000000000000eaac                CDWHCIFrameSchedulerNonPeriodic::InitProtectedAllocator(unsigned int, unsigned int)
 .text          0x000000000000eb2c      0x2a8 ../../lib/usb/libusb.a(dwhciframeschednsplit.o)
                0x000000000000eb2c                CDWHCIFrameSchedulerNoSplit::~CDWHCIFrameSchedulerNoSplit()
                0x000000000000eb2c                CDWHCIFrameSchedulerNoSplit::~CDWHCIFrameSchedulerNoSplit()
                0x000000000000eb30                CDWHCIFrameSchedulerNoSplit::IsOddFrame() const
                0x000000000000eb3c                CDWHCIFrameSchedulerNoSplit::StartSplit()
                0x000000000000eb58                CDWHCIFrameSchedulerNoSplit::CompleteSplit()
                0x000000000000eb74                CDWHCIFrameSchedulerNoSplit::TransactionComplete(unsigned int)
                0x000000000000eb90                CDWHCIFrameSchedulerNoSplit::PeriodicDelay(unsigned short)
                0x000000000000ebac                CDWHCIFrameSchedulerNoSplit::GetFrameNumber()
                0x000000000000ec00                CDWHCIFrameSchedulerNoSplit::CDWHCIFrameSchedulerNoSplit(bool)
                0x000000000000ec00                CDWHCIFrameSchedulerNoSplit::CDWHCIFrameSchedulerNoSplit(bool)
                0x000000000000ec1c                CDWHCIFrameSchedulerNoSplit::operator new(unsigned int)
                0x000000000000ec74                CDWHCIFrameSchedulerNoSplit::operator delete(void*, unsigned int)
                0x000000000000ecd0                CDWHCIFrameSchedulerNoSplit::~CDWHCIFrameSchedulerNoSplit()
                0x000000000000ece8                CDWHCIFrameSchedulerNoSplit::InitAllocator(unsigned int)
                0x000000000000ed54                CDWHCIFrameSchedulerNoSplit::InitProtectedAllocator(unsigned int, unsigned int)
 .text          0x000000000000edd4      0x49c ../../lib/usb/libusb.a(dwhciframeschedper.o)
                0x000000000000edd4                CDWHCIFrameSchedulerPeriodic::~CDWHCIFrameSchedulerPeriodic()
                0x000000000000edd4                CDWHCIFrameSchedulerPeriodic::~CDWHCIFrameSchedulerPeriodic()
                0x000000000000edd8                CDWHCIFrameSchedulerPeriodic::StartSplit()
                0x000000000000edf8                CDWHCIFrameSchedulerPeriodic::PeriodicDelay(unsigned short)
                0x000000000000ee10                CDWHCIFrameSchedulerPeriodic::IsOddFrame() const
                0x000000000000ee1c                CDWHCIFrameSchedulerPeriodic::GetFrameNumber()
                0x000000000000eeb4                CDWHCIFrameSchedulerPeriodic::CompleteSplit()
                0x000000000000ef5c                CDWHCIFrameSchedulerPeriodic::TransactionComplete(unsigned int)
                0x000000000000f060                CDWHCIFrameSchedulerPeriodic::CDWHCIFrameSchedulerPeriodic()
                0x000000000000f060                CDWHCIFrameSchedulerPeriodic::CDWHCIFrameSchedulerPeriodic()
                0x000000000000f0b8                CDWHCIFrameSchedulerPeriodic::operator new(unsigned int)
                0x000000000000f110                CDWHCIFrameSchedulerPeriodic::operator delete(void*, unsigned int)
                0x000000000000f16c                CDWHCIFrameSchedulerPeriodic::~CDWHCIFrameSchedulerPeriodic()
                0x000000000000f184                CDWHCIFrameSchedulerPeriodic::InitAllocator(unsigned int)
                0x000000000000f1f0                CDWHCIFrameSchedulerPeriodic::InitProtectedAllocator(unsigned int, unsigned int)
 .text          0x000000000000f270      0x2c4 ../../lib/usb/libusb.a(dwhciregister.o)
                0x000000000000f270                CDWHCIRegister::CDWHCIRegister(unsigned int)
                0x000000000000f270                CDWHCIRegister::CDWHCIRegister(unsigned int)
                0x000000000000f280                CDWHCIRegister::CDWHCIRegister(unsigned int, unsigned int)
                0x000000000000f280                CDWHCIRegister::CDWHCIRegister(unsigned int, unsigned int)
                0x000000000000f294                CDWHCIRegister::~CDWHCIRegister()
                0x000000000000f294                CDWHCIRegister::~CDWHCIRegister()
                0x000000000000f298                CDWHCIRegister::Read()
                0x000000000000f2b4                CDWHCIRegister::Write()
                0x000000000000f2ec                CDWHCIRegister::Get() const
                0x000000000000f31c                CDWHCIRegister::Set(unsigned int)
                0x000000000000f32c                CDWHCIRegister::IsSet(unsigned int) const
                0x000000000000f368                CDWHCIRegister::And(unsigned int)
                0x000000000000f3a0                CDWHCIRegister::Or(unsigned int)
                0x000000000000f3d8                CDWHCIRegister::ClearBit(unsigned int)
                0x000000000000f434                CDWHCIRegister::SetBit(unsigned int)
                0x000000000000f490                CDWHCIRegister::ClearAll()
                0x000000000000f4a4                CDWHCIRegister::SetAll()
                0x000000000000f4b8                CDWHCIRegister::Dump() const
 .text          0x000000000000f534      0x348 ../../lib/usb/libusb.a(dwhcirootport.o)
                0x000000000000f534                CDWHCIRootPort::~CDWHCIRootPort()
                0x000000000000f534                CDWHCIRootPort::~CDWHCIRootPort()
                0x000000000000f568                CDWHCIRootPort::~CDWHCIRootPort()
                0x000000000000f5a8                CDWHCIRootPort::RemoveDevice()
                0x000000000000f604                CDWHCIRootPort::ReScanDevices()
                0x000000000000f644                CDWHCIRootPort::HandlePortStatusChange()
                0x000000000000f6b0                CDWHCIRootPort::CDWHCIRootPort(CDWHCIDevice*)
                0x000000000000f6b0                CDWHCIRootPort::CDWHCIRootPort(CDWHCIDevice*)
                0x000000000000f6ec                CDWHCIRootPort::Initialize()
 .text          0x000000000000f87c      0x49c ../../lib/usb/libusb.a(dwhcixactqueue.o)
                0x000000000000f87c                CDWHCITransactionQueue::CDWHCITransactionQueue()
                0x000000000000f87c                CDWHCITransactionQueue::CDWHCITransactionQueue()
                0x000000000000f898                CDWHCITransactionQueue::Flush()
                0x000000000000f958                CDWHCITransactionQueue::~CDWHCITransactionQueue()
                0x000000000000f958                CDWHCITransactionQueue::~CDWHCITransactionQueue()
                0x000000000000f974                CDWHCITransactionQueue::FlushDevice(CUSBDevice*)
                0x000000000000fa98                CDWHCITransactionQueue::Enqueue(CDWHCITransferStageData*, unsigned short)
                0x000000000000fbf8                CDWHCITransactionQueue::Dequeue(unsigned short)
 .text          0x000000000000fd18      0xb3c ../../lib/usb/libusb.a(dwhcixferstagedata.o)
                0x000000000000fd18                CDWHCITransferStageData::~CDWHCITransferStageData()
                0x000000000000fd18                CDWHCITransferStageData::~CDWHCITransferStageData()
                0x000000000000fd5c                CDWHCITransferStageData::SetChannelNumber(unsigned int)
                0x000000000000fd64                CDWHCITransferStageData::TransactionComplete(unsigned int, unsigned int, unsigned int)
                0x000000000000ff08                CDWHCITransferStageData::SetSplitComplete(bool)
                0x000000000000ff38                CDWHCITransferStageData::SetState(unsigned int)
                0x000000000000ff40                CDWHCITransferStageData::GetState() const
                0x000000000000ff48                CDWHCITransferStageData::SetSubState(unsigned int)
                0x000000000000ff50                CDWHCITransferStageData::GetSubState() const
                0x000000000000ff58                CDWHCITransferStageData::BeginSplitCycle()
                0x000000000000ff60                CDWHCITransferStageData::GetChannelNumber() const
                0x000000000000ff68                CDWHCITransferStageData::IsPeriodic() const
                0x000000000000ffac                CDWHCITransferStageData::CDWHCITransferStageData(unsigned int, CUSBRequest*, bool, bool, unsigned int)
                0x000000000000ffac                CDWHCITransferStageData::CDWHCITransferStageData(unsigned int, CUSBRequest*, bool, bool, unsigned int)
                0x00000000000102ec                CDWHCITransferStageData::GetDeviceAddress() const
                0x0000000000010318                CDWHCITransferStageData::GetEndpointType() const
                0x0000000000010374                CDWHCITransferStageData::GetEndpointNumber() const
                0x00000000000103a0                CDWHCITransferStageData::GetMaxPacketSize() const
                0x00000000000103a8                CDWHCITransferStageData::GetSpeed() const
                0x00000000000103b0                CDWHCITransferStageData::GetPID() const
                0x0000000000010418                CDWHCITransferStageData::IsDirectionIn() const
                0x0000000000010420                CDWHCITransferStageData::IsStatusStage() const
                0x0000000000010428                CDWHCITransferStageData::GetDMAAddress() const
                0x0000000000010450                CDWHCITransferStageData::GetBytesToTransfer() const
                0x0000000000010458                CDWHCITransferStageData::GetPacketsToTransfer() const
                0x0000000000010460                CDWHCITransferStageData::IsSplit() const
                0x0000000000010468                CDWHCITransferStageData::IsSplitComplete() const
                0x0000000000010498                CDWHCITransferStageData::GetHubAddress() const
                0x00000000000104ec                CDWHCITransferStageData::GetHubPortAddress() const
                0x0000000000010540                CDWHCITransferStageData::GetSplitPosition() const
                0x0000000000010548                CDWHCITransferStageData::GetStatusMask() const
                0x0000000000010574                CDWHCITransferStageData::GetTransactionStatus() const
                0x000000000001059c                CDWHCITransferStageData::GetUSBError() const
                0x0000000000010600                CDWHCITransferStageData::IsStageComplete() const
                0x0000000000010610                CDWHCITransferStageData::GetResultLen() const
                0x0000000000010624                CDWHCITransferStageData::IsTimeout() const
                0x000000000001065c                CDWHCITransferStageData::GetURB() const
                0x0000000000010684                CDWHCITransferStageData::GetDevice() const
                0x00000000000106ac                CDWHCITransferStageData::GetFrameScheduler() const
                0x00000000000106b4                CDWHCITransferStageData::operator new(unsigned int)
                0x000000000001070c                CDWHCITransferStageData::operator delete(void*, unsigned int)
                0x0000000000010768                CDWHCITransferStageData::InitAllocator(unsigned int)
                0x00000000000107d4                CDWHCITransferStageData::InitProtectedAllocator(unsigned int, unsigned int)
 .text          0x0000000000010854     0x10e8 ../../lib/usb/libusb.a(usbdevice.o)
                0x0000000000010854                CUSBDevice::CUSBDevice(CUSBHostController*, TUSBSpeed, CUSBHCIRootPort*)
                0x0000000000010854                CUSBDevice::CUSBDevice(CUSBHostController*, TUSBSpeed, CUSBHCIRootPort*)
                0x0000000000010928                CUSBDevice::CUSBDevice(CUSBHostController*, TUSBSpeed, CUSBStandardHub*, unsigned int)
                0x0000000000010928                CUSBDevice::CUSBDevice(CUSBHostController*, TUSBSpeed, CUSBStandardHub*, unsigned int)
                0x0000000000010aa4                CUSBDevice::ReScanDevices()
                0x0000000000010ae4                CUSBDevice::RemoveDevice()
                0x0000000000010b30                CUSBDevice::GetName(TDeviceNameSelector) const
                0x0000000000010c4c                CUSBDevice::GetNames() const
                0x0000000000010d4c                CUSBDevice::SetAddress(unsigned char)
                0x0000000000010d78                CUSBDevice::GetAddress() const
                0x0000000000010d80                CUSBDevice::GetSpeed() const
                0x0000000000010d88                CUSBDevice::IsSplit() const
                0x0000000000010d90                CUSBDevice::GetHubAddress() const
                0x0000000000010d98                CUSBDevice::GetHubPortNumber() const
                0x0000000000010da0                CUSBDevice::GetTTHubDevice() const
                0x0000000000010da8                CUSBDevice::GetEndpoint0() const
                0x0000000000010dd0                CUSBDevice::GetHost() const
                0x0000000000010df8                CUSBDevice::GetDeviceDescriptor() const
                0x0000000000010e20                CUSBDevice::GetConfigurationDescriptor() const
                0x0000000000010e48                CUSBDevice::GetDescriptor(unsigned char)
                0x0000000000010e74                CUSBDevice::ConfigurationError(char const*) const
                0x0000000000010ea0                CUSBDevice::LogWrite(TLogSeverity, char const*, ...)
                0x0000000000010f5c                CUSBDevice::~CUSBDevice()
                0x0000000000010f5c                CUSBDevice::~CUSBDevice()
                0x00000000000110ec                CUSBDevice::~CUSBDevice()
                0x000000000001110c                CUSBDevice::Initialize()
                0x000000000001184c                CUSBDevice::Configure()
 .text.startup  0x000000000001193c       0x38 ../../lib/usb/libusb.a(usbdevice.o)
 .text          0x0000000000011974      0x52c ../../lib/usb/libusb.a(usbdevicefactory.o)
                0x0000000000011974                CUSBDeviceFactory::GetDevice(CUSBFunction*, CString*)
 .text          0x0000000000011ea0      0x360 ../../lib/usb/libusb.a(usbendpoint.o)
                0x0000000000011ea0                CUSBEndpoint::CUSBEndpoint(CUSBDevice*)
                0x0000000000011ea0                CUSBEndpoint::CUSBEndpoint(CUSBDevice*)
                0x0000000000011ee8                CUSBEndpoint::CUSBEndpoint(CUSBDevice*, TUSBEndpointDescriptor const*)
                0x0000000000011ee8                CUSBEndpoint::CUSBEndpoint(CUSBDevice*, TUSBEndpointDescriptor const*)
                0x0000000000012058                CUSBEndpoint::~CUSBEndpoint()
                0x0000000000012058                CUSBEndpoint::~CUSBEndpoint()
                0x000000000001205c                CUSBEndpoint::GetDevice() const
                0x0000000000012084                CUSBEndpoint::GetNumber() const
                0x000000000001208c                CUSBEndpoint::GetType() const
                0x0000000000012094                CUSBEndpoint::IsDirectionIn() const
                0x000000000001209c                CUSBEndpoint::SetMaxPacketSize(unsigned int)
                0x00000000000120a8                CUSBEndpoint::GetMaxPacketSize() const
                0x00000000000120b0                CUSBEndpoint::GetInterval() const
                0x00000000000120e0                CUSBEndpoint::GetNextPID(bool)
                0x0000000000012120                CUSBEndpoint::SkipPID(unsigned int, bool)
                0x00000000000121d0                CUSBEndpoint::ResetPID()
 .text          0x0000000000012200      0x6d4 ../../lib/usb/libusb.a(usbfunction.o)
                0x0000000000012200                CUSBFunction::Initialize()
                0x0000000000012208                CUSBFunction::ReScanDevices()
                0x0000000000012210                CUSBFunction::~CUSBFunction()
                0x0000000000012210                CUSBFunction::~CUSBFunction()
                0x0000000000012268                CUSBFunction::~CUSBFunction()
                0x0000000000012288                CUSBFunction::RemoveDevice()
                0x00000000000122b4                CUSBFunction::Configure()
                0x00000000000123b4                CUSBFunction::CUSBFunction(CUSBDevice*, CUSBConfigurationParser*)
                0x00000000000123b4                CUSBFunction::CUSBFunction(CUSBDevice*, CUSBConfigurationParser*)
                0x000000000001248c                CUSBFunction::CUSBFunction(CUSBFunction*)
                0x000000000001248c                CUSBFunction::CUSBFunction(CUSBFunction*)
                0x000000000001258c                CUSBFunction::GetInterfaceName() const
                0x0000000000012614                CUSBFunction::GetNumEndpoints() const
                0x0000000000012644                CUSBFunction::GetDevice() const
                0x000000000001266c                CUSBFunction::GetEndpoint0() const
                0x0000000000012698                CUSBFunction::GetHost() const
                0x00000000000126c4                CUSBFunction::GetDescriptor(unsigned char)
                0x00000000000126f0                CUSBFunction::ConfigurationError(char const*) const
                0x0000000000012740                CUSBFunction::SelectInterfaceByClass(unsigned char, unsigned char, unsigned char)
                0x0000000000012814                CUSBFunction::GetInterfaceNumber() const
                0x0000000000012844                CUSBFunction::GetInterfaceClass() const
                0x0000000000012874                CUSBFunction::GetInterfaceSubClass() const
                0x00000000000128a4                CUSBFunction::GetInterfaceProtocol() const
 .text          0x00000000000128d4      0x554 ../../lib/usb/libusb.a(usbgamepadps3.o)
                0x00000000000128d4                CUSBGamePadPS3Device::~CUSBGamePadPS3Device()
                0x00000000000128d4                CUSBGamePadPS3Device::~CUSBGamePadPS3Device()
                0x00000000000128f4                CUSBGamePadPS3Device::~CUSBGamePadPS3Device()
                0x0000000000012920                CUSBGamePadPS3Device::SetRumbleMode(TGamePadRumbleMode)
                0x0000000000012a20                CUSBGamePadPS3Device::SetLEDMode(TGamePadLEDMode)
                0x0000000000012ab4                CUSBGamePadPS3Device::CUSBGamePadPS3Device(CUSBFunction*)
                0x0000000000012ab4                CUSBGamePadPS3Device::CUSBGamePadPS3Device(CUSBFunction*)
                0x0000000000012b10                CUSBGamePadPS3Device::PS3Enable()
                0x0000000000012bc4                CUSBGamePadPS3Device::Configure()
                0x0000000000012ce0                CUSBGamePadPS3Device::DecodeReport(unsigned char const*)
 .text._ZN17CUSBGamePadDevice10SetLEDModeEjhh
                0x0000000000012e28        0x8 ../../lib/usb/libusb.a(usbgamepadps3.o)
                0x0000000000012e28                CUSBGamePadDevice::SetLEDMode(unsigned int, unsigned char, unsigned char)
 .text._ZN20CUSBGamePadPS3Device13GetPropertiesEv
                0x0000000000012e30        0x8 ../../lib/usb/libusb.a(usbgamepadps3.o)
                0x0000000000012e30                CUSBGamePadPS3Device::GetProperties()
 .text          0x0000000000012e38      0x7bc ../../lib/usb/libusb.a(usbgamepadps4.o)
                0x0000000000012e38                CUSBGamePadPS4Device::DecodeReport(unsigned char const*)
                0x0000000000012fa8                CUSBGamePadPS4Device::~CUSBGamePadPS4Device()
                0x0000000000012fa8                CUSBGamePadPS4Device::~CUSBGamePadPS4Device()
                0x0000000000012ff4                CUSBGamePadPS4Device::~CUSBGamePadPS4Device()
                0x0000000000013014                CUSBGamePadPS4Device::CUSBGamePadPS4Device(CUSBFunction*)
                0x0000000000013014                CUSBGamePadPS4Device::CUSBGamePadPS4Device(CUSBFunction*)
                0x000000000001306c                CUSBGamePadPS4Device::HandleTouchpad(unsigned char const*)
                0x0000000000013204                CUSBGamePadPS4Device::ReportHandler(unsigned char const*, unsigned int)
                0x0000000000013270                CUSBGamePadPS4Device::SendLedRumbleCommand()
                0x0000000000013318                CUSBGamePadPS4Device::SetLEDMode(TGamePadLEDMode)
                0x00000000000133f8                CUSBGamePadPS4Device::SetLEDMode(unsigned int, unsigned char, unsigned char)
                0x0000000000013418                CUSBGamePadPS4Device::SetRumbleMode(TGamePadRumbleMode)
                0x000000000001347c                CUSBGamePadPS4Device::DisableTouchpad()
                0x0000000000013490                CUSBGamePadPS4Device::Configure()
 .text._ZN20CUSBGamePadPS4Device13GetPropertiesEv
                0x00000000000135f4        0x8 ../../lib/usb/libusb.a(usbgamepadps4.o)
                0x00000000000135f4                CUSBGamePadPS4Device::GetProperties()
 .text          0x00000000000135fc      0x78c ../../lib/usb/libusb.a(usbgamepadstandard.o)
                0x00000000000135fc                CUSBGamePadStandardDevice::~CUSBGamePadStandardDevice()
                0x00000000000135fc                CUSBGamePadStandardDevice::~CUSBGamePadStandardDevice()
                0x0000000000013638                CUSBGamePadStandardDevice::~CUSBGamePadStandardDevice()
                0x0000000000013658                CUSBGamePadStandardDevice::CUSBGamePadStandardDevice(CUSBFunction*, bool)
                0x0000000000013658                CUSBGamePadStandardDevice::CUSBGamePadStandardDevice(CUSBFunction*, bool)
                0x0000000000013690                CUSBGamePadStandardDevice::BitGetUnsigned(void const*, unsigned int, unsigned int)
                0x0000000000013790                CUSBGamePadStandardDevice::BitGetSigned(void const*, unsigned int, unsigned int)
                0x00000000000137b8                CUSBGamePadStandardDevice::DecodeReport(unsigned char const*)
                0x0000000000013bdc                CUSBGamePadStandardDevice::Configure()
 .text._ZN17CUSBGamePadDevice13GetPropertiesEv
                0x0000000000013d88        0x8 ../../lib/usb/libusb.a(usbgamepadstandard.o)
                0x0000000000013d88                CUSBGamePadDevice::GetProperties()
 .text._ZN17CUSBGamePadDevice10SetLEDModeE15TGamePadLEDMode
                0x0000000000013d90        0x8 ../../lib/usb/libusb.a(usbgamepadstandard.o)
                0x0000000000013d90                CUSBGamePadDevice::SetLEDMode(TGamePadLEDMode)
 .text._ZN17CUSBGamePadDevice13SetRumbleModeE18TGamePadRumbleMode
                0x0000000000013d98        0x8 ../../lib/usb/libusb.a(usbgamepadstandard.o)
                0x0000000000013d98                CUSBGamePadDevice::SetRumbleMode(TGamePadRumbleMode)
 .text          0x0000000000013da0      0x794 ../../lib/usb/libusb.a(usbgamepadswitchpro.o)
                0x0000000000013da0                CUSBGamePadSwitchProDevice::~CUSBGamePadSwitchProDevice()
                0x0000000000013da0                CUSBGamePadSwitchProDevice::~CUSBGamePadSwitchProDevice()
                0x0000000000013dc0                CUSBGamePadSwitchProDevice::~CUSBGamePadSwitchProDevice()
                0x0000000000013dec                CUSBGamePadSwitchProDevice::DecodeReport(unsigned char const*)
                0x0000000000013fd4                CUSBGamePadSwitchProDevice::SetLEDMode(TGamePadLEDMode)
                0x000000000001408c                CUSBGamePadSwitchProDevice::SetRumbleMode(TGamePadRumbleMode)
                0x0000000000014178                CUSBGamePadSwitchProDevice::CUSBGamePadSwitchProDevice(CUSBFunction*)
                0x0000000000014178                CUSBGamePadSwitchProDevice::CUSBGamePadSwitchProDevice(CUSBFunction*)
                0x00000000000141c4                CUSBGamePadSwitchProDevice::Configure()
 .text._ZN26CUSBGamePadSwitchProDevice13GetPropertiesEv
                0x0000000000014534        0x8 ../../lib/usb/libusb.a(usbgamepadswitchpro.o)
                0x0000000000014534                CUSBGamePadSwitchProDevice::GetProperties()
 .text          0x000000000001453c      0x39c ../../lib/usb/libusb.a(usbgamepadxbox360.o)
                0x000000000001453c                CUSBGamePadXbox360Device::~CUSBGamePadXbox360Device()
                0x000000000001453c                CUSBGamePadXbox360Device::~CUSBGamePadXbox360Device()
                0x000000000001455c                CUSBGamePadXbox360Device::~CUSBGamePadXbox360Device()
                0x0000000000014588                CUSBGamePadXbox360Device::ReportHandler(unsigned char const*, unsigned int)
                0x00000000000145f8                CUSBGamePadXbox360Device::DecodeReport(unsigned char const*)
                0x0000000000014710                CUSBGamePadXbox360Device::SetLEDMode(TGamePadLEDMode)
                0x0000000000014768                CUSBGamePadXbox360Device::SetRumbleMode(TGamePadRumbleMode)
                0x00000000000147f8                CUSBGamePadXbox360Device::CUSBGamePadXbox360Device(CUSBFunction*)
                0x00000000000147f8                CUSBGamePadXbox360Device::CUSBGamePadXbox360Device(CUSBFunction*)
                0x0000000000014818                CUSBGamePadXbox360Device::Configure()
 .text._ZN24CUSBGamePadXbox360Device13GetPropertiesEv
                0x00000000000148d8        0x8 ../../lib/usb/libusb.a(usbgamepadxbox360.o)
                0x00000000000148d8                CUSBGamePadXbox360Device::GetProperties()
 .text          0x00000000000148e0      0x4e8 ../../lib/usb/libusb.a(usbgamepadxboxone.o)
                0x00000000000148e0                CUSBGamePadXboxOneDevice::DecodeReport(unsigned char const*)
                0x0000000000014a50                CUSBGamePadXboxOneDevice::~CUSBGamePadXboxOneDevice()
                0x0000000000014a50                CUSBGamePadXboxOneDevice::~CUSBGamePadXboxOneDevice()
                0x0000000000014a70                CUSBGamePadXboxOneDevice::~CUSBGamePadXboxOneDevice()
                0x0000000000014a9c                CUSBGamePadXboxOneDevice::ReportHandler(unsigned char const*, unsigned int)
                0x0000000000014bb0                CUSBGamePadXboxOneDevice::SetRumbleMode(TGamePadRumbleMode)
                0x0000000000014c74                CUSBGamePadXboxOneDevice::CUSBGamePadXboxOneDevice(CUSBFunction*)
                0x0000000000014c74                CUSBGamePadXboxOneDevice::CUSBGamePadXboxOneDevice(CUSBFunction*)
                0x0000000000014c9c                CUSBGamePadXboxOneDevice::Configure()
 .text._ZN24CUSBGamePadXboxOneDevice13GetPropertiesEv
                0x0000000000014dc8        0x8 ../../lib/usb/libusb.a(usbgamepadxboxone.o)
                0x0000000000014dc8                CUSBGamePadXboxOneDevice::GetProperties()
 .text          0x0000000000014dd0      0x8d0 ../../lib/usb/libusb.a(usbhiddevice.o)
                0x0000000000014dd0                CUSBHIDDevice::SendCompletionRoutine(CUSBRequest*, void*, void*)
                0x0000000000014e64                CUSBHIDDevice::CUSBHIDDevice(CUSBFunction*, unsigned int)
                0x0000000000014e64                CUSBHIDDevice::CUSBHIDDevice(CUSBFunction*, unsigned int)
                0x0000000000014ec8                CUSBHIDDevice::~CUSBHIDDevice()
                0x0000000000014ec8                CUSBHIDDevice::~CUSBHIDDevice()
                0x0000000000014f54                CUSBHIDDevice::~CUSBHIDDevice()
                0x0000000000014f74                CUSBHIDDevice::Configure(unsigned int)
                0x00000000000151e8                CUSBHIDDevice::SendToEndpointOut(void const*, unsigned int, unsigned int)
                0x000000000001527c                CUSBHIDDevice::SendToEndpointOutAsync(void const*, unsigned int, unsigned int)
                0x0000000000015370                CUSBHIDDevice::ReceiveFromEndpointIn(void*, unsigned int, unsigned int)
                0x0000000000015430                CUSBHIDDevice::StartRequest()
                0x000000000001553c                CUSBHIDDevice::CompletionRoutine(CUSBRequest*)
                0x0000000000015670                CUSBHIDDevice::CompletionStub(CUSBRequest*, void*, void*)
 .text          0x00000000000156a0      0x47c ../../lib/usb/libusb.a(usbkeyboard.o)
                0x00000000000156a0                CUSBKeyboardDevice::~CUSBKeyboardDevice()
                0x00000000000156a0                CUSBKeyboardDevice::~CUSBKeyboardDevice()
                0x0000000000015708                CUSBKeyboardDevice::~CUSBKeyboardDevice()
                0x0000000000015728                CUSBKeyboardDevice::ReportHandler(unsigned char const*, unsigned int)
                0x00000000000158a0                CUSBKeyboardDevice::CUSBKeyboardDevice(CUSBFunction*)
                0x00000000000158a0                CUSBKeyboardDevice::CUSBKeyboardDevice(CUSBFunction*)
                0x00000000000158f8                CUSBKeyboardDevice::RegisterKeyPressedHandler(void (*)(char const*))
                0x0000000000015900                CUSBKeyboardDevice::RegisterSelectConsoleHandler(void (*)(unsigned int))
                0x0000000000015908                CUSBKeyboardDevice::RegisterShutdownHandler(void (*)())
                0x0000000000015910                CUSBKeyboardDevice::GetLEDStatus() const
                0x0000000000015938                CUSBKeyboardDevice::RegisterKeyStatusHandlerRaw(void (*)(unsigned char, unsigned char const*))
                0x0000000000015964                CUSBKeyboardDevice::SetLEDs(unsigned char)
                0x00000000000159fc                CUSBKeyboardDevice::Configure()
                0x0000000000015a94                CUSBKeyboardDevice::UpdateLEDs()
                0x0000000000015af0                CUSBKeyboardDevice::FindByte(unsigned char const*, unsigned char, unsigned int)
 .text.startup  0x0000000000015b1c       0x38 ../../lib/usb/libusb.a(usbkeyboard.o)
 .text          0x0000000000015b54      0xdc4 ../../lib/usb/libusb.a(usbmassdevice.o)
                0x0000000000015b54                CUSBBulkOnlyMassStorageDevice::CUSBBulkOnlyMassStorageDevice(CUSBFunction*)
                0x0000000000015b54                CUSBBulkOnlyMassStorageDevice::CUSBBulkOnlyMassStorageDevice(CUSBFunction*)
                0x0000000000015b98                CUSBBulkOnlyMassStorageDevice::~CUSBBulkOnlyMassStorageDevice()
                0x0000000000015b98                CUSBBulkOnlyMassStorageDevice::~CUSBBulkOnlyMassStorageDevice()
                0x0000000000015c70                CUSBBulkOnlyMassStorageDevice::~CUSBBulkOnlyMassStorageDevice()
                0x0000000000015c90                CUSBBulkOnlyMassStorageDevice::Configure()
                0x000000000001614c                CUSBBulkOnlyMassStorageDevice::Read(void*, unsigned int)
                0x00000000000161b4                CUSBBulkOnlyMassStorageDevice::Write(void const*, unsigned int)
                0x000000000001621c                CUSBBulkOnlyMassStorageDevice::Seek(unsigned long long)
                0x0000000000016230                CUSBBulkOnlyMassStorageDevice::GetCapacity() const
                0x0000000000016238                CUSBBulkOnlyMassStorageDevice::TryRead(void*, unsigned int)
                0x0000000000016324                CUSBBulkOnlyMassStorageDevice::TryWrite(void const*, unsigned int)
                0x0000000000016414                CUSBBulkOnlyMassStorageDevice::Command(void*, unsigned int, void*, unsigned int, bool)
                0x0000000000016780                CUSBBulkOnlyMassStorageDevice::Reset()
 .text.startup  0x0000000000016918        0x4 ../../lib/usb/libusb.a(usbmassdevice.o)
 .text          0x000000000001691c      0x790 ../../lib/usb/libusb.a(usbmidi.o)
                0x000000000001691c                CUSBMIDIDevice::~CUSBMIDIDevice()
                0x000000000001691c                CUSBMIDIDevice::~CUSBMIDIDevice()
                0x00000000000169e4                CUSBMIDIDevice::~CUSBMIDIDevice()
                0x0000000000016a04                CUSBMIDIDevice::CUSBMIDIDevice(CUSBFunction*)
                0x0000000000016a04                CUSBMIDIDevice::CUSBMIDIDevice(CUSBFunction*)
                0x0000000000016a40                CUSBMIDIDevice::RegisterPacketHandler(void (*)(unsigned int, unsigned char*, unsigned int))
                0x0000000000016a8c                CUSBMIDIDevice::StartRequest()
                0x0000000000016ba0                CUSBMIDIDevice::TimerStub(unsigned int, void*, void*)
                0x0000000000016bfc                CUSBMIDIDevice::CompletionRoutine(CUSBRequest*)
                0x0000000000016e40                CUSBMIDIDevice::CompletionStub(CUSBRequest*, void*, void*)
                0x0000000000016e70                CUSBMIDIDevice::TimerHandler(unsigned int)
                0x0000000000016ea4                CUSBMIDIDevice::Configure()
 .text.startup  0x00000000000170ac       0x38 ../../lib/usb/libusb.a(usbmidi.o)
 .text          0x00000000000170e4      0x244 ../../lib/usb/libusb.a(usbmouse.o)
                0x00000000000170e4                CUSBMouseDevice::~CUSBMouseDevice()
                0x00000000000170e4                CUSBMouseDevice::~CUSBMouseDevice()
                0x0000000000017140                CUSBMouseDevice::~CUSBMouseDevice()
                0x0000000000017160                CUSBMouseDevice::Configure()
                0x00000000000172a8                CUSBMouseDevice::ReportHandler(unsigned char const*, unsigned int)
                0x00000000000172f8                CUSBMouseDevice::CUSBMouseDevice(CUSBFunction*)
                0x00000000000172f8                CUSBMouseDevice::CUSBMouseDevice(CUSBFunction*)
 .text          0x0000000000017328      0x3a4 ../../lib/usb/libusb.a(usbprinter.o)
                0x0000000000017328                CUSBPrinterDevice::~CUSBPrinterDevice()
                0x0000000000017328                CUSBPrinterDevice::~CUSBPrinterDevice()
                0x00000000000173d0                CUSBPrinterDevice::~CUSBPrinterDevice()
                0x00000000000173f0                CUSBPrinterDevice::Write(void const*, unsigned int)
                0x0000000000017490                CUSBPrinterDevice::CUSBPrinterDevice(CUSBFunction*)
                0x0000000000017490                CUSBPrinterDevice::CUSBPrinterDevice(CUSBFunction*)
                0x00000000000174c4                CUSBPrinterDevice::Configure()
 .text.startup  0x00000000000176cc       0x38 ../../lib/usb/libusb.a(usbprinter.o)
 .text          0x0000000000017704      0xdf4 ../../lib/usb/libusb.a(lan7800.o)
                0x0000000000017704                CLAN7800Device::GetMACAddress() const
                0x000000000001770c                CLAN7800Device::~CLAN7800Device()
                0x000000000001770c                CLAN7800Device::~CLAN7800Device()
                0x0000000000017790                non-virtual thunk to CLAN7800Device::~CLAN7800Device()
                0x0000000000017798                CLAN7800Device::~CLAN7800Device()
                0x00000000000177b8                non-virtual thunk to CLAN7800Device::~CLAN7800Device()
                0x00000000000177c0                CLAN7800Device::ReceiveFrame(void*, unsigned int*)
                0x000000000001793c                non-virtual thunk to CLAN7800Device::ReceiveFrame(void*, unsigned int*)
                0x0000000000017944                CLAN7800Device::SendFrame(void const*, unsigned int)
                0x00000000000179f8                non-virtual thunk to CLAN7800Device::SendFrame(void const*, unsigned int)
                0x0000000000017a00                non-virtual thunk to CLAN7800Device::GetMACAddress() const
                0x0000000000017a08                CLAN7800Device::CLAN7800Device(CUSBFunction*)
                0x0000000000017a08                CLAN7800Device::CLAN7800Device(CUSBFunction*)
                0x0000000000017a50                CLAN7800Device::WriteReg(unsigned int, unsigned int)
                0x0000000000017ae8                CLAN7800Device::ReadReg(unsigned int, unsigned int*)
                0x0000000000017b7c                CLAN7800Device::WaitReg(unsigned int, unsigned int, unsigned int, unsigned int, unsigned int)
                0x0000000000017c28                CLAN7800Device::PHYWrite(unsigned char, unsigned short)
                0x0000000000017ce8                CLAN7800Device::PHYRead(unsigned char, unsigned short*)
                0x0000000000017dd8                CLAN7800Device::IsLinkUp()
                0x0000000000017e00                non-virtual thunk to CLAN7800Device::IsLinkUp()
                0x0000000000017e08                CLAN7800Device::GetLinkSpeed()
                0x0000000000017e9c                non-virtual thunk to CLAN7800Device::GetLinkSpeed()
                0x0000000000017ea4                CLAN7800Device::InitPHY()
                0x0000000000017f08                CLAN7800Device::ReadWriteReg(unsigned int, unsigned int, unsigned int)
                0x0000000000017f54                CLAN7800Device::InitMACAddress()
                0x000000000001808c                CLAN7800Device::Configure()
 .text._ZN10CNetDevice7GetTypeEv
                0x00000000000184f8        0x8 ../../lib/usb/libusb.a(lan7800.o)
                0x00000000000184f8                CNetDevice::GetType()
 .text._ZN10CNetDevice20IsSendFrameAdvisableEv
                0x0000000000018500        0x8 ../../lib/usb/libusb.a(lan7800.o)
                0x0000000000018500                CNetDevice::IsSendFrameAdvisable()
 .text._ZN10CNetDevice9UpdatePHYEv
                0x0000000000018508        0x8 ../../lib/usb/libusb.a(lan7800.o)
                0x0000000000018508                CNetDevice::UpdatePHY()
 .text          0x0000000000018510      0xb60 ../../lib/usb/libusb.a(smsc951x.o)
                0x0000000000018510                CSMSC951xDevice::GetMACAddress() const
                0x0000000000018518                CSMSC951xDevice::~CSMSC951xDevice()
                0x0000000000018518                CSMSC951xDevice::~CSMSC951xDevice()
                0x000000000001859c                non-virtual thunk to CSMSC951xDevice::~CSMSC951xDevice()
                0x00000000000185a4                CSMSC951xDevice::~CSMSC951xDevice()
                0x00000000000185c4                non-virtual thunk to CSMSC951xDevice::~CSMSC951xDevice()
                0x00000000000185cc                CSMSC951xDevice::ReceiveFrame(void*, unsigned int*)
                0x0000000000018754                non-virtual thunk to CSMSC951xDevice::ReceiveFrame(void*, unsigned int*)
                0x000000000001875c                CSMSC951xDevice::SendFrame(void const*, unsigned int)
                0x0000000000018808                non-virtual thunk to CSMSC951xDevice::SendFrame(void const*, unsigned int)
                0x0000000000018810                non-virtual thunk to CSMSC951xDevice::GetMACAddress() const
                0x0000000000018818                CSMSC951xDevice::CSMSC951xDevice(CUSBFunction*)
                0x0000000000018818                CSMSC951xDevice::CSMSC951xDevice(CUSBFunction*)
                0x0000000000018860                CSMSC951xDevice::WriteReg(unsigned int, unsigned int)
                0x00000000000188c8                CSMSC951xDevice::ReadReg(unsigned int, unsigned int*)
                0x0000000000018930                CSMSC951xDevice::PHYWaitNotBusy()
                0x00000000000189b0                CSMSC951xDevice::PHYWrite(unsigned char, unsigned short)
                0x0000000000018a34                CSMSC951xDevice::PHYRead(unsigned char, unsigned short*)
                0x0000000000018af4                CSMSC951xDevice::IsLinkUp()
                0x0000000000018b1c                non-virtual thunk to CSMSC951xDevice::IsLinkUp()
                0x0000000000018b24                CSMSC951xDevice::GetLinkSpeed()
                0x0000000000018b80                non-virtual thunk to CSMSC951xDevice::GetLinkSpeed()
                0x0000000000018b88                CSMSC951xDevice::DumpReg(char const*, unsigned int)
                0x0000000000018c00                CSMSC951xDevice::DumpRegs()
                0x0000000000018d98                CSMSC951xDevice::Configure()
 .text          0x0000000000019070      0x688 ../../lib/usb/libusb.a(usbbluetooth.o)
                0x0000000000019070                CUSBBluetoothDevice::~CUSBBluetoothDevice()
                0x0000000000019070                CUSBBluetoothDevice::~CUSBBluetoothDevice()
                0x0000000000019160                CUSBBluetoothDevice::~CUSBBluetoothDevice()
                0x0000000000019180                CUSBBluetoothDevice::CUSBBluetoothDevice(CUSBFunction*)
                0x0000000000019180                CUSBBluetoothDevice::CUSBBluetoothDevice(CUSBFunction*)
                0x00000000000191c0                CUSBBluetoothDevice::SendHCICommand(void const*, unsigned int)
                0x000000000001921c                CUSBBluetoothDevice::StartRequest()
                0x000000000001930c                CUSBBluetoothDevice::RegisterHCIEventHandler(void (*)(void const*, unsigned int))
                0x0000000000019338                CUSBBluetoothDevice::CompletionRoutine(CUSBRequest*)
                0x000000000001948c                CUSBBluetoothDevice::CompletionStub(CUSBRequest*, void*, void*)
                0x00000000000194bc                CUSBBluetoothDevice::Configure()
 .text.startup  0x00000000000196f8       0x38 ../../lib/usb/libusb.a(usbbluetooth.o)
 .text          0x0000000000019730      0x610 ../../lib/usb/libusb.a(usbcdcethernet.o)
                0x0000000000019730                CUSBCDCEthernetDevice::GetMACAddress() const
                0x0000000000019738                CUSBCDCEthernetDevice::~CUSBCDCEthernetDevice()
                0x0000000000019738                CUSBCDCEthernetDevice::~CUSBCDCEthernetDevice()
                0x00000000000197bc                non-virtual thunk to CUSBCDCEthernetDevice::~CUSBCDCEthernetDevice()
                0x00000000000197c4                CUSBCDCEthernetDevice::~CUSBCDCEthernetDevice()
                0x00000000000197e4                non-virtual thunk to CUSBCDCEthernetDevice::~CUSBCDCEthernetDevice()
                0x00000000000197ec                CUSBCDCEthernetDevice::ReceiveFrame(void*, unsigned int*)
                0x00000000000198e0                non-virtual thunk to CUSBCDCEthernetDevice::ReceiveFrame(void*, unsigned int*)
                0x00000000000198e8                CUSBCDCEthernetDevice::SendFrame(void const*, unsigned int)
                0x000000000001998c                non-virtual thunk to CUSBCDCEthernetDevice::SendFrame(void const*, unsigned int)
                0x0000000000019994                non-virtual thunk to CUSBCDCEthernetDevice::GetMACAddress() const
                0x000000000001999c                CUSBCDCEthernetDevice::CUSBCDCEthernetDevice(CUSBFunction*)
                0x000000000001999c                CUSBCDCEthernetDevice::CUSBCDCEthernetDevice(CUSBFunction*)
                0x00000000000199e4                CUSBCDCEthernetDevice::InitMACAddress(unsigned char)
                0x0000000000019ae8                CUSBCDCEthernetDevice::Configure()
 .text._ZN10CNetDevice8IsLinkUpEv
                0x0000000000019d40        0x8 ../../lib/usb/libusb.a(usbcdcethernet.o)
                0x0000000000019d40                CNetDevice::IsLinkUp()
 .text._ZN10CNetDevice12GetLinkSpeedEv
                0x0000000000019d48        0x8 ../../lib/usb/libusb.a(usbcdcethernet.o)
                0x0000000000019d48                CNetDevice::GetLinkSpeed()
 .text          0x0000000000019d50      0x324 ../../lib/usb/libusb.a(usbconfigparser.o)
                0x0000000000019d50                CUSBConfigurationParser::CUSBConfigurationParser(void const*, unsigned int)
                0x0000000000019d50                CUSBConfigurationParser::CUSBConfigurationParser(void const*, unsigned int)
                0x0000000000019ea8                CUSBConfigurationParser::CUSBConfigurationParser(CUSBConfigurationParser*)
                0x0000000000019ea8                CUSBConfigurationParser::CUSBConfigurationParser(CUSBConfigurationParser*)
                0x0000000000019f08                CUSBConfigurationParser::~CUSBConfigurationParser()
                0x0000000000019f08                CUSBConfigurationParser::~CUSBConfigurationParser()
                0x0000000000019f0c                CUSBConfigurationParser::IsValid() const
                0x0000000000019f14                CUSBConfigurationParser::GetDescriptor(unsigned char)
                0x0000000000019fc0                CUSBConfigurationParser::GetCurrentDescriptor()
                0x000000000001a00c                CUSBConfigurationParser::Error(char const*) const
 .text          0x000000000001a074      0x23c ../../lib/usb/libusb.a(usbgamepad.o)
                0x000000000001a074                CUSBGamePadDevice::GetInitialState()
                0x000000000001a07c                CUSBGamePadDevice::ReportHandler(unsigned char const*, unsigned int)
                0x000000000001a0d0                CUSBGamePadDevice::RegisterStatusHandler(void (*)(unsigned int, TGamePadState const*))
                0x000000000001a11c                CUSBGamePadDevice::Configure()
                0x000000000001a1ec                CUSBGamePadDevice::CUSBGamePadDevice(CUSBFunction*)
                0x000000000001a1ec                CUSBGamePadDevice::CUSBGamePadDevice(CUSBFunction*)
                0x000000000001a230                CUSBGamePadDevice::~CUSBGamePadDevice()
                0x000000000001a230                CUSBGamePadDevice::~CUSBGamePadDevice()
                0x000000000001a290                CUSBGamePadDevice::~CUSBGamePadDevice()
 .text.startup  0x000000000001a2b0       0x38 ../../lib/usb/libusb.a(usbgamepad.o)
 .text          0x000000000001a2e8      0x578 ../../lib/usb/libusb.a(usbstring.o)
                0x000000000001a2e8                CUSBString::CUSBString(CUSBDevice*)
                0x000000000001a2e8                CUSBString::CUSBString(CUSBDevice*)
                0x000000000001a34c                CUSBString::CUSBString(CUSBString*)
                0x000000000001a34c                CUSBString::CUSBString(CUSBString*)
                0x000000000001a420                CUSBString::~CUSBString()
                0x000000000001a420                CUSBString::~CUSBString()
                0x000000000001a460                CUSBString::GetFromDescriptor(unsigned char, unsigned short)
                0x000000000001a6c0                CUSBString::Get() const
                0x000000000001a6c8                CUSBString::GetLanguageID()
 .text          0x000000000001a860      0x310 ../../lib/input/libinput.a(keyboardbehaviour.o)
                0x000000000001a860                CKeyboardBehaviour::CKeyboardBehaviour()
                0x000000000001a860                CKeyboardBehaviour::CKeyboardBehaviour()
                0x000000000001a890                CKeyboardBehaviour::~CKeyboardBehaviour()
                0x000000000001a890                CKeyboardBehaviour::~CKeyboardBehaviour()
                0x000000000001a8b8                CKeyboardBehaviour::RegisterKeyPressedHandler(void (*)(char const*))
                0x000000000001a8e4                CKeyboardBehaviour::RegisterSelectConsoleHandler(void (*)(unsigned int))
                0x000000000001a910                CKeyboardBehaviour::RegisterShutdownHandler(void (*)())
                0x000000000001a93c                CKeyboardBehaviour::GetLEDStatus() const
                0x000000000001a944                CKeyboardBehaviour::GenerateKeyEvent(unsigned char)
                0x000000000001aa10                CKeyboardBehaviour::KeyPressed(unsigned char)
                0x000000000001aa50                CKeyboardBehaviour::KeyReleased(unsigned char)
                0x000000000001aab8                CKeyboardBehaviour::TimerHandler(unsigned int)
                0x000000000001ab40                CKeyboardBehaviour::TimerStub(unsigned int, void*, void*)
 .text          0x000000000001ab70      0x390 ../../lib/input/libinput.a(keymap.o)
                0x000000000001ab70                CKeyMap::~CKeyMap()
                0x000000000001ab70                CKeyMap::~CKeyMap()
                0x000000000001ab74                CKeyMap::ClearTable(unsigned char)
                0x000000000001abac                CKeyMap::SetEntry(unsigned char, unsigned char, unsigned short)
                0x000000000001abfc                CKeyMap::Translate(unsigned char, unsigned char)
                0x000000000001ad00                CKeyMap::GetString(unsigned short, unsigned char, char*) const
                0x000000000001adc0                CKeyMap::GetLEDStatus() const
                0x000000000001adf0                CKeyMap::LookupDefaultMap(char const*)
                0x000000000001ae70                CKeyMap::CKeyMap()
                0x000000000001ae70                CKeyMap::CKeyMap()
 .text          0x000000000001af00      0x1c8 ../../lib/input/libinput.a(mouse.o)
                0x000000000001af00                CMouseDevice::~CMouseDevice()
                0x000000000001af00                CMouseDevice::~CMouseDevice()
                0x000000000001af5c                CMouseDevice::~CMouseDevice()
                0x000000000001af7c                CMouseDevice::CMouseDevice()
                0x000000000001af7c                CMouseDevice::CMouseDevice()
                0x000000000001b00c                CMouseDevice::Setup(unsigned int, unsigned int)
                0x000000000001b014                CMouseDevice::RegisterEventHandler(void (*)(TMouseEvent, unsigned int, unsigned int, unsigned int))
                0x000000000001b01c                CMouseDevice::SetCursor(unsigned int, unsigned int)
                0x000000000001b024                CMouseDevice::ShowCursor(bool)
                0x000000000001b02c                CMouseDevice::UpdateCursor()
                0x000000000001b040                CMouseDevice::RegisterStatusHandler(void (*)(unsigned int, int, int))
                0x000000000001b08c                CMouseDevice::ReportHandler(unsigned int, int, int)
 .text.startup  0x000000000001b0c8       0x38 ../../lib/input/libinput.a(mouse.o)
 .text          0x000000000001b100      0x6f0 ../../lib/input/libinput.a(console.o)
                0x000000000001b100                CConsole::Read(void*, unsigned int)
                0x000000000001b118                CConsole::~CConsole()
                0x000000000001b118                CConsole::~CConsole()
                0x000000000001b184                CConsole::~CConsole()
                0x000000000001b1a4                CConsole::KeyboardRemovedHandler(CDevice*, void*)
                0x000000000001b274                CConsole::Write(void const*, unsigned int)
                0x000000000001b2dc                CConsole::CConsole(CDevice*, bool)
                0x000000000001b2dc                CConsole::CConsole(CDevice*, bool)
                0x000000000001b32c                CConsole::CConsole(CDevice*, CDevice*)
                0x000000000001b32c                CConsole::CConsole(CDevice*, CDevice*)
                0x000000000001b3c8                CConsole::IsAlternateDeviceUsed() const
                0x000000000001b3d0                CConsole::GetOptions() const
                0x000000000001b3d8                CConsole::SetOptions(unsigned int)
                0x000000000001b410                CConsole::UpdatePlugAndPlay()
                0x000000000001b594                CConsole::Initialize()
 .text          0x000000000001b7f0      0x308 ../../lib/input/libinput.a(keyboardbuffer.o)
                0x000000000001b7f0                CKeyboardBuffer::~CKeyboardBuffer()
                0x000000000001b7f0                CKeyboardBuffer::~CKeyboardBuffer()
                0x000000000001b824                CKeyboardBuffer::~CKeyboardBuffer()
                0x000000000001b864                CKeyboardBuffer::Read(void*, unsigned int)
                0x000000000001b938                CKeyboardBuffer::CKeyboardBuffer(CUSBKeyboardDevice*)
                0x000000000001b938                CKeyboardBuffer::CKeyboardBuffer(CUSBKeyboardDevice*)
                0x000000000001b9e0                CKeyboardBuffer::InBuf(char)
                0x000000000001ba04                CKeyboardBuffer::BufStat() const
                0x000000000001ba18                CKeyboardBuffer::OutBuf()
                0x000000000001ba44                CKeyboardBuffer::KeyPressedHandler(char const*)
                0x000000000001bac0                CKeyboardBuffer::KeyPressedStub(char const*)
 .text          0x000000000001baf8      0x3d8 ../../lib/input/libinput.a(linediscipline.o)
                0x000000000001baf8                CLineDiscipline::~CLineDiscipline()
                0x000000000001baf8                CLineDiscipline::~CLineDiscipline()
                0x000000000001bb2c                CLineDiscipline::~CLineDiscipline()
                0x000000000001bb6c                CLineDiscipline::CLineDiscipline(CDevice*, CDevice*)
                0x000000000001bb6c                CLineDiscipline::CLineDiscipline(CDevice*, CDevice*)
                0x000000000001bbac                CLineDiscipline::SetOptionRawMode(bool)
                0x000000000001bbc8                CLineDiscipline::SetOptionEcho(bool)
                0x000000000001bbd0                CLineDiscipline::GetChar()
                0x000000000001bc44                CLineDiscipline::PutChar(int)
                0x000000000001bcbc                CLineDiscipline::Read(void*, unsigned int)
 .text          0x000000000001bed0      0x4e4 ../../lib/input/libinput.a(mousebehaviour.o)
                0x000000000001bed0                CMouseBehaviour::CMouseBehaviour()
                0x000000000001bed0                CMouseBehaviour::CMouseBehaviour()
                0x000000000001bef4                CMouseBehaviour::Setup(unsigned int, unsigned int)
                0x000000000001c028                CMouseBehaviour::RegisterEventHandler(void (*)(TMouseEvent, unsigned int, unsigned int, unsigned int))
                0x000000000001c074                CMouseBehaviour::MouseStatusChanged(unsigned int, int, int)
                0x000000000001c1c8                CMouseBehaviour::SetCursorState(unsigned int, unsigned int, bool)
                0x000000000001c248                CMouseBehaviour::~CMouseBehaviour()
                0x000000000001c248                CMouseBehaviour::~CMouseBehaviour()
                0x000000000001c280                CMouseBehaviour::SetCursor(unsigned int, unsigned int)
                0x000000000001c314                CMouseBehaviour::ShowCursor(bool)
                0x000000000001c384                CMouseBehaviour::UpdateCursor()
 .text          0x000000000001c3b4      0x310 ../../lib/fs/libfs.a(partitionmanager.o)
                0x000000000001c3b4                CPartitionManager::CPartitionManager(CDevice*, char const*)
                0x000000000001c3b4                CPartitionManager::CPartitionManager(CDevice*, char const*)
                0x000000000001c3e8                CPartitionManager::~CPartitionManager()
                0x000000000001c3e8                CPartitionManager::~CPartitionManager()
                0x000000000001c4ac                CPartitionManager::Initialize()
 .text          0x000000000001c6c4      0x2c0 ../../lib/fs/libfs.a(partition.o)
                0x000000000001c6c4                CPartition::~CPartition()
                0x000000000001c6c4                CPartition::~CPartition()
                0x000000000001c6ec                CPartition::~CPartition()
                0x000000000001c720                CPartition::Read(void*, unsigned int)
                0x000000000001c7b4                CPartition::Write(void const*, unsigned int)
                0x000000000001c848                CPartition::Seek(unsigned long long)
                0x000000000001c910                CPartition::CPartition(CDevice*, unsigned int, unsigned int)
                0x000000000001c910                CPartition::CPartition(CDevice*, unsigned int, unsigned int)
 .text          0x000000000001c984      0x184 ../../lib/libcircle.a(actled.o)
                0x000000000001c984                CActLED::CActLED(bool)
                0x000000000001c984                CActLED::CActLED(bool)
                0x000000000001ca38                CActLED::~CActLED()
                0x000000000001ca38                CActLED::~CActLED()
                0x000000000001ca4c                CActLED::On()
                0x000000000001ca78                CActLED::Off()
                0x000000000001caac                CActLED::Blink(unsigned int, unsigned int, unsigned int)
                0x000000000001caf8                CActLED::Get()
 .text          0x000000000001cb08       0x90 ../../lib/libcircle.a(assert.o)
                0x000000000001cb08                assertion_failed
 .text          0x000000000001cb98      0x198 ../../lib/libcircle.a(bcmpropertytags.o)
                0x000000000001cb98                CBcmPropertyTags::CBcmPropertyTags(bool)
                0x000000000001cb98                CBcmPropertyTags::CBcmPropertyTags(bool)
                0x000000000001cbb4                CBcmPropertyTags::~CBcmPropertyTags()
                0x000000000001cbb4                CBcmPropertyTags::~CBcmPropertyTags()
                0x000000000001cbc8                CBcmPropertyTags::GetTag(unsigned int, void*, unsigned int, unsigned int)
                0x000000000001cc48                CBcmPropertyTags::GetTags(void*, unsigned int)
 .text          0x000000000001cd30      0x310 ../../lib/libcircle.a(classallocator.o)
                0x000000000001cd30                CClassAllocator::~CClassAllocator()
                0x000000000001cd30                CClassAllocator::~CClassAllocator()
                0x000000000001cd58                CClassAllocator::Init(unsigned int, unsigned int)
                0x000000000001ce1c                CClassAllocator::CClassAllocator(unsigned int, unsigned int, char const*)
                0x000000000001ce1c                CClassAllocator::CClassAllocator(unsigned int, unsigned int, char const*)
                0x000000000001ce4c                CClassAllocator::CClassAllocator(unsigned int, unsigned int, unsigned int, char const*)
                0x000000000001ce4c                CClassAllocator::CClassAllocator(unsigned int, unsigned int, unsigned int, char const*)
                0x000000000001ce80                CClassAllocator::Allocate()
                0x000000000001cf6c                CClassAllocator::Free(void*)
 .text          0x000000000001d040      0x19c ../../lib/libcircle.a(debug.o)
                0x000000000001d040                debug_hexdump(void const*, unsigned int, char const*)
                0x000000000001d14c                debug_stacktrace(unsigned int const*, char const*)
 .text          0x000000000001d1dc       0xa4 ../../lib/libcircle.a(device.o)
                0x000000000001d1dc                CDevice::~CDevice()
                0x000000000001d1dc                CDevice::~CDevice()
                0x000000000001d20c                CDevice::Read(void*, unsigned int)
                0x000000000001d20c                CDevice::Write(void const*, unsigned int)
                0x000000000001d214                CDevice::Seek(unsigned long long)
                0x000000000001d220                CDevice::RemoveDevice()
                0x000000000001d228                CDevice::~CDevice()
                0x000000000001d264                CDevice::CDevice()
                0x000000000001d264                CDevice::CDevice()
                0x000000000001d278                CDevice::RegisterRemovedHandler(void (*)(CDevice*, void*), void*)
 .text          0x000000000001d280      0x60c ../../lib/libcircle.a(devicenameservice.o)
                0x000000000001d280                CDeviceNameService::CDeviceNameService()
                0x000000000001d280                CDeviceNameService::CDeviceNameService()
                0x000000000001d2c4                CDeviceNameService::~CDeviceNameService()
                0x000000000001d2c4                CDeviceNameService::~CDeviceNameService()
                0x000000000001d320                CDeviceNameService::AddDevice(char const*, CDevice*, bool)
                0x000000000001d3d8                CDeviceNameService::RemoveDevice(char const*, bool)
                0x000000000001d4ec                CDeviceNameService::GetDevice(char const*, bool)
                0x000000000001d5f0                CDeviceNameService::Get()
                0x000000000001d620                CDeviceNameService::AddDevice(char const*, unsigned int, CDevice*, bool)
                0x000000000001d694                CDeviceNameService::RemoveDevice(char const*, unsigned int, bool)
                0x000000000001d700                CDeviceNameService::GetDevice(char const*, unsigned int, bool)
                0x000000000001d774                CDeviceNameService::ListDevices(CDevice*)
 .text          0x000000000001d88c      0xbd4 ../../lib/libcircle.a(gpiopin.o)
                0x000000000001d88c                CGPIOPin::CGPIOPin()
                0x000000000001d88c                CGPIOPin::CGPIOPin()
                0x000000000001d8c4                CGPIOPin::CGPIOPin(unsigned int, TGPIOMode, CGPIOManager*)
                0x000000000001d8c4                CGPIOPin::CGPIOPin(unsigned int, TGPIOMode, CGPIOManager*)
                0x000000000001d920                CGPIOPin::~CGPIOPin()
                0x000000000001d920                CGPIOPin::~CGPIOPin()
                0x000000000001d924                CGPIOPin::~CGPIOPin()
                0x000000000001d93c                CGPIOPin::AssignPin(unsigned int)
                0x000000000001d9c0                CGPIOPin::SetMode(TGPIOMode, bool)
                0x000000000001db60                CGPIOPin::Write(unsigned int)
                0x000000000001dbe4                CGPIOPin::Read() const
                0x000000000001dc50                CGPIOPin::Invert()
                0x000000000001dc80                CGPIOPin::ConnectInterrupt(void (*)(void*), void*, bool)
                0x000000000001dd50                CGPIOPin::DisconnectInterrupt()
                0x000000000001de00                CGPIOPin::EnableInterrupt(TGPIOInterrupt)
                0x000000000001def8                CGPIOPin::DisableInterrupt()
                0x000000000001dfa8                CGPIOPin::EnableInterrupt2(TGPIOInterrupt)
                0x000000000001e0a0                CGPIOPin::DisableInterrupt2()
                0x000000000001e150                CGPIOPin::AcknowledgeInterrupt()
                0x000000000001e1a8                CGPIOPin::WriteAll(unsigned int, unsigned int)
                0x000000000001e1cc                CGPIOPin::ReadAll()
                0x000000000001e1dc                CGPIOPin::SetPullMode(TGPIOPullMode)
                0x000000000001e274                CGPIOPin::SetAlternateFunction(unsigned int)
                0x000000000001e334                CGPIOPin::InterruptHandler()
                0x000000000001e3b0                CGPIOPin::DisableAllInterrupts(unsigned int)
 .text.startup  0x000000000001e460       0x14 ../../lib/libcircle.a(gpiopin.o)
 .text          0x000000000001e474      0x5d0 ../../lib/libcircle.a(i2cmaster.o)
                0x000000000001e474                CI2CMaster::CI2CMaster(unsigned int, bool, unsigned int)
                0x000000000001e474                CI2CMaster::CI2CMaster(unsigned int, bool, unsigned int)
                0x000000000001e5d0                CI2CMaster::~CI2CMaster()
                0x000000000001e5d0                CI2CMaster::~CI2CMaster()
                0x000000000001e63c                CI2CMaster::Initialize()
                0x000000000001e678                CI2CMaster::SetClock(unsigned int)
                0x000000000001e6d0                CI2CMaster::Read(unsigned char, void*, unsigned int)
                0x000000000001e8b0                CI2CMaster::Write(unsigned char, void const*, unsigned int)
 .text          0x000000000001ea44      0x5bc ../../lib/libcircle.a(koptions.o)
                0x000000000001eaa4                CKernelOptions::~CKernelOptions()
                0x000000000001eaa4                CKernelOptions::~CKernelOptions()
                0x000000000001eab8                CKernelOptions::GetWidth() const
                0x000000000001eac0                CKernelOptions::GetHeight() const
                0x000000000001eac8                CKernelOptions::GetLogDevice() const
                0x000000000001ead4                CKernelOptions::GetLogLevel() const
                0x000000000001eadc                CKernelOptions::GetKeyMap() const
                0x000000000001eae4                CKernelOptions::GetUSBPowerDelay() const
                0x000000000001eaec                CKernelOptions::GetUSBFullSpeed() const
                0x000000000001eaf4                CKernelOptions::GetSoundDevice() const
                0x000000000001eb00                CKernelOptions::GetSoundOption() const
                0x000000000001eb08                CKernelOptions::GetCPUSpeed() const
                0x000000000001eb10                CKernelOptions::GetSoCMaxTemp() const
                0x000000000001eb18                CKernelOptions::Get()
                0x000000000001eb28                CKernelOptions::GetToken()
                0x000000000001eba8                CKernelOptions::CKernelOptions()
                0x000000000001eba8                CKernelOptions::CKernelOptions()
                0x000000000001efa8                CKernelOptions::GetOptionValue(char*)
                0x000000000001efe0                CKernelOptions::GetDecimal(char*)
 .text          0x000000000001f000      0x7dc ../../lib/libcircle.a(logger.o)
                0x000000000001f000                CLogger::CLogger(unsigned int, CTimer*)
                0x000000000001f000                CLogger::CLogger(unsigned int, CTimer*)
                0x000000000001f064                CLogger::~CLogger()
                0x000000000001f064                CLogger::~CLogger()
                0x000000000001f0e0                CLogger::Initialize(CDevice*)
                0x000000000001f124                CLogger::SetNewTarget(CDevice*)
                0x000000000001f12c                CLogger::Write(char const*, TLogSeverity, char const*, ...)
                0x000000000001f15c                CLogger::WriteV(char const*, TLogSeverity, char const*, std::__va_list)
                0x000000000001f2f0                CLogger::WriteNoAlloc(char const*, TLogSeverity, char const*)
                0x000000000001f3d0                CLogger::Get()
                0x000000000001f3e0                CLogger::Write(char const*)
                0x000000000001f4a8                CLogger::Read(void*, unsigned int)
                0x000000000001f568                CLogger::WriteEvent(char const*, TLogSeverity, char const*)
                0x000000000001f6ec                CLogger::ReadEvent(TLogSeverity*, char*, char*, long*, unsigned int*, int*)
                0x000000000001f7cc                CLogger::RegisterEventNotificationHandler(void (*)())
                0x000000000001f7d4                CLogger::RegisterPanicHandler(void (*)())
 .text          0x000000000001f7dc      0x838 ../../lib/libcircle.a(machineinfo.o)
                0x000000000001f7dc                CMachineInfo::CMachineInfo()
                0x000000000001f7dc                CMachineInfo::CMachineInfo()
                0x000000000001fc34                CMachineInfo::~CMachineInfo()
                0x000000000001fc34                CMachineInfo::~CMachineInfo()
                0x000000000001fc50                CMachineInfo::GetMachineModel() const
                0x000000000001fc58                CMachineInfo::GetMachineName() const
                0x000000000001fc70                CMachineInfo::GetModelMajor() const
                0x000000000001fc78                CMachineInfo::GetModelRevision() const
                0x000000000001fc80                CMachineInfo::GetSoCType() const
                0x000000000001fc88                CMachineInfo::GetRAMSize() const
                0x000000000001fc90                CMachineInfo::GetSoCName() const
                0x000000000001fca8                CMachineInfo::GetRevisionRaw() const
                0x000000000001fcb0                CMachineInfo::GetActLEDInfo() const
                0x000000000001fcc8                CMachineInfo::GetClockRate(unsigned int) const
                0x000000000001fd94                CMachineInfo::GetGPIOPin(TGPIOVirtualPin) const
                0x000000000001fdf8                CMachineInfo::GetGPIOClockSourceRate(unsigned int)
                0x000000000001fe54                CMachineInfo::GetDevice(TDeviceId) const
                0x000000000001fe84                CMachineInfo::ArePWMChannelsSwapped() const
                0x000000000001fea0                CMachineInfo::AllocateDMAChannel(unsigned int)
                0x000000000001ff64                CMachineInfo::FreeDMAChannel(unsigned int)
                0x000000000001ffe8                CMachineInfo::Get()
 .text          0x0000000000020014      0x44c ../../lib/libcircle.a(ptrlist.o)
                0x0000000000020014                CPtrList::CPtrList()
                0x0000000000020014                CPtrList::CPtrList()
                0x0000000000020020                CPtrList::~CPtrList()
                0x0000000000020020                CPtrList::~CPtrList()
                0x0000000000020048                CPtrList::GetFirst()
                0x0000000000020050                CPtrList::GetNext(TPtrListElement*)
                0x00000000000200a8                CPtrList::GetPtr(TPtrListElement*)
                0x0000000000020100                CPtrList::InsertBefore(TPtrListElement*, void*)
                0x00000000000201f0                CPtrList::InsertAfter(TPtrListElement*, void*)
                0x00000000000202e0                CPtrList::Remove(TPtrListElement*)
                0x0000000000020408                CPtrList::Find(void*)
 .text          0x0000000000020460     0x124c ../../lib/libcircle.a(screen.o)
                0x0000000000020460                CScreenDevice::CScreenDevice(unsigned int, unsigned int, bool)
                0x0000000000020460                CScreenDevice::CScreenDevice(unsigned int, unsigned int, bool)
                0x0000000000020508                CScreenDevice::~CScreenDevice()
                0x0000000000020508                CScreenDevice::~CScreenDevice()
                0x0000000000020588                CScreenDevice::~CScreenDevice()
                0x00000000000205a8                CScreenDevice::Initialize()
                0x0000000000020728                CScreenDevice::GetWidth() const
                0x0000000000020730                CScreenDevice::GetHeight() const
                0x0000000000020738                CScreenDevice::GetColumns() const
                0x0000000000020750                CScreenDevice::GetRows() const
                0x0000000000020768                CScreenDevice::GetFrameBuffer()
                0x0000000000020770                CScreenDevice::GetStatus()
                0x00000000000207e0                CScreenDevice::SetStatus(TScreenStatus const&)
                0x00000000000208e4                CScreenDevice::Write(void const*, unsigned int)
                0x0000000000020998                CScreenDevice::Write(char)
                0x0000000000020e90                CScreenDevice::CarriageReturn()
                0x0000000000020e9c                CScreenDevice::ClearDisplayEnd()
                0x0000000000020f1c                CScreenDevice::ClearLineEnd()
                0x0000000000020f64                CScreenDevice::CursorDown()
                0x0000000000020fb0                CScreenDevice::CursorHome()
                0x0000000000020fc0                CScreenDevice::CursorLeft()
                0x0000000000021030                CScreenDevice::CursorMove(unsigned int, unsigned int)
                0x0000000000021094                CScreenDevice::CursorRight()
                0x00000000000210d0                CScreenDevice::CursorUp()
                0x0000000000021100                CScreenDevice::DeleteChars(unsigned int)
                0x0000000000021104                CScreenDevice::DeleteLines(unsigned int)
                0x0000000000021108                CScreenDevice::DisplayChar(char)
                0x0000000000021144                CScreenDevice::EraseChars(unsigned int)
                0x0000000000021150                CScreenDevice::InsertLines(unsigned int)
                0x0000000000021154                CScreenDevice::InsertMode(bool)
                0x000000000002115c                CScreenDevice::NewLine()
                0x0000000000021168                CScreenDevice::ReverseScroll()
                0x000000000002116c                CScreenDevice::SetCursorMode(bool)
                0x0000000000021174                CScreenDevice::SetScrollRegion(unsigned int, unsigned int)
                0x00000000000211f8                CScreenDevice::SetStandoutMode(unsigned int)
                0x0000000000021298                CScreenDevice::Tabulator()
                0x00000000000212e0                CScreenDevice::Scroll()
                0x00000000000213b0                CScreenDevice::DisplayChar(char, unsigned int, unsigned int, unsigned short)
                0x0000000000021458                CScreenDevice::EraseChar(unsigned int, unsigned int)
                0x00000000000214dc                CScreenDevice::InvertCursor()
                0x00000000000214ec                CScreenDevice::SetPixel(unsigned int, unsigned int, unsigned short)
                0x0000000000021518                CScreenDevice::GetPixel(unsigned int, unsigned int)
                0x0000000000021550                CScreenDevice::Rotor(unsigned int, unsigned int)
 .text          0x00000000000216ac      0xe38 ../../lib/libcircle.a(serial.o)
                0x00000000000216ac                CSerialDevice::CSerialDevice(CInterruptSystem*, bool, unsigned int)
                0x00000000000216ac                CSerialDevice::CSerialDevice(CInterruptSystem*, bool, unsigned int)
                0x00000000000218b8                CSerialDevice::~CSerialDevice()
                0x00000000000218b8                CSerialDevice::~CSerialDevice()
                0x00000000000219ec                CSerialDevice::~CSerialDevice()
                0x0000000000021a0c                CSerialDevice::Initialize(unsigned int)
                0x0000000000021c30                CSerialDevice::Write(void const*, unsigned int)
                0x0000000000021dd0                CSerialDevice::Read(void*, unsigned int)
                0x0000000000021f4c                CSerialDevice::GetOptions() const
                0x0000000000021f58                CSerialDevice::SetOptions(unsigned int)
                0x0000000000021f64                CSerialDevice::RegisterMagicReceivedHandler(char const*, void (*)())
                0x0000000000022004                CSerialDevice::AvailableForWrite()
                0x00000000000220a0                CSerialDevice::AvailableForRead()
                0x0000000000022140                CSerialDevice::Peek()
                0x00000000000221fc                CSerialDevice::Flush()
                0x0000000000022214                CSerialDevice::Write(unsigned char)
                0x00000000000222e4                CSerialDevice::InterruptHandler()
                0x00000000000224a4                CSerialDevice::InterruptStub(void*)
 *fill*         0x00000000000224e4        0x4 
 .text          0x00000000000224e8     0x156c ../../lib/libcircle.a(string.o)
                0x00000000000224e8                CString::~CString()
                0x00000000000224e8                CString::~CString()
                0x0000000000022514                CString::~CString()
                0x00000000000225b4                CString::CString()
                0x00000000000225b4                CString::CString()
                0x00000000000225cc                CString::CString(char const*)
                0x00000000000225cc                CString::CString(char const*)
                0x000000000002260c                CString::operator char const*() const
                0x0000000000022624                CString::operator=(char const*)
                0x0000000000022668                CString::operator=(CString const&)
                0x00000000000226c4                CString::GetLength() const
                0x00000000000226d4                CString::Append(char const*)
                0x0000000000022758                CString::Compare(char const*) const
                0x0000000000022760                CString::Find(char) const
                0x0000000000022794                CString::PutChar(char, unsigned int)
                0x00000000000227d4                CString::PutString(char const*)
                0x0000000000022818                CString::Replace(char const*, char const*)
                0x0000000000022994                CString::ReserveSpace(unsigned int)
                0x00000000000229a0                CString::ntoa(char*, unsigned long, unsigned int, bool)
                0x0000000000022a24                CString::lltoa(char*, unsigned long long, unsigned int, bool)
                0x0000000000022b84                CString::ftoa(char*, double, unsigned int)
                0x0000000000022dd0                CString::FormatV(char const*, std::__va_list)
                0x0000000000023a28                CString::Format(char const*, ...)
 .text          0x0000000000023a54      0x148 ../../lib/libcircle.a(sysinit.o)
                0x0000000000023a54                __aeabi_atexit
                0x0000000000023a58                __sync_synchronize
                0x0000000000023a60                set_qemu_exit_status
                0x0000000000023a70                halt
                0x0000000000023a84                reboot
                0x0000000000023acc                sysinit